000 (15432184.000.000) 07/29 11:26:50 Job submitted from host: <137.138.44.75:9618?addrs=137.138.44.75-9618+[2001-1458-d00-1a--b]-9618&alias=bigbird14.cern.ch&noUDP&sock=schedd_5425_ad5f>
...
000 (15432184.001.000) 07/29 11:26:50 Job submitted from host: <137.138.44.75:9618?addrs=137.138.44.75-9618+[2001-1458-d00-1a--b]-9618&alias=bigbird14.cern.ch&noUDP&sock=schedd_5425_ad5f>
...
000 (15432184.002.000) 07/29 11:26:50 Job submitted from host: <137.138.44.75:9618?addrs=137.138.44.75-9618+[2001-1458-d00-1a--b]-9618&alias=bigbird14.cern.ch&noUDP&sock=schedd_5425_ad5f>
...
000 (15432184.003.000) 07/29 11:26:50 Job submitted from host: <137.138.44.75:9618?addrs=137.138.44.75-9618+[2001-1458-d00-1a--b]-9618&alias=bigbird14.cern.ch&noUDP&sock=schedd_5425_ad5f>
...
000 (15432184.004.000) 07/29 11:26:50 Job submitted from host: <137.138.44.75:9618?addrs=137.138.44.75-9618+[2001-1458-d00-1a--b]-9618&alias=bigbird14.cern.ch&noUDP&sock=schedd_5425_ad5f>
...
000 (15432184.005.000) 07/29 11:26:50 Job submitted from host: <137.138.44.75:9618?addrs=137.138.44.75-9618+[2001-1458-d00-1a--b]-9618&alias=bigbird14.cern.ch&noUDP&sock=schedd_5425_ad5f>
...
000 (15432184.006.000) 07/29 11:26:50 Job submitted from host: <137.138.44.75:9618?addrs=137.138.44.75-9618+[2001-1458-d00-1a--b]-9618&alias=bigbird14.cern.ch&noUDP&sock=schedd_5425_ad5f>
...
000 (15432184.007.000) 07/29 11:26:50 Job submitted from host: <137.138.44.75:9618?addrs=137.138.44.75-9618+[2001-1458-d00-1a--b]-9618&alias=bigbird14.cern.ch&noUDP&sock=schedd_5425_ad5f>
...
000 (15432184.008.000) 07/29 11:26:50 Job submitted from host: <137.138.44.75:9618?addrs=137.138.44.75-9618+[2001-1458-d00-1a--b]-9618&alias=bigbird14.cern.ch&noUDP&sock=schedd_5425_ad5f>
...
000 (15432184.009.000) 07/29 11:26:50 Job submitted from host: <137.138.44.75:9618?addrs=137.138.44.75-9618+[2001-1458-d00-1a--b]-9618&alias=bigbird14.cern.ch&noUDP&sock=schedd_5425_ad5f>
...
000 (15432184.010.000) 07/29 11:26:50 Job submitted from host: <137.138.44.75:9618?addrs=137.138.44.75-9618+[2001-1458-d00-1a--b]-9618&alias=bigbird14.cern.ch&noUDP&sock=schedd_5425_ad5f>
...
000 (15432184.011.000) 07/29 11:26:50 Job submitted from host: <137.138.44.75:9618?addrs=137.138.44.75-9618+[2001-1458-d00-1a--b]-9618&alias=bigbird14.cern.ch&noUDP&sock=schedd_5425_ad5f>
...
000 (15432184.012.000) 07/29 11:26:50 Job submitted from host: <137.138.44.75:9618?addrs=137.138.44.75-9618+[2001-1458-d00-1a--b]-9618&alias=bigbird14.cern.ch&noUDP&sock=schedd_5425_ad5f>
...
000 (15432184.013.000) 07/29 11:26:50 Job submitted from host: <137.138.44.75:9618?addrs=137.138.44.75-9618+[2001-1458-d00-1a--b]-9618&alias=bigbird14.cern.ch&noUDP&sock=schedd_5425_ad5f>
...
000 (15432184.014.000) 07/29 11:26:50 Job submitted from host: <137.138.44.75:9618?addrs=137.138.44.75-9618+[2001-1458-d00-1a--b]-9618&alias=bigbird14.cern.ch&noUDP&sock=schedd_5425_ad5f>
...
000 (15432184.015.000) 07/29 11:26:50 Job submitted from host: <137.138.44.75:9618?addrs=137.138.44.75-9618+[2001-1458-d00-1a--b]-9618&alias=bigbird14.cern.ch&noUDP&sock=schedd_5425_ad5f>
...
000 (15432184.016.000) 07/29 11:26:50 Job submitted from host: <137.138.44.75:9618?addrs=137.138.44.75-9618+[2001-1458-d00-1a--b]-9618&alias=bigbird14.cern.ch&noUDP&sock=schedd_5425_ad5f>
...
000 (15432184.017.000) 07/29 11:26:50 Job submitted from host: <137.138.44.75:9618?addrs=137.138.44.75-9618+[2001-1458-d00-1a--b]-9618&alias=bigbird14.cern.ch&noUDP&sock=schedd_5425_ad5f>
...
000 (15432184.018.000) 07/29 11:26:50 Job submitted from host: <137.138.44.75:9618?addrs=137.138.44.75-9618+[2001-1458-d00-1a--b]-9618&alias=bigbird14.cern.ch&noUDP&sock=schedd_5425_ad5f>
...
000 (15432184.019.000) 07/29 11:26:50 Job submitted from host: <137.138.44.75:9618?addrs=137.138.44.75-9618+[2001-1458-d00-1a--b]-9618&alias=bigbird14.cern.ch&noUDP&sock=schedd_5425_ad5f>
...
040 (15432184.000.000) 07/29 11:48:19 Started transferring input files
	Transferring to host: <188.185.210.73:9618?addrs=188.185.210.73-9618+[2001-1458-303-1--100-45]-9618&alias=b9p21p2522.cern.ch&noUDP&sock=slot1_9_7234_c1df_61879>
...
040 (15432184.000.000) 07/29 11:48:19 Finished transferring input files
...
001 (15432184.000.000) 07/29 11:48:19 Job executing on host: <188.185.210.73:9618?addrs=188.185.210.73-9618+[2001-1458-303-1--100-45]-9618&alias=b9p21p2522.cern.ch&noUDP&sock=startd_6464_5846>
	SlotName: slot1_9@b9p21p2522.cern.ch
	CondorScratchDir = "/pool/condor/dir_3324591"
	Cpus = 1
	Disk = 3787
	GPUs = 0
	Memory = 3000
...
040 (15432184.001.000) 07/29 11:48:19 Started transferring input files
	Transferring to host: <188.185.207.42:9618?addrs=188.185.207.42-9618+[2001-1458-303-d--100-27]-9618&alias=b9p07p6544.cern.ch&noUDP&sock=slot1_12_9146_ef2d_50093>
...
040 (15432184.001.000) 07/29 11:48:19 Finished transferring input files
...
001 (15432184.001.000) 07/29 11:48:19 Job executing on host: <188.185.207.42:9618?addrs=188.185.207.42-9618+[2001-1458-303-d--100-27]-9618&alias=b9p07p6544.cern.ch&noUDP&sock=startd_8198_b97f>
	SlotName: slot1_12@b9p07p6544.cern.ch
	CondorScratchDir = "/pool/condor/dir_3835559"
	Cpus = 1
	Disk = 3587
	GPUs = 0
	Memory = 3000
...
040 (15432184.003.000) 07/29 11:48:20 Started transferring input files
	Transferring to host: <128.142.130.169:9618?addrs=128.142.130.169-9618+[2001-1458-301-58--100-9d]-9618&alias=b9g20p3613.cern.ch&noUDP&sock=slot1_16_82090_94c3_73603>
...
001 (15432184.003.000) 07/29 11:48:20 Job executing on host: <128.142.130.169:9618?addrs=128.142.130.169-9618+[2001-1458-301-58--100-9d]-9618&alias=b9g20p3613.cern.ch&noUDP&sock=startd_2439_8794>
	SlotName: slot1_16@b9g20p3613.cern.ch
	CondorScratchDir = "/pool/condor/dir_343441"
	Cpus = 1
	Disk = 2612
	GPUs = 0
	Memory = 3000
...
040 (15432184.003.000) 07/29 11:48:20 Finished transferring input files
...
040 (15432184.002.000) 07/29 11:48:20 Started transferring input files
	Transferring to host: <128.142.130.42:9618?addrs=128.142.130.42-9618+[2001-1458-301-58--100-1e]-9618&alias=b9g20p1909.cern.ch&noUDP&sock=slot1_15_2967_4512_90567>
...
001 (15432184.002.000) 07/29 11:48:20 Job executing on host: <128.142.130.42:9618?addrs=128.142.130.42-9618+[2001-1458-301-58--100-1e]-9618&alias=b9g20p1909.cern.ch&noUDP&sock=startd_2474_8965>
	SlotName: slot1_15@b9g20p1909.cern.ch
	CondorScratchDir = "/pool/condor/dir_3738053"
	Cpus = 1
	Disk = 2724
	GPUs = 0
	Memory = 3000
...
040 (15432184.002.000) 07/29 11:48:20 Finished transferring input files
...
040 (15432184.008.000) 07/29 11:48:21 Started transferring input files
	Transferring to host: <188.185.192.50:9618?addrs=188.185.192.50-9618+[2001-1458-303-1f--100-2e]-9618&alias=b9p13p1639.cern.ch&noUDP&sock=slot1_12_8805_ab3f_60780>
...
040 (15432184.008.000) 07/29 11:48:21 Finished transferring input files
...
001 (15432184.008.000) 07/29 11:48:21 Job executing on host: <188.185.192.50:9618?addrs=188.185.192.50-9618+[2001-1458-303-1f--100-2e]-9618&alias=b9p13p1639.cern.ch&noUDP&sock=startd_8718_66be>
	SlotName: slot1_12@b9p13p1639.cern.ch
	CondorScratchDir = "/pool/condor/dir_735610"
	Cpus = 1
	Disk = 3839
	GPUs = 0
	Memory = 3000
...
040 (15432184.007.000) 07/29 11:48:22 Started transferring input files
	Transferring to host: <188.185.209.201:9618?addrs=188.185.209.201-9618+[2001-1458-303-12--100-46]-9618&alias=b9p12p4232.cern.ch&noUDP&sock=slot1_8_8933_db44_52664>
...
001 (15432184.007.000) 07/29 11:48:22 Job executing on host: <188.185.209.201:9618?addrs=188.185.209.201-9618+[2001-1458-303-12--100-46]-9618&alias=b9p12p4232.cern.ch&noUDP&sock=startd_7614_2630>
	SlotName: slot1_8@b9p12p4232.cern.ch
	CondorScratchDir = "/pool/condor/dir_844548"
	Cpus = 1
	Disk = 3623
	GPUs = 0
	Memory = 3000
...
040 (15432184.007.000) 07/29 11:48:22 Finished transferring input files
...
040 (15432184.009.000) 07/29 11:48:22 Started transferring input files
	Transferring to host: <188.185.213.143:9618?addrs=188.185.213.143-9618+[2001-1458-303-1b--100-b]-9618&alias=b9p28p9446.cern.ch&noUDP&sock=slot1_16_7894_c97a_61758>
...
040 (15432184.009.000) 07/29 11:48:22 Finished transferring input files
...
001 (15432184.009.000) 07/29 11:48:22 Job executing on host: <188.185.213.143:9618?addrs=188.185.213.143-9618+[2001-1458-303-1b--100-b]-9618&alias=b9p28p9446.cern.ch&noUDP&sock=startd_6933_0a31>
	SlotName: slot1_16@b9p28p9446.cern.ch
	CondorScratchDir = "/pool/condor/dir_795671"
	Cpus = 1
	Disk = 3777
	GPUs = 0
	Memory = 3000
...
040 (15432184.012.000) 07/29 11:48:22 Started transferring input files
	Transferring to host: <188.185.213.180:9618?addrs=188.185.213.180-9618+[2001-1458-303-1b--100-30]-9618&alias=b9p28p7628.cern.ch&noUDP&sock=slot1_20_1582369_dbb4_52795>
...
001 (15432184.012.000) 07/29 11:48:22 Job executing on host: <188.185.213.180:9618?addrs=188.185.213.180-9618+[2001-1458-303-1b--100-30]-9618&alias=b9p28p7628.cern.ch&noUDP&sock=startd_1582285_7aca>
	SlotName: slot1_20@b9p28p7628.cern.ch
	CondorScratchDir = "/pool/condor/dir_987302"
	Cpus = 1
	Disk = 3795
	GPUs = 0
	Memory = 3000
...
040 (15432184.012.000) 07/29 11:48:22 Finished transferring input files
...
040 (15432184.014.000) 07/29 11:48:23 Started transferring input files
	Transferring to host: <188.185.211.171:9618?addrs=188.185.211.171-9618+[2001-1458-303-17--100-27]-9618&alias=b9p24p0247.cern.ch&noUDP&sock=slot1_11_7857_b799_63300>
...
040 (15432184.013.000) 07/29 11:48:23 Started transferring input files
	Transferring to host: <188.185.212.215:9618?addrs=188.185.212.215-9618+[2001-1458-303-19--100-53]-9618&alias=b9p26p5558.cern.ch&noUDP&sock=slot1_32_8280_c24a_59156>
...
001 (15432184.014.000) 07/29 11:48:23 Job executing on host: <188.185.211.171:9618?addrs=188.185.211.171-9618+[2001-1458-303-17--100-27]-9618&alias=b9p24p0247.cern.ch&noUDP&sock=startd_6828_04bf>
	SlotName: slot1_11@b9p24p0247.cern.ch
	CondorScratchDir = "/pool/condor/dir_3411888"
	Cpus = 1
	Disk = 3908
	GPUs = 0
	Memory = 3000
...
040 (15432184.014.000) 07/29 11:48:23 Finished transferring input files
...
001 (15432184.013.000) 07/29 11:48:23 Job executing on host: <188.185.212.215:9618?addrs=188.185.212.215-9618+[2001-1458-303-19--100-53]-9618&alias=b9p26p5558.cern.ch&noUDP&sock=startd_7791_8e73>
	SlotName: slot1_32@b9p26p5558.cern.ch
	CondorScratchDir = "/pool/condor/dir_2191125"
	Cpus = 1
	Disk = 3777
	GPUs = 0
	Memory = 3000
...
040 (15432184.013.000) 07/29 11:48:23 Finished transferring input files
...
040 (15432184.011.000) 07/29 11:48:23 Started transferring input files
	Transferring to host: <188.185.210.21:9618?addrs=188.185.210.21-9618+[2001-1458-303-1--100-11]-9618&alias=b9p21p5841.cern.ch&noUDP&sock=slot1_4_8951_8a05_72642>
...
040 (15432184.011.000) 07/29 11:48:23 Finished transferring input files
...
001 (15432184.011.000) 07/29 11:48:23 Job executing on host: <188.185.210.21:9618?addrs=188.185.210.21-9618+[2001-1458-303-1--100-11]-9618&alias=b9p21p5841.cern.ch&noUDP&sock=startd_8609_a2eb>
	SlotName: slot1_4@b9p21p5841.cern.ch
	CondorScratchDir = "/pool/condor/dir_2096924"
	Cpus = 1
	Disk = 3783
	GPUs = 0
	Memory = 3000
...
040 (15432184.018.000) 07/29 11:48:24 Started transferring input files
	Transferring to host: <188.185.215.17:9618?addrs=188.185.215.17-9618+[2001-1458-303-1e--100-d]-9618&alias=b9p31p1537.cern.ch&noUDP&sock=slot1_49_8280_c24a_61623>
...
040 (15432184.017.000) 07/29 11:48:24 Started transferring input files
	Transferring to host: <188.185.211.184:9618?addrs=188.185.211.184-9618+[2001-1458-303-17--100-34]-9618&alias=b9p24p6475.cern.ch&noUDP&sock=slot1_30_8262_1389_61514>
...
040 (15432184.018.000) 07/29 11:48:24 Finished transferring input files
...
040 (15432184.017.000) 07/29 11:48:24 Finished transferring input files
...
001 (15432184.017.000) 07/29 11:48:24 Job executing on host: <188.185.211.184:9618?addrs=188.185.211.184-9618+[2001-1458-303-17--100-34]-9618&alias=b9p24p6475.cern.ch&noUDP&sock=startd_7619_9429>
	SlotName: slot1_30@b9p24p6475.cern.ch
	CondorScratchDir = "/pool/condor/dir_2614096"
	Cpus = 1
	Disk = 3861
	GPUs = 0
	Memory = 3000
...
001 (15432184.018.000) 07/29 11:48:24 Job executing on host: <188.185.215.17:9618?addrs=188.185.215.17-9618+[2001-1458-303-1e--100-d]-9618&alias=b9p31p1537.cern.ch&noUDP&sock=startd_7557_0d4a>
	SlotName: slot1_49@b9p31p1537.cern.ch
	CondorScratchDir = "/pool/condor/dir_819214"
	Cpus = 1
	Disk = 3731
	GPUs = 0
	Memory = 3000
...
040 (15432184.015.000) 07/29 11:48:25 Started transferring input files
	Transferring to host: <188.185.215.39:9618?addrs=188.185.215.39-9618+[2001-1458-303-1e--100-23]-9618&alias=b9p31p4711.cern.ch&noUDP&sock=slot1_40_427669_3fc8_44633>
...
001 (15432184.015.000) 07/29 11:48:25 Job executing on host: <188.185.215.39:9618?addrs=188.185.215.39-9618+[2001-1458-303-1e--100-23]-9618&alias=b9p31p4711.cern.ch&noUDP&sock=startd_427616_963f>
	SlotName: slot1_40@b9p31p4711.cern.ch
	CondorScratchDir = "/pool/condor/dir_1567475"
	Cpus = 1
	Disk = 3752
	GPUs = 0
	Memory = 3000
...
040 (15432184.015.000) 07/29 11:48:25 Finished transferring input files
...
040 (15432184.016.000) 07/29 11:48:25 Started transferring input files
	Transferring to host: <188.185.212.167:9618?addrs=188.185.212.167-9618+[2001-1458-303-19--100-23]-9618&alias=b9p26p9767.cern.ch&noUDP&sock=slot1_23_6848_c910_63539>
...
001 (15432184.016.000) 07/29 11:48:25 Job executing on host: <188.185.212.167:9618?addrs=188.185.212.167-9618+[2001-1458-303-19--100-23]-9618&alias=b9p26p9767.cern.ch&noUDP&sock=startd_6432_653e>
	SlotName: slot1_23@b9p26p9767.cern.ch
	CondorScratchDir = "/pool/condor/dir_3908351"
	Cpus = 1
	Disk = 3733
	GPUs = 0
	Memory = 3000
...
040 (15432184.016.000) 07/29 11:48:25 Finished transferring input files
...
040 (15432184.019.000) 07/29 11:48:25 Started transferring input files
	Transferring to host: <188.185.212.195:9618?addrs=188.185.212.195-9618+[2001-1458-303-19--100-3f]-9618&alias=b9p26p4078.cern.ch&noUDP&sock=slot1_45_8320_f14b_61541>
...
040 (15432184.019.000) 07/29 11:48:25 Finished transferring input files
...
001 (15432184.019.000) 07/29 11:48:25 Job executing on host: <188.185.212.195:9618?addrs=188.185.212.195-9618+[2001-1458-303-19--100-3f]-9618&alias=b9p26p4078.cern.ch&noUDP&sock=startd_7830_4ea4>
	SlotName: slot1_45@b9p26p4078.cern.ch
	CondorScratchDir = "/pool/condor/dir_4015443"
	Cpus = 1
	Disk = 3786
	GPUs = 0
	Memory = 3000
...
040 (15432184.004.000) 07/29 11:48:26 Started transferring input files
	Transferring to host: <128.142.130.94:9618?addrs=128.142.130.94-9618+[2001-1458-301-58--100-52]-9618&alias=b9g20p8616.cern.ch&noUDP&sock=slot1_31_2521810_074e_70874>
...
040 (15432184.004.000) 07/29 11:48:26 Finished transferring input files
...
001 (15432184.004.000) 07/29 11:48:26 Job executing on host: <128.142.130.94:9618?addrs=128.142.130.94-9618+[2001-1458-301-58--100-52]-9618&alias=b9g20p8616.cern.ch&noUDP&sock=startd_2521760_2ffe>
	SlotName: slot1_31@b9g20p8616.cern.ch
	CondorScratchDir = "/pool/condor/dir_242226"
	Cpus = 1
	Disk = 2566
	GPUs = 0
	Memory = 3000
...
006 (15432184.000.000) 07/29 11:48:28 Image size of job updated: 182548
	179  -  MemoryUsage of job (MB)
	182548  -  ResidentSetSize of job (KB)
...
006 (15432184.009.000) 07/29 11:48:30 Image size of job updated: 241080
	236  -  MemoryUsage of job (MB)
	241080  -  ResidentSetSize of job (KB)
...
006 (15432184.012.000) 07/29 11:48:30 Image size of job updated: 285868
	280  -  MemoryUsage of job (MB)
	285868  -  ResidentSetSize of job (KB)
...
006 (15432184.014.000) 07/29 11:48:31 Image size of job updated: 361652
	354  -  MemoryUsage of job (MB)
	361652  -  ResidentSetSize of job (KB)
...
006 (15432184.011.000) 07/29 11:48:31 Image size of job updated: 189224
	185  -  MemoryUsage of job (MB)
	189224  -  ResidentSetSize of job (KB)
...
040 (15432184.005.000) 07/29 11:48:31 Started transferring input files
	Transferring to host: <188.185.214.85:9618?addrs=188.185.214.85-9618+[2001-1458-303-1c--100-51]-9618&alias=b9p29p3373.cern.ch&noUDP&sock=slot1_1_7799_d9d6_63379>
...
040 (15432184.005.000) 07/29 11:48:31 Finished transferring input files
...
001 (15432184.005.000) 07/29 11:48:31 Job executing on host: <188.185.214.85:9618?addrs=188.185.214.85-9618+[2001-1458-303-1c--100-51]-9618&alias=b9p29p3373.cern.ch&noUDP&sock=startd_6730_cc77>
	SlotName: slot1_1@b9p29p3373.cern.ch
	CondorScratchDir = "/pool/condor/dir_840952"
	Cpus = 1
	Disk = 3764
	GPUs = 0
	Memory = 3000
...
006 (15432184.015.000) 07/29 11:48:33 Image size of job updated: 82304
	81  -  MemoryUsage of job (MB)
	82304  -  ResidentSetSize of job (KB)
...
006 (15432184.017.000) 07/29 11:48:33 Image size of job updated: 319284
	312  -  MemoryUsage of job (MB)
	319284  -  ResidentSetSize of job (KB)
...
006 (15432184.018.000) 07/29 11:48:33 Image size of job updated: 245136
	240  -  MemoryUsage of job (MB)
	245136  -  ResidentSetSize of job (KB)
...
006 (15432184.001.000) 07/29 11:48:33 Image size of job updated: 34248
	8  -  MemoryUsage of job (MB)
	8144  -  ResidentSetSize of job (KB)
...
006 (15432184.003.000) 07/29 11:48:34 Image size of job updated: 1388
	2  -  MemoryUsage of job (MB)
	1388  -  ResidentSetSize of job (KB)
...
006 (15432184.002.000) 07/29 11:48:34 Image size of job updated: 84024
	83  -  MemoryUsage of job (MB)
	84024  -  ResidentSetSize of job (KB)
...
006 (15432184.007.000) 07/29 11:48:35 Image size of job updated: 25128
	25  -  MemoryUsage of job (MB)
	25128  -  ResidentSetSize of job (KB)
...
006 (15432184.004.000) 07/29 11:48:35 Image size of job updated: 308204
	301  -  MemoryUsage of job (MB)
	308204  -  ResidentSetSize of job (KB)
...
006 (15432184.008.000) 07/29 11:48:35 Image size of job updated: 45340
	45  -  MemoryUsage of job (MB)
	45340  -  ResidentSetSize of job (KB)
...
006 (15432184.013.000) 07/29 11:48:36 Image size of job updated: 47376
	47  -  MemoryUsage of job (MB)
	47376  -  ResidentSetSize of job (KB)
...
006 (15432184.016.000) 07/29 11:48:39 Image size of job updated: 91596
	90  -  MemoryUsage of job (MB)
	91596  -  ResidentSetSize of job (KB)
...
006 (15432184.019.000) 07/29 11:48:39 Image size of job updated: 16096
	16  -  MemoryUsage of job (MB)
	16096  -  ResidentSetSize of job (KB)
...
006 (15432184.005.000) 07/29 11:48:40 Image size of job updated: 96212
	94  -  MemoryUsage of job (MB)
	96212  -  ResidentSetSize of job (KB)
...
040 (15432184.006.000) 07/29 11:48:57 Started transferring input files
	Transferring to host: <188.185.209.201:9618?addrs=188.185.209.201-9618+[2001-1458-303-12--100-46]-9618&alias=b9p12p4232.cern.ch&noUDP&sock=slot1_13_8933_db44_52665>
...
040 (15432184.006.000) 07/29 11:48:57 Finished transferring input files
...
001 (15432184.006.000) 07/29 11:48:57 Job executing on host: <188.185.209.201:9618?addrs=188.185.209.201-9618+[2001-1458-303-12--100-46]-9618&alias=b9p12p4232.cern.ch&noUDP&sock=startd_7614_2630>
	SlotName: slot1_13@b9p12p4232.cern.ch
	CondorScratchDir = "/pool/condor/dir_846731"
	Cpus = 1
	Disk = 3623
	GPUs = 0
	Memory = 3000
...
040 (15432184.010.000) 07/29 11:48:58 Started transferring input files
	Transferring to host: <188.185.210.21:9618?addrs=188.185.210.21-9618+[2001-1458-303-1--100-11]-9618&alias=b9p21p5841.cern.ch&noUDP&sock=slot1_29_8951_8a05_72644>
...
040 (15432184.010.000) 07/29 11:48:58 Finished transferring input files
...
001 (15432184.010.000) 07/29 11:48:58 Job executing on host: <188.185.210.21:9618?addrs=188.185.210.21-9618+[2001-1458-303-1--100-11]-9618&alias=b9p21p5841.cern.ch&noUDP&sock=startd_8609_a2eb>
	SlotName: slot1_29@b9p21p5841.cern.ch
	CondorScratchDir = "/pool/condor/dir_2099563"
	Cpus = 1
	Disk = 3783
	GPUs = 0
	Memory = 3000
...
006 (15432184.010.000) 07/29 11:49:06 Image size of job updated: 173144
	170  -  MemoryUsage of job (MB)
	173144  -  ResidentSetSize of job (KB)
...
006 (15432184.006.000) 07/29 11:49:10 Image size of job updated: 170672
	167  -  MemoryUsage of job (MB)
	170672  -  ResidentSetSize of job (KB)
...
006 (15432184.000.000) 07/29 11:53:30 Image size of job updated: 676884
	662  -  MemoryUsage of job (MB)
	676884  -  ResidentSetSize of job (KB)
...
006 (15432184.009.000) 07/29 11:53:30 Image size of job updated: 696896
	681  -  MemoryUsage of job (MB)
	696896  -  ResidentSetSize of job (KB)
...
006 (15432184.012.000) 07/29 11:53:30 Image size of job updated: 672388
	657  -  MemoryUsage of job (MB)
	672388  -  ResidentSetSize of job (KB)
...
006 (15432184.014.000) 07/29 11:53:31 Image size of job updated: 361652
	356  -  MemoryUsage of job (MB)
	363700  -  ResidentSetSize of job (KB)
...
006 (15432184.011.000) 07/29 11:53:31 Image size of job updated: 632284
	618  -  MemoryUsage of job (MB)
	632284  -  ResidentSetSize of job (KB)
...
006 (15432184.015.000) 07/29 11:53:33 Image size of job updated: 655188
	640  -  MemoryUsage of job (MB)
	655188  -  ResidentSetSize of job (KB)
...
006 (15432184.001.000) 07/29 11:53:34 Image size of job updated: 768700
	249  -  MemoryUsage of job (MB)
	254872  -  ResidentSetSize of job (KB)
...
006 (15432184.017.000) 07/29 11:53:34 Image size of job updated: 681484
	666  -  MemoryUsage of job (MB)
	681484  -  ResidentSetSize of job (KB)
...
006 (15432184.018.000) 07/29 11:53:34 Image size of job updated: 656260
	641  -  MemoryUsage of job (MB)
	656260  -  ResidentSetSize of job (KB)
...
006 (15432184.003.000) 07/29 11:53:35 Image size of job updated: 761592
	671  -  MemoryUsage of job (MB)
	686400  -  ResidentSetSize of job (KB)
...
006 (15432184.002.000) 07/29 11:53:35 Image size of job updated: 769116
	678  -  MemoryUsage of job (MB)
	694228  -  ResidentSetSize of job (KB)
...
006 (15432184.007.000) 07/29 11:53:35 Image size of job updated: 770216
	264  -  MemoryUsage of job (MB)
	270048  -  ResidentSetSize of job (KB)
...
006 (15432184.004.000) 07/29 11:53:36 Image size of job updated: 618544
	605  -  MemoryUsage of job (MB)
	618544  -  ResidentSetSize of job (KB)
...
006 (15432184.008.000) 07/29 11:53:36 Image size of job updated: 763072
	264  -  MemoryUsage of job (MB)
	269748  -  ResidentSetSize of job (KB)
...
006 (15432184.013.000) 07/29 11:53:36 Image size of job updated: 765544
	275  -  MemoryUsage of job (MB)
	280780  -  ResidentSetSize of job (KB)
...
006 (15432184.019.000) 07/29 11:53:40 Image size of job updated: 768640
	291  -  MemoryUsage of job (MB)
	297108  -  ResidentSetSize of job (KB)
...
006 (15432184.005.000) 07/29 11:53:40 Image size of job updated: 666372
	651  -  MemoryUsage of job (MB)
	666372  -  ResidentSetSize of job (KB)
...
006 (15432184.016.000) 07/29 11:53:40 Image size of job updated: 762936
	281  -  MemoryUsage of job (MB)
	287116  -  ResidentSetSize of job (KB)
...
006 (15432184.010.000) 07/29 11:54:06 Image size of job updated: 317416
	310  -  MemoryUsage of job (MB)
	317416  -  ResidentSetSize of job (KB)
...
006 (15432184.006.000) 07/29 11:54:10 Image size of job updated: 766936
	271  -  MemoryUsage of job (MB)
	277468  -  ResidentSetSize of job (KB)
...
006 (15432184.000.000) 07/29 11:58:30 Image size of job updated: 719764
	703  -  MemoryUsage of job (MB)
	719764  -  ResidentSetSize of job (KB)
...
006 (15432184.009.000) 07/29 11:58:31 Image size of job updated: 744156
	727  -  MemoryUsage of job (MB)
	744156  -  ResidentSetSize of job (KB)
...
006 (15432184.012.000) 07/29 11:58:31 Image size of job updated: 719164
	703  -  MemoryUsage of job (MB)
	719164  -  ResidentSetSize of job (KB)
...
006 (15432184.011.000) 07/29 11:58:33 Image size of job updated: 679164
	664  -  MemoryUsage of job (MB)
	679164  -  ResidentSetSize of job (KB)
...
006 (15432184.001.000) 07/29 11:58:34 Image size of job updated: 768700
	295  -  MemoryUsage of job (MB)
	301512  -  ResidentSetSize of job (KB)
...
006 (15432184.015.000) 07/29 11:58:34 Image size of job updated: 701952
	686  -  MemoryUsage of job (MB)
	701952  -  ResidentSetSize of job (KB)
...
006 (15432184.017.000) 07/29 11:58:35 Image size of job updated: 728032
	711  -  MemoryUsage of job (MB)
	728032  -  ResidentSetSize of job (KB)
...
006 (15432184.018.000) 07/29 11:58:35 Image size of job updated: 702708
	687  -  MemoryUsage of job (MB)
	702708  -  ResidentSetSize of job (KB)
...
006 (15432184.007.000) 07/29 11:58:35 Image size of job updated: 770216
	309  -  MemoryUsage of job (MB)
	316132  -  ResidentSetSize of job (KB)
...
006 (15432184.004.000) 07/29 11:58:36 Image size of job updated: 665364
	650  -  MemoryUsage of job (MB)
	665364  -  ResidentSetSize of job (KB)
...
006 (15432184.008.000) 07/29 11:58:36 Image size of job updated: 763072
	309  -  MemoryUsage of job (MB)
	315832  -  ResidentSetSize of job (KB)
...
006 (15432184.013.000) 07/29 11:58:37 Image size of job updated: 765544
	320  -  MemoryUsage of job (MB)
	326908  -  ResidentSetSize of job (KB)
...
006 (15432184.019.000) 07/29 11:58:40 Image size of job updated: 768640
	335  -  MemoryUsage of job (MB)
	342992  -  ResidentSetSize of job (KB)
...
006 (15432184.005.000) 07/29 11:58:40 Image size of job updated: 712524
	696  -  MemoryUsage of job (MB)
	712524  -  ResidentSetSize of job (KB)
...
006 (15432184.016.000) 07/29 11:58:41 Image size of job updated: 762936
	325  -  MemoryUsage of job (MB)
	332500  -  ResidentSetSize of job (KB)
...
006 (15432184.010.000) 07/29 11:59:08 Image size of job updated: 359712
	352  -  MemoryUsage of job (MB)
	359712  -  ResidentSetSize of job (KB)
...
006 (15432184.006.000) 07/29 11:59:11 Image size of job updated: 766936
	312  -  MemoryUsage of job (MB)
	318592  -  ResidentSetSize of job (KB)
...
006 (15432184.000.000) 07/29 12:03:32 Image size of job updated: 742820
	726  -  MemoryUsage of job (MB)
	742820  -  ResidentSetSize of job (KB)
...
006 (15432184.012.000) 07/29 12:03:32 Image size of job updated: 741896
	725  -  MemoryUsage of job (MB)
	741896  -  ResidentSetSize of job (KB)
...
006 (15432184.009.000) 07/29 12:03:32 Image size of job updated: 766904
	749  -  MemoryUsage of job (MB)
	766904  -  ResidentSetSize of job (KB)
...
006 (15432184.014.000) 07/29 12:03:33 Image size of job updated: 383432
	375  -  MemoryUsage of job (MB)
	383432  -  ResidentSetSize of job (KB)
...
006 (15432184.011.000) 07/29 12:03:33 Image size of job updated: 701856
	686  -  MemoryUsage of job (MB)
	701856  -  ResidentSetSize of job (KB)
...
006 (15432184.015.000) 07/29 12:03:35 Image size of job updated: 725140
	709  -  MemoryUsage of job (MB)
	725140  -  ResidentSetSize of job (KB)
...
006 (15432184.017.000) 07/29 12:03:35 Image size of job updated: 751316
	734  -  MemoryUsage of job (MB)
	751316  -  ResidentSetSize of job (KB)
...
006 (15432184.018.000) 07/29 12:03:35 Image size of job updated: 725684
	709  -  MemoryUsage of job (MB)
	725684  -  ResidentSetSize of job (KB)
...
006 (15432184.001.000) 07/29 12:03:35 Image size of job updated: 768700
	318  -  MemoryUsage of job (MB)
	324712  -  ResidentSetSize of job (KB)
...
006 (15432184.007.000) 07/29 12:03:36 Image size of job updated: 770216
	331  -  MemoryUsage of job (MB)
	338780  -  ResidentSetSize of job (KB)
...
006 (15432184.004.000) 07/29 12:03:36 Image size of job updated: 688660
	673  -  MemoryUsage of job (MB)
	688660  -  ResidentSetSize of job (KB)
...
006 (15432184.013.000) 07/29 12:03:37 Image size of job updated: 765544
	342  -  MemoryUsage of job (MB)
	350092  -  ResidentSetSize of job (KB)
...
006 (15432184.008.000) 07/29 12:03:37 Image size of job updated: 763072
	331  -  MemoryUsage of job (MB)
	338496  -  ResidentSetSize of job (KB)
...
006 (15432184.019.000) 07/29 12:03:40 Image size of job updated: 768640
	358  -  MemoryUsage of job (MB)
	365924  -  ResidentSetSize of job (KB)
...
006 (15432184.016.000) 07/29 12:03:41 Image size of job updated: 762936
	348  -  MemoryUsage of job (MB)
	355424  -  ResidentSetSize of job (KB)
...
006 (15432184.005.000) 07/29 12:03:41 Image size of job updated: 735648
	719  -  MemoryUsage of job (MB)
	735648  -  ResidentSetSize of job (KB)
...
006 (15432184.010.000) 07/29 12:04:08 Image size of job updated: 382732
	374  -  MemoryUsage of job (MB)
	382732  -  ResidentSetSize of job (KB)
...
006 (15432184.006.000) 07/29 12:04:11 Image size of job updated: 766936
	334  -  MemoryUsage of job (MB)
	341524  -  ResidentSetSize of job (KB)
...
006 (15432184.000.000) 07/29 12:08:31 Image size of job updated: 768396
	751  -  MemoryUsage of job (MB)
	768396  -  ResidentSetSize of job (KB)
...
006 (15432184.012.000) 07/29 12:08:32 Image size of job updated: 767152
	750  -  MemoryUsage of job (MB)
	767152  -  ResidentSetSize of job (KB)
...
006 (15432184.009.000) 07/29 12:08:32 Image size of job updated: 1778512
	1737  -  MemoryUsage of job (MB)
	1778512  -  ResidentSetSize of job (KB)
...
006 (15432184.014.000) 07/29 12:08:33 Image size of job updated: 408656
	400  -  MemoryUsage of job (MB)
	408656  -  ResidentSetSize of job (KB)
...
006 (15432184.011.000) 07/29 12:08:33 Image size of job updated: 727108
	711  -  MemoryUsage of job (MB)
	727108  -  ResidentSetSize of job (KB)
...
006 (15432184.015.000) 07/29 12:08:35 Image size of job updated: 750368
	733  -  MemoryUsage of job (MB)
	750368  -  ResidentSetSize of job (KB)
...
006 (15432184.001.000) 07/29 12:08:36 Image size of job updated: 768700
	342  -  MemoryUsage of job (MB)
	350172  -  ResidentSetSize of job (KB)
...
006 (15432184.007.000) 07/29 12:08:36 Image size of job updated: 770216
	356  -  MemoryUsage of job (MB)
	363688  -  ResidentSetSize of job (KB)
...
006 (15432184.018.000) 07/29 12:08:36 Image size of job updated: 750636
	734  -  MemoryUsage of job (MB)
	750636  -  ResidentSetSize of job (KB)
...
006 (15432184.017.000) 07/29 12:08:36 Image size of job updated: 776036
	758  -  MemoryUsage of job (MB)
	776036  -  ResidentSetSize of job (KB)
...
006 (15432184.004.000) 07/29 12:08:37 Image size of job updated: 713956
	698  -  MemoryUsage of job (MB)
	713956  -  ResidentSetSize of job (KB)
...
006 (15432184.008.000) 07/29 12:08:38 Image size of job updated: 763072
	356  -  MemoryUsage of job (MB)
	363652  -  ResidentSetSize of job (KB)
...
006 (15432184.013.000) 07/29 12:08:38 Image size of job updated: 765544
	367  -  MemoryUsage of job (MB)
	375508  -  ResidentSetSize of job (KB)
...
006 (15432184.019.000) 07/29 12:08:41 Image size of job updated: 851412
	832  -  MemoryUsage of job (MB)
	851412  -  ResidentSetSize of job (KB)
...
006 (15432184.005.000) 07/29 12:08:42 Image size of job updated: 761116
	744  -  MemoryUsage of job (MB)
	761116  -  ResidentSetSize of job (KB)
...
006 (15432184.016.000) 07/29 12:08:42 Image size of job updated: 762936
	372  -  MemoryUsage of job (MB)
	380588  -  ResidentSetSize of job (KB)
...
006 (15432184.010.000) 07/29 12:09:08 Image size of job updated: 407932
	399  -  MemoryUsage of job (MB)
	407932  -  ResidentSetSize of job (KB)
...
006 (15432184.006.000) 07/29 12:09:12 Image size of job updated: 766936
	359  -  MemoryUsage of job (MB)
	366956  -  ResidentSetSize of job (KB)
...
040 (15432184.009.000) 07/29 12:11:54 Started transferring output files
...
040 (15432184.009.000) 07/29 12:11:56 Finished transferring output files
...
005 (15432184.009.000) 07/29 12:11:56 Job terminated.
	(1) Normal termination (return value 0)
		Usr 0 00:10:53, Sys 0 00:00:16  -  Run Remote Usage
		Usr 0 00:00:00, Sys 0 00:00:00  -  Run Local Usage
		Usr 0 00:10:53, Sys 0 00:00:16  -  Total Remote Usage
		Usr 0 00:00:00, Sys 0 00:00:00  -  Total Local Usage
	57225  -  Run Bytes Sent By Job
	1153  -  Run Bytes Received By Job
	57225  -  Total Bytes Sent By Job
	1153  -  Total Bytes Received By Job
	Partitionable Resources :      Usage  Request Allocated 
	   Cpus                 :       0.00        1         1 
	   Disk (KB)            : 3726290           2      3777 
	   GPUs                 :                             0 
	   Memory (MB)          :    1737        3000      3000 

	Job terminated of its own accord at 2025-07-29T10:11:54Z with exit-code 0.
...
006 (15432184.000.000) 07/29 12:13:31 Image size of job updated: 1228260
	1200  -  MemoryUsage of job (MB)
	1228260  -  ResidentSetSize of job (KB)
...
006 (15432184.012.000) 07/29 12:13:32 Image size of job updated: 1420740
	1388  -  MemoryUsage of job (MB)
	1420740  -  ResidentSetSize of job (KB)
...
006 (15432184.014.000) 07/29 12:13:33 Image size of job updated: 1449668
	1416  -  MemoryUsage of job (MB)
	1449668  -  ResidentSetSize of job (KB)
...
006 (15432184.011.000) 07/29 12:13:34 Image size of job updated: 1968160
	1923  -  MemoryUsage of job (MB)
	1968160  -  ResidentSetSize of job (KB)
...
006 (15432184.015.000) 07/29 12:13:35 Image size of job updated: 1212144
	1184  -  MemoryUsage of job (MB)
	1212144  -  ResidentSetSize of job (KB)
...
006 (15432184.001.000) 07/29 12:13:36 Image size of job updated: 768700
	370  -  MemoryUsage of job (MB)
	378856  -  ResidentSetSize of job (KB)
...
006 (15432184.007.000) 07/29 12:13:37 Image size of job updated: 869912
	850  -  MemoryUsage of job (MB)
	869912  -  ResidentSetSize of job (KB)
...
006 (15432184.018.000) 07/29 12:13:37 Image size of job updated: 1212188
	1184  -  MemoryUsage of job (MB)
	1212188  -  ResidentSetSize of job (KB)
...
006 (15432184.017.000) 07/29 12:13:37 Image size of job updated: 1818916
	1777  -  MemoryUsage of job (MB)
	1818916  -  ResidentSetSize of job (KB)
...
006 (15432184.004.000) 07/29 12:13:38 Image size of job updated: 742292
	725  -  MemoryUsage of job (MB)
	742292  -  ResidentSetSize of job (KB)
...
006 (15432184.008.000) 07/29 12:13:38 Image size of job updated: 825172
	804  -  MemoryUsage of job (MB)
	822416  -  ResidentSetSize of job (KB)
...
006 (15432184.013.000) 07/29 12:13:39 Image size of job updated: 1630140
	1592  -  MemoryUsage of job (MB)
	1630140  -  ResidentSetSize of job (KB)
...
006 (15432184.019.000) 07/29 12:13:41 Image size of job updated: 1634736
	832  -  MemoryUsage of job (MB)
	851412  -  ResidentSetSize of job (KB)
...
006 (15432184.005.000) 07/29 12:13:42 Image size of job updated: 1792704
	1751  -  MemoryUsage of job (MB)
	1792704  -  ResidentSetSize of job (KB)
...
006 (15432184.016.000) 07/29 12:13:43 Image size of job updated: 1614584
	372  -  MemoryUsage of job (MB)
	380588  -  ResidentSetSize of job (KB)
...
040 (15432184.019.000) 07/29 12:13:57 Started transferring output files
...
040 (15432184.019.000) 07/29 12:13:58 Finished transferring output files
...
005 (15432184.019.000) 07/29 12:13:59 Job terminated.
	(1) Normal termination (return value 0)
		Usr 0 00:10:06, Sys 0 00:00:20  -  Run Remote Usage
		Usr 0 00:00:00, Sys 0 00:00:00  -  Run Local Usage
		Usr 0 00:10:06, Sys 0 00:00:20  -  Total Remote Usage
		Usr 0 00:00:00, Sys 0 00:00:00  -  Total Local Usage
	57214  -  Run Bytes Sent By Job
	1153  -  Run Bytes Received By Job
	57214  -  Total Bytes Sent By Job
	1153  -  Total Bytes Received By Job
	Partitionable Resources :      Usage  Request Allocated 
	   Cpus                 :       0.98        1         1 
	   Disk (KB)            : 3129816           2      3786 
	   GPUs                 :                             0 
	   Memory (MB)          :     832        3000      3000 

	Job terminated of its own accord at 2025-07-29T10:13:57Z with exit-code 0.
...
006 (15432184.010.000) 07/29 12:14:09 Image size of job updated: 1664352
	1626  -  MemoryUsage of job (MB)
	1664352  -  ResidentSetSize of job (KB)
...
006 (15432184.006.000) 07/29 12:14:13 Image size of job updated: 1009564
	986  -  MemoryUsage of job (MB)
	1009564  -  ResidentSetSize of job (KB)
...
040 (15432184.016.000) 07/29 12:14:31 Started transferring output files
...
040 (15432184.016.000) 07/29 12:14:32 Finished transferring output files
...
005 (15432184.016.000) 07/29 12:14:32 Job terminated.
	(1) Normal termination (return value 0)
		Usr 0 00:07:50, Sys 0 00:00:14  -  Run Remote Usage
		Usr 0 00:00:00, Sys 0 00:00:00  -  Run Local Usage
		Usr 0 00:07:50, Sys 0 00:00:14  -  Total Remote Usage
		Usr 0 00:00:00, Sys 0 00:00:00  -  Total Local Usage
	57041  -  Run Bytes Sent By Job
	1153  -  Run Bytes Received By Job
	57041  -  Total Bytes Sent By Job
	1153  -  Total Bytes Received By Job
	Partitionable Resources :      Usage  Request Allocated 
	   Cpus                 :       0.00        1         1 
	   Disk (KB)            : 2829222           2      3733 
	   GPUs                 :                             0 
	   Memory (MB)          :     372        3000      3000 

	Job terminated of its own accord at 2025-07-29T10:14:31Z with exit-code 0.
...
040 (15432184.011.000) 07/29 12:15:29 Started transferring output files
...
040 (15432184.011.000) 07/29 12:15:30 Finished transferring output files
...
005 (15432184.011.000) 07/29 12:15:30 Job terminated.
	(1) Normal termination (return value 0)
		Usr 0 00:08:14, Sys 0 00:00:16  -  Run Remote Usage
		Usr 0 00:00:00, Sys 0 00:00:00  -  Run Local Usage
		Usr 0 00:08:14, Sys 0 00:00:16  -  Total Remote Usage
		Usr 0 00:00:00, Sys 0 00:00:00  -  Total Local Usage
	57043  -  Run Bytes Sent By Job
	1153  -  Run Bytes Received By Job
	57043  -  Total Bytes Sent By Job
	1153  -  Total Bytes Received By Job
	Partitionable Resources :      Usage  Request Allocated 
	   Cpus                 :       0.99        1         1 
	   Disk (KB)            : 2759724           2      3783 
	   GPUs                 :                             0 
	   Memory (MB)          :    1923        3000      3000 

	Job terminated of its own accord at 2025-07-29T10:15:29Z with exit-code 0.
...
040 (15432184.010.000) 07/29 12:15:39 Started transferring output files
...
040 (15432184.010.000) 07/29 12:15:40 Finished transferring output files
...
005 (15432184.010.000) 07/29 12:15:40 Job terminated.
	(1) Normal termination (return value 0)
		Usr 0 00:08:46, Sys 0 00:00:16  -  Run Remote Usage
		Usr 0 00:00:00, Sys 0 00:00:00  -  Run Local Usage
		Usr 0 00:08:46, Sys 0 00:00:16  -  Total Remote Usage
		Usr 0 00:00:00, Sys 0 00:00:00  -  Total Local Usage
	57331  -  Run Bytes Sent By Job
	1153  -  Run Bytes Received By Job
	57331  -  Total Bytes Sent By Job
	1153  -  Total Bytes Received By Job
	Partitionable Resources :      Usage  Request Allocated 
	   Cpus                 :       0.98        1         1 
	   Disk (KB)            : 3071925           2      3783 
	   GPUs                 :                             0 
	   Memory (MB)          :    1626        3000      3000 

	Job terminated of its own accord at 2025-07-29T10:15:39Z with exit-code 0.
...
006 (15432184.013.000) 07/29 12:15:54 Image size of job updated: 1630152
	1592  -  MemoryUsage of job (MB)
	1630140  -  ResidentSetSize of job (KB)
...
040 (15432184.013.000) 07/29 12:15:54 Started transferring output files
...
040 (15432184.013.000) 07/29 12:15:55 Finished transferring output files
...
005 (15432184.013.000) 07/29 12:15:55 Job terminated.
	(1) Normal termination (return value 0)
		Usr 0 00:09:18, Sys 0 00:00:15  -  Run Remote Usage
		Usr 0 00:00:00, Sys 0 00:00:00  -  Run Local Usage
		Usr 0 00:09:18, Sys 0 00:00:15  -  Total Remote Usage
		Usr 0 00:00:00, Sys 0 00:00:00  -  Total Local Usage
	57159  -  Run Bytes Sent By Job
	1153  -  Run Bytes Received By Job
	57159  -  Total Bytes Sent By Job
	1153  -  Total Bytes Received By Job
	Partitionable Resources :      Usage  Request Allocated 
	   Cpus                 :       0.99        1         1 
	   Disk (KB)            : 3351257           2      3777 
	   GPUs                 :                             0 
	   Memory (MB)          :    1592        3000      3000 

	Job terminated of its own accord at 2025-07-29T10:15:54Z with exit-code 0.
...
040 (15432184.017.000) 07/29 12:16:30 Started transferring output files
...
040 (15432184.017.000) 07/29 12:16:32 Finished transferring output files
...
005 (15432184.017.000) 07/29 12:16:32 Job terminated.
	(1) Normal termination (return value 0)
		Usr 0 00:08:50, Sys 0 00:00:16  -  Run Remote Usage
		Usr 0 00:00:00, Sys 0 00:00:00  -  Run Local Usage
		Usr 0 00:08:50, Sys 0 00:00:16  -  Total Remote Usage
		Usr 0 00:00:00, Sys 0 00:00:00  -  Total Local Usage
	57153  -  Run Bytes Sent By Job
	1153  -  Run Bytes Received By Job
	57153  -  Total Bytes Sent By Job
	1153  -  Total Bytes Received By Job
	Partitionable Resources :      Usage  Request Allocated 
	   Cpus                 :       0.98        1         1 
	   Disk (KB)            : 2650090           2      3861 
	   GPUs                 :                             0 
	   Memory (MB)          :    1777        3000      3000 

	Job terminated of its own accord at 2025-07-29T10:16:30Z with exit-code 0.
...
040 (15432184.014.000) 07/29 12:16:33 Started transferring output files
...
040 (15432184.014.000) 07/29 12:16:34 Finished transferring output files
...
005 (15432184.014.000) 07/29 12:16:34 Job terminated.
	(1) Normal termination (return value 0)
		Usr 0 00:09:24, Sys 0 00:00:14  -  Run Remote Usage
		Usr 0 00:00:00, Sys 0 00:00:00  -  Run Local Usage
		Usr 0 00:09:24, Sys 0 00:00:14  -  Total Remote Usage
		Usr 0 00:00:00, Sys 0 00:00:00  -  Total Local Usage
	57152  -  Run Bytes Sent By Job
	1153  -  Run Bytes Received By Job
	57152  -  Total Bytes Sent By Job
	1153  -  Total Bytes Received By Job
	Partitionable Resources :      Usage  Request Allocated 
	   Cpus                 :       0.00        1         1 
	   Disk (KB)            : 3561237           2      3908 
	   GPUs                 :                             0 
	   Memory (MB)          :    1416        3000      3000 

	Job terminated of its own accord at 2025-07-29T10:16:33Z with exit-code 0.
...
040 (15432184.005.000) 07/29 12:17:33 Started transferring output files
...
040 (15432184.005.000) 07/29 12:17:34 Finished transferring output files
...
005 (15432184.005.000) 07/29 12:17:34 Job terminated.
	(1) Normal termination (return value 0)
		Usr 0 00:10:16, Sys 0 00:00:17  -  Run Remote Usage
		Usr 0 00:00:00, Sys 0 00:00:00  -  Run Local Usage
		Usr 0 00:10:16, Sys 0 00:00:17  -  Total Remote Usage
		Usr 0 00:00:00, Sys 0 00:00:00  -  Total Local Usage
	57264  -  Run Bytes Sent By Job
	1153  -  Run Bytes Received By Job
	57264  -  Total Bytes Sent By Job
	1153  -  Total Bytes Received By Job
	Partitionable Resources :      Usage  Request Allocated 
	   Cpus                 :       0.99        1         1 
	   Disk (KB)            : 3248583           2      3764 
	   GPUs                 :                             0 
	   Memory (MB)          :    1751        3000      3000 

	Job terminated of its own accord at 2025-07-29T10:17:33Z with exit-code 0.
...
040 (15432184.012.000) 07/29 12:18:12 Started transferring output files
...
040 (15432184.012.000) 07/29 12:18:14 Finished transferring output files
...
005 (15432184.012.000) 07/29 12:18:14 Job terminated.
	(1) Normal termination (return value 0)
		Usr 0 00:10:05, Sys 0 00:00:15  -  Run Remote Usage
		Usr 0 00:00:00, Sys 0 00:00:00  -  Run Local Usage
		Usr 0 00:10:05, Sys 0 00:00:15  -  Total Remote Usage
		Usr 0 00:00:00, Sys 0 00:00:00  -  Total Local Usage
	57268  -  Run Bytes Sent By Job
	1153  -  Run Bytes Received By Job
	57268  -  Total Bytes Sent By Job
	1153  -  Total Bytes Received By Job
	Partitionable Resources :      Usage  Request Allocated 
	   Cpus                 :       0.00        1         1 
	   Disk (KB)            : 3555069           2      3795 
	   GPUs                 :                             0 
	   Memory (MB)          :    1388        3000      3000 

	Job terminated of its own accord at 2025-07-29T10:18:12Z with exit-code 0.
...
006 (15432184.002.000) 07/29 12:18:36 Image size of job updated: 848088
	829  -  MemoryUsage of job (MB)
	848088  -  ResidentSetSize of job (KB)
...
006 (15432184.018.000) 07/29 12:18:37 Image size of job updated: 2016600
	1970  -  MemoryUsage of job (MB)
	2016600  -  ResidentSetSize of job (KB)
...
006 (15432184.007.000) 07/29 12:18:37 Image size of job updated: 1611708
	850  -  MemoryUsage of job (MB)
	869912  -  ResidentSetSize of job (KB)
...
006 (15432184.001.000) 07/29 12:18:37 Image size of job updated: 1394636
	1362  -  MemoryUsage of job (MB)
	1394636  -  ResidentSetSize of job (KB)
...
006 (15432184.004.000) 07/29 12:18:38 Image size of job updated: 1397624
	1365  -  MemoryUsage of job (MB)
	1397624  -  ResidentSetSize of job (KB)
...
006 (15432184.008.000) 07/29 12:18:38 Image size of job updated: 1603100
	1566  -  MemoryUsage of job (MB)
	1603100  -  ResidentSetSize of job (KB)
...
006 (15432184.006.000) 07/29 12:18:44 Image size of job updated: 1620064
	986  -  MemoryUsage of job (MB)
	1009564  -  ResidentSetSize of job (KB)
...
040 (15432184.006.000) 07/29 12:18:44 Started transferring output files
...
040 (15432184.006.000) 07/29 12:18:45 Finished transferring output files
...
005 (15432184.006.000) 07/29 12:18:45 Job terminated.
	(1) Normal termination (return value 0)
		Usr 0 00:09:57, Sys 0 00:00:15  -  Run Remote Usage
		Usr 0 00:00:00, Sys 0 00:00:00  -  Run Local Usage
		Usr 0 00:09:57, Sys 0 00:00:15  -  Total Remote Usage
		Usr 0 00:00:00, Sys 0 00:00:00  -  Total Local Usage
	57166  -  Run Bytes Sent By Job
	1153  -  Run Bytes Received By Job
	57166  -  Total Bytes Sent By Job
	1153  -  Total Bytes Received By Job
	Partitionable Resources :      Usage  Request Allocated 
	   Cpus                 :       0.82        1         1 
	   Disk (KB)            : 3425128           2      3623 
	   GPUs                 :                             0 
	   Memory (MB)          :     986        3000      3000 

	Job terminated of its own accord at 2025-07-29T10:18:44Z with exit-code 0.
...
040 (15432184.007.000) 07/29 12:18:47 Started transferring output files
...
040 (15432184.007.000) 07/29 12:18:48 Finished transferring output files
...
005 (15432184.007.000) 07/29 12:18:48 Job terminated.
	(1) Normal termination (return value 0)
		Usr 0 00:09:33, Sys 0 00:00:15  -  Run Remote Usage
		Usr 0 00:00:00, Sys 0 00:00:00  -  Run Local Usage
		Usr 0 00:09:33, Sys 0 00:00:15  -  Total Remote Usage
		Usr 0 00:00:00, Sys 0 00:00:00  -  Total Local Usage
	57161  -  Run Bytes Sent By Job
	1153  -  Run Bytes Received By Job
	57161  -  Total Bytes Sent By Job
	1153  -  Total Bytes Received By Job
	Partitionable Resources :      Usage  Request Allocated 
	   Cpus                 :       0.64        1         1 
	   Disk (KB)            : 3365662           2      3623 
	   GPUs                 :                             0 
	   Memory (MB)          :     850        3000      3000 

	Job terminated of its own accord at 2025-07-29T10:18:46Z with exit-code 0.
...
040 (15432184.015.000) 07/29 12:18:56 Started transferring output files
...
040 (15432184.015.000) 07/29 12:18:57 Finished transferring output files
...
005 (15432184.015.000) 07/29 12:18:57 Job terminated.
	(1) Normal termination (return value 0)
		Usr 0 00:09:42, Sys 0 00:00:17  -  Run Remote Usage
		Usr 0 00:00:00, Sys 0 00:00:00  -  Run Local Usage
		Usr 0 00:09:42, Sys 0 00:00:17  -  Total Remote Usage
		Usr 0 00:00:00, Sys 0 00:00:00  -  Total Local Usage
	57155  -  Run Bytes Sent By Job
	1153  -  Run Bytes Received By Job
	57155  -  Total Bytes Sent By Job
	1153  -  Total Bytes Received By Job
	Partitionable Resources :      Usage  Request Allocated 
	   Cpus                 :       0.99        1         1 
	   Disk (KB)            : 2907220           2      3752 
	   GPUs                 :                             0 
	   Memory (MB)          :    1184        3000      3000 

	Job terminated of its own accord at 2025-07-29T10:18:56Z with exit-code 0.
...
040 (15432184.000.000) 07/29 12:19:19 Started transferring output files
...
040 (15432184.000.000) 07/29 12:19:20 Finished transferring output files
...
005 (15432184.000.000) 07/29 12:19:20 Job terminated.
	(1) Normal termination (return value 0)
		Usr 0 00:10:34, Sys 0 00:00:17  -  Run Remote Usage
		Usr 0 00:00:00, Sys 0 00:00:00  -  Run Local Usage
		Usr 0 00:10:34, Sys 0 00:00:17  -  Total Remote Usage
		Usr 0 00:00:00, Sys 0 00:00:00  -  Total Local Usage
	57218  -  Run Bytes Sent By Job
	1153  -  Run Bytes Received By Job
	57218  -  Total Bytes Sent By Job
	1153  -  Total Bytes Received By Job
	Partitionable Resources :      Usage  Request Allocated 
	   Cpus                 :       0.99        1         1 
	   Disk (KB)            : 3263748           2      3787 
	   GPUs                 :                             0 
	   Memory (MB)          :    1200        3000      3000 

	Job terminated of its own accord at 2025-07-29T10:19:19Z with exit-code 0.
...
040 (15432184.018.000) 07/29 12:19:42 Started transferring output files
...
040 (15432184.018.000) 07/29 12:19:43 Finished transferring output files
...
005 (15432184.018.000) 07/29 12:19:43 Job terminated.
	(1) Normal termination (return value 0)
		Usr 0 00:11:07, Sys 0 00:00:18  -  Run Remote Usage
		Usr 0 00:00:00, Sys 0 00:00:00  -  Run Local Usage
		Usr 0 00:11:07, Sys 0 00:00:18  -  Total Remote Usage
		Usr 0 00:00:00, Sys 0 00:00:00  -  Total Local Usage
	57094  -  Run Bytes Sent By Job
	1153  -  Run Bytes Received By Job
	57094  -  Total Bytes Sent By Job
	1153  -  Total Bytes Received By Job
	Partitionable Resources :      Usage  Request Allocated 
	   Cpus                 :       0.00        1         1 
	   Disk (KB)            : 3388155           2      3731 
	   GPUs                 :                             0 
	   Memory (MB)          :    1970        3000      3000 

	Job terminated of its own accord at 2025-07-29T10:19:42Z with exit-code 0.
...
006 (15432184.008.000) 07/29 12:19:56 Image size of job updated: 1604744
	1566  -  MemoryUsage of job (MB)
	1603100  -  ResidentSetSize of job (KB)
...
040 (15432184.008.000) 07/29 12:19:56 Started transferring output files
...
040 (15432184.008.000) 07/29 12:19:57 Finished transferring output files
...
005 (15432184.008.000) 07/29 12:19:57 Job terminated.
	(1) Normal termination (return value 0)
		Usr 0 00:11:58, Sys 0 00:00:09  -  Run Remote Usage
		Usr 0 00:00:00, Sys 0 00:00:00  -  Run Local Usage
		Usr 0 00:11:58, Sys 0 00:00:09  -  Total Remote Usage
		Usr 0 00:00:00, Sys 0 00:00:00  -  Total Local Usage
	57034  -  Run Bytes Sent By Job
	1153  -  Run Bytes Received By Job
	57034  -  Total Bytes Sent By Job
	1153  -  Total Bytes Received By Job
	Partitionable Resources :      Usage  Request Allocated 
	   Cpus                 :       0.98        1         1 
	   Disk (KB)            : 3366397           2      3839 
	   GPUs                 :                             0 
	   Memory (MB)          :    1566        3000      3000 

	Job terminated of its own accord at 2025-07-29T10:19:56Z with exit-code 0.
...
006 (15432184.001.000) 07/29 12:22:09 Image size of job updated: 1625956
	1362  -  MemoryUsage of job (MB)
	1394636  -  ResidentSetSize of job (KB)
...
040 (15432184.001.000) 07/29 12:22:09 Started transferring output files
...
040 (15432184.001.000) 07/29 12:22:10 Finished transferring output files
...
005 (15432184.001.000) 07/29 12:22:10 Job terminated.
	(1) Normal termination (return value 0)
		Usr 0 00:11:38, Sys 0 00:00:17  -  Run Remote Usage
		Usr 0 00:00:00, Sys 0 00:00:00  -  Run Local Usage
		Usr 0 00:11:38, Sys 0 00:00:17  -  Total Remote Usage
		Usr 0 00:00:00, Sys 0 00:00:00  -  Total Local Usage
	57164  -  Run Bytes Sent By Job
	1153  -  Run Bytes Received By Job
	57164  -  Total Bytes Sent By Job
	1153  -  Total Bytes Received By Job
	Partitionable Resources :      Usage  Request Allocated 
	   Cpus                 :       0.99        1         1 
	   Disk (KB)            : 3360922           2      3587 
	   GPUs                 :                             0 
	   Memory (MB)          :    1362        3000      3000 

	Job terminated of its own accord at 2025-07-29T10:22:09Z with exit-code 0.
...
006 (15432184.002.000) 07/29 12:23:37 Image size of job updated: 1388940
	1357  -  MemoryUsage of job (MB)
	1388940  -  ResidentSetSize of job (KB)
...
006 (15432184.003.000) 07/29 12:23:37 Image size of job updated: 1419876
	1387  -  MemoryUsage of job (MB)
	1419876  -  ResidentSetSize of job (KB)
...
006 (15432184.004.000) 07/29 12:23:39 Image size of job updated: 1965508
	1920  -  MemoryUsage of job (MB)
	1965508  -  ResidentSetSize of job (KB)
...
040 (15432184.004.000) 07/29 12:25:29 Started transferring output files
...
040 (15432184.004.000) 07/29 12:25:29 Finished transferring output files
...
005 (15432184.004.000) 07/29 12:25:29 Job terminated.
	(1) Normal termination (return value 0)
		Usr 0 00:14:28, Sys 0 00:00:15  -  Run Remote Usage
		Usr 0 00:00:00, Sys 0 00:00:00  -  Run Local Usage
		Usr 0 00:14:28, Sys 0 00:00:15  -  Total Remote Usage
		Usr 0 00:00:00, Sys 0 00:00:00  -  Total Local Usage
	57102  -  Run Bytes Sent By Job
	1153  -  Run Bytes Received By Job
	57102  -  Total Bytes Sent By Job
	1153  -  Total Bytes Received By Job
	Partitionable Resources :      Usage  Request Allocated 
	   Cpus                 :       0.98        1         1 
	   Disk (KB)            : 2768662           2      2566 
	   GPUs                 :                             0 
	   Memory (MB)          :    1920        3000      3000 

	Job terminated of its own accord at 2025-07-29T10:25:29Z with exit-code 0.
...
006 (15432184.003.000) 07/29 12:28:13 Image size of job updated: 1585124
	1387  -  MemoryUsage of job (MB)
	1419876  -  ResidentSetSize of job (KB)
...
040 (15432184.003.000) 07/29 12:28:13 Started transferring output files
...
040 (15432184.003.000) 07/29 12:28:13 Finished transferring output files
...
005 (15432184.003.000) 07/29 12:28:14 Job terminated.
	(1) Normal termination (return value 0)
		Usr 0 00:15:07, Sys 0 00:00:16  -  Run Remote Usage
		Usr 0 00:00:00, Sys 0 00:00:00  -  Run Local Usage
		Usr 0 00:15:07, Sys 0 00:00:16  -  Total Remote Usage
		Usr 0 00:00:00, Sys 0 00:00:00  -  Total Local Usage
	57203  -  Run Bytes Sent By Job
	1153  -  Run Bytes Received By Job
	57203  -  Total Bytes Sent By Job
	1153  -  Total Bytes Received By Job
	Partitionable Resources :      Usage  Request Allocated 
	   Cpus                 :       0.99        1         1 
	   Disk (KB)            : 3208315           2      2612 
	   GPUs                 :                             0 
	   Memory (MB)          :    1387        3000      3000 

	Job terminated of its own accord at 2025-07-29T10:28:13Z with exit-code 0.
...
006 (15432184.002.000) 07/29 12:28:37 Image size of job updated: 1622428
	1357  -  MemoryUsage of job (MB)
	1388940  -  ResidentSetSize of job (KB)
...
040 (15432184.002.000) 07/29 12:29:32 Started transferring output files
...
040 (15432184.002.000) 07/29 12:29:32 Finished transferring output files
...
005 (15432184.002.000) 07/29 12:29:32 Job terminated.
	(1) Normal termination (return value 0)
		Usr 0 00:17:21, Sys 0 00:00:16  -  Run Remote Usage
		Usr 0 00:00:00, Sys 0 00:00:00  -  Run Local Usage
		Usr 0 00:17:21, Sys 0 00:00:16  -  Total Remote Usage
		Usr 0 00:00:00, Sys 0 00:00:00  -  Total Local Usage
	57218  -  Run Bytes Sent By Job
	1153  -  Run Bytes Received By Job
	57218  -  Total Bytes Sent By Job
	1153  -  Total Bytes Received By Job
	Partitionable Resources :      Usage  Request Allocated 
	   Cpus                 :       0.99        1         1 
	   Disk (KB)            : 3380944           2      2724 
	   GPUs                 :                             0 
	   Memory (MB)          :    1357        3000      3000 

	Job terminated of its own accord at 2025-07-29T10:29:32Z with exit-code 0.
...
