000 (15797575.000.000) 10/06 21:49:20 Job submitted from host: <137.138.44.75:9618?addrs=137.138.44.75-9618+[2001-1458-d00-1a--b]-9618&alias=bigbird14.cern.ch&noUDP&sock=schedd_2076396_86fa>
...
000 (15797575.001.000) 10/06 21:49:20 Job submitted from host: <137.138.44.75:9618?addrs=137.138.44.75-9618+[2001-1458-d00-1a--b]-9618&alias=bigbird14.cern.ch&noUDP&sock=schedd_2076396_86fa>
...
000 (15797575.002.000) 10/06 21:49:20 Job submitted from host: <137.138.44.75:9618?addrs=137.138.44.75-9618+[2001-1458-d00-1a--b]-9618&alias=bigbird14.cern.ch&noUDP&sock=schedd_2076396_86fa>
...
000 (15797575.003.000) 10/06 21:49:20 Job submitted from host: <137.138.44.75:9618?addrs=137.138.44.75-9618+[2001-1458-d00-1a--b]-9618&alias=bigbird14.cern.ch&noUDP&sock=schedd_2076396_86fa>
...
000 (15797575.004.000) 10/06 21:49:20 Job submitted from host: <137.138.44.75:9618?addrs=137.138.44.75-9618+[2001-1458-d00-1a--b]-9618&alias=bigbird14.cern.ch&noUDP&sock=schedd_2076396_86fa>
...
000 (15797575.005.000) 10/06 21:49:20 Job submitted from host: <137.138.44.75:9618?addrs=137.138.44.75-9618+[2001-1458-d00-1a--b]-9618&alias=bigbird14.cern.ch&noUDP&sock=schedd_2076396_86fa>
...
000 (15797575.006.000) 10/06 21:49:20 Job submitted from host: <137.138.44.75:9618?addrs=137.138.44.75-9618+[2001-1458-d00-1a--b]-9618&alias=bigbird14.cern.ch&noUDP&sock=schedd_2076396_86fa>
...
000 (15797575.007.000) 10/06 21:49:20 Job submitted from host: <137.138.44.75:9618?addrs=137.138.44.75-9618+[2001-1458-d00-1a--b]-9618&alias=bigbird14.cern.ch&noUDP&sock=schedd_2076396_86fa>
...
000 (15797575.008.000) 10/06 21:49:20 Job submitted from host: <137.138.44.75:9618?addrs=137.138.44.75-9618+[2001-1458-d00-1a--b]-9618&alias=bigbird14.cern.ch&noUDP&sock=schedd_2076396_86fa>
...
000 (15797575.009.000) 10/06 21:49:20 Job submitted from host: <137.138.44.75:9618?addrs=137.138.44.75-9618+[2001-1458-d00-1a--b]-9618&alias=bigbird14.cern.ch&noUDP&sock=schedd_2076396_86fa>
...
000 (15797575.010.000) 10/06 21:49:20 Job submitted from host: <137.138.44.75:9618?addrs=137.138.44.75-9618+[2001-1458-d00-1a--b]-9618&alias=bigbird14.cern.ch&noUDP&sock=schedd_2076396_86fa>
...
000 (15797575.011.000) 10/06 21:49:20 Job submitted from host: <137.138.44.75:9618?addrs=137.138.44.75-9618+[2001-1458-d00-1a--b]-9618&alias=bigbird14.cern.ch&noUDP&sock=schedd_2076396_86fa>
...
000 (15797575.012.000) 10/06 21:49:20 Job submitted from host: <137.138.44.75:9618?addrs=137.138.44.75-9618+[2001-1458-d00-1a--b]-9618&alias=bigbird14.cern.ch&noUDP&sock=schedd_2076396_86fa>
...
000 (15797575.013.000) 10/06 21:49:20 Job submitted from host: <137.138.44.75:9618?addrs=137.138.44.75-9618+[2001-1458-d00-1a--b]-9618&alias=bigbird14.cern.ch&noUDP&sock=schedd_2076396_86fa>
...
000 (15797575.014.000) 10/06 21:49:20 Job submitted from host: <137.138.44.75:9618?addrs=137.138.44.75-9618+[2001-1458-d00-1a--b]-9618&alias=bigbird14.cern.ch&noUDP&sock=schedd_2076396_86fa>
...
000 (15797575.015.000) 10/06 21:49:20 Job submitted from host: <137.138.44.75:9618?addrs=137.138.44.75-9618+[2001-1458-d00-1a--b]-9618&alias=bigbird14.cern.ch&noUDP&sock=schedd_2076396_86fa>
...
000 (15797575.016.000) 10/06 21:49:20 Job submitted from host: <137.138.44.75:9618?addrs=137.138.44.75-9618+[2001-1458-d00-1a--b]-9618&alias=bigbird14.cern.ch&noUDP&sock=schedd_2076396_86fa>
...
000 (15797575.017.000) 10/06 21:49:20 Job submitted from host: <137.138.44.75:9618?addrs=137.138.44.75-9618+[2001-1458-d00-1a--b]-9618&alias=bigbird14.cern.ch&noUDP&sock=schedd_2076396_86fa>
...
000 (15797575.018.000) 10/06 21:49:20 Job submitted from host: <137.138.44.75:9618?addrs=137.138.44.75-9618+[2001-1458-d00-1a--b]-9618&alias=bigbird14.cern.ch&noUDP&sock=schedd_2076396_86fa>
...
000 (15797575.019.000) 10/06 21:49:20 Job submitted from host: <137.138.44.75:9618?addrs=137.138.44.75-9618+[2001-1458-d00-1a--b]-9618&alias=bigbird14.cern.ch&noUDP&sock=schedd_2076396_86fa>
...
040 (15797575.000.000) 10/06 21:56:46 Started transferring input files
	Transferring to host: <188.185.195.39:9618?addrs=188.185.195.39-9618+[2001-1458-303-22--100-23]-9618&alias=b9p17p4903.cern.ch&noUDP&sock=slot1_18_5125_c6a9_10893>
...
040 (15797575.000.000) 10/06 21:56:46 Finished transferring input files
...
001 (15797575.000.000) 10/06 21:56:46 Job executing on host: <188.185.195.39:9618?addrs=188.185.195.39-9618+[2001-1458-303-22--100-23]-9618&alias=b9p17p4903.cern.ch&noUDP&sock=startd_4056_a838>
	SlotName: slot1_18@b9p17p4903.cern.ch
	CondorScratchDir = "/pool/condor/dir_2812972"
	Cpus = 1
	Disk = 3899
	GPUs = 0
	Memory = 3000
...
040 (15797575.002.000) 10/06 21:56:47 Started transferring input files
	Transferring to host: <128.142.51.201:9618?addrs=128.142.51.201-9618+[2001-1458-301-3--100-6]-9618&alias=b9g02p2419.cern.ch&noUDP&sock=slot1_25_4139890_c454_10313>
...
040 (15797575.002.000) 10/06 21:56:47 Finished transferring input files
...
001 (15797575.002.000) 10/06 21:56:47 Job executing on host: <128.142.51.201:9618?addrs=128.142.51.201-9618+[2001-1458-301-3--100-6]-9618&alias=b9g02p2419.cern.ch&noUDP&sock=startd_7059_7720>
	SlotName: slot1_25@b9g02p2419.cern.ch
	CondorScratchDir = "/pool/condor/dir_1156343"
	Cpus = 1
	Disk = 3874
	GPUs = 0
	Memory = 3000
...
040 (15797575.001.000) 10/06 21:56:47 Started transferring input files
	Transferring to host: <188.185.213.210:9618?addrs=188.185.213.210-9618+[2001-1458-303-1b--100-4e]-9618&alias=b9p28p7617.cern.ch&noUDP&sock=slot1_11_6307_9a1a_12592>
...
040 (15797575.001.000) 10/06 21:56:47 Finished transferring input files
...
001 (15797575.001.000) 10/06 21:56:47 Job executing on host: <188.185.213.210:9618?addrs=188.185.213.210-9618+[2001-1458-303-1b--100-4e]-9618&alias=b9p28p7617.cern.ch&noUDP&sock=startd_5525_44d8>
	SlotName: slot1_11@b9p28p7617.cern.ch
	CondorScratchDir = "/pool/condor/dir_1307397"
	Cpus = 1
	Disk = 3835
	GPUs = 0
	Memory = 3000
...
040 (15797575.003.000) 10/06 21:56:47 Started transferring input files
	Transferring to host: <188.185.211.99:9618?addrs=188.185.211.99-9618+[2001-1458-303-16--100-5f]-9618&alias=b9p23p6264.cern.ch&noUDP&sock=slot1_6_10050_e252_12403>
...
040 (15797575.003.000) 10/06 21:56:47 Finished transferring input files
...
001 (15797575.003.000) 10/06 21:56:47 Job executing on host: <188.185.211.99:9618?addrs=188.185.211.99-9618+[2001-1458-303-16--100-5f]-9618&alias=b9p23p6264.cern.ch&noUDP&sock=startd_9322_b1f2>
	SlotName: slot1_6@b9p23p6264.cern.ch
	CondorScratchDir = "/pool/condor/dir_2205496"
	Cpus = 1
	Disk = 3725
	GPUs = 0
	Memory = 3000
...
040 (15797575.004.000) 10/06 21:56:48 Started transferring input files
	Transferring to host: <188.185.213.21:9618?addrs=188.185.213.21-9618+[2001-1458-303-1a--100-11]-9618&alias=b9p27p9231.cern.ch&noUDP&sock=slot1_34_4430_15ed_12425>
...
040 (15797575.004.000) 10/06 21:56:48 Finished transferring input files
...
001 (15797575.004.000) 10/06 21:56:48 Job executing on host: <188.185.213.21:9618?addrs=188.185.213.21-9618+[2001-1458-303-1a--100-11]-9618&alias=b9p27p9231.cern.ch&noUDP&sock=startd_3794_f268>
	SlotName: slot1_34@b9p27p9231.cern.ch
	CondorScratchDir = "/pool/condor/dir_2345330"
	Cpus = 1
	Disk = 3850
	GPUs = 0
	Memory = 3000
...
040 (15797575.006.000) 10/06 21:56:48 Started transferring input files
	Transferring to host: <188.185.212.196:9618?addrs=188.185.212.196-9618+[2001-1458-303-19--100-40]-9618&alias=b9p26p0182.cern.ch&noUDP&sock=slot1_33_4072_d79f_10841>
...
040 (15797575.006.000) 10/06 21:56:48 Finished transferring input files
...
040 (15797575.005.000) 10/06 21:56:48 Started transferring input files
	Transferring to host: <188.185.213.205:9618?addrs=188.185.213.205-9618+[2001-1458-303-1b--100-49]-9618&alias=b9p28p4257.cern.ch&noUDP&sock=slot1_9_8001_2d9e_11403>
...
040 (15797575.005.000) 10/06 21:56:48 Finished transferring input files
...
001 (15797575.006.000) 10/06 21:56:48 Job executing on host: <188.185.212.196:9618?addrs=188.185.212.196-9618+[2001-1458-303-19--100-40]-9618&alias=b9p26p0182.cern.ch&noUDP&sock=startd_3434_0450>
	SlotName: slot1_33@b9p26p0182.cern.ch
	CondorScratchDir = "/pool/condor/dir_2084540"
	Cpus = 1
	Disk = 3806
	GPUs = 0
	Memory = 3000
...
001 (15797575.005.000) 10/06 21:56:48 Job executing on host: <188.185.213.205:9618?addrs=188.185.213.205-9618+[2001-1458-303-1b--100-49]-9618&alias=b9p28p4257.cern.ch&noUDP&sock=startd_7066_4449>
	SlotName: slot1_9@b9p28p4257.cern.ch
	CondorScratchDir = "/pool/condor/dir_3930856"
	Cpus = 1
	Disk = 3835
	GPUs = 0
	Memory = 3000
...
040 (15797575.008.000) 10/06 21:56:49 Started transferring input files
	Transferring to host: <188.185.211.14:9618?addrs=188.185.211.14-9618+[2001-1458-303-16--100-a]-9618&alias=b9p23p3852.cern.ch&noUDP&sock=slot1_5_5772_a564_11746>
...
040 (15797575.008.000) 10/06 21:56:49 Finished transferring input files
...
001 (15797575.008.000) 10/06 21:56:49 Job executing on host: <188.185.211.14:9618?addrs=188.185.211.14-9618+[2001-1458-303-16--100-a]-9618&alias=b9p23p3852.cern.ch&noUDP&sock=startd_5012_64c2>
	SlotName: slot1_5@b9p23p3852.cern.ch
	CondorScratchDir = "/pool/condor/dir_1300748"
	Cpus = 1
	Disk = 3898
	GPUs = 0
	Memory = 3000
...
040 (15797575.007.000) 10/06 21:56:49 Started transferring input files
	Transferring to host: <128.142.161.86:9618?addrs=128.142.161.86-9618+[2001-1458-301-b8--100-14]-9618&alias=b9g03p3851.cern.ch&noUDP&sock=slot1_18_6350_e63b_13726>
...
040 (15797575.009.000) 10/06 21:56:49 Started transferring input files
	Transferring to host: <188.185.213.13:9618?addrs=188.185.213.13-9618+[2001-1458-303-1a--100-9]-9618&alias=b9p27p8831.cern.ch&noUDP&sock=slot1_15_6635_b527_12401>
...
040 (15797575.007.000) 10/06 21:56:49 Finished transferring input files
...
040 (15797575.009.000) 10/06 21:56:49 Finished transferring input files
...
001 (15797575.007.000) 10/06 21:56:49 Job executing on host: <128.142.161.86:9618?addrs=128.142.161.86-9618+[2001-1458-301-b8--100-14]-9618&alias=b9g03p3851.cern.ch&noUDP&sock=startd_5074_eba1>
	SlotName: slot1_18@b9g03p3851.cern.ch
	CondorScratchDir = "/pool/condor/dir_114506"
	Cpus = 1
	Disk = 3862
	GPUs = 0
	Memory = 3000
...
001 (15797575.009.000) 10/06 21:56:49 Job executing on host: <188.185.213.13:9618?addrs=188.185.213.13-9618+[2001-1458-303-1a--100-9]-9618&alias=b9p27p8831.cern.ch&noUDP&sock=startd_5632_a97a>
	SlotName: slot1_15@b9p27p8831.cern.ch
	CondorScratchDir = "/pool/condor/dir_962851"
	Cpus = 1
	Disk = 3870
	GPUs = 0
	Memory = 3000
...
040 (15797575.011.000) 10/06 21:56:50 Started transferring input files
	Transferring to host: <188.185.212.88:9618?addrs=188.185.212.88-9618+[2001-1458-303-18--100-54]-9618&alias=b9p25p5734.cern.ch&noUDP&sock=slot1_38_3965_737a_11874>
...
040 (15797575.011.000) 10/06 21:56:50 Finished transferring input files
...
001 (15797575.011.000) 10/06 21:56:50 Job executing on host: <188.185.212.88:9618?addrs=188.185.212.88-9618+[2001-1458-303-18--100-54]-9618&alias=b9p25p5734.cern.ch&noUDP&sock=startd_3627_6617>
	SlotName: slot1_38@b9p25p5734.cern.ch
	CondorScratchDir = "/pool/condor/dir_165240"
	Cpus = 1
	Disk = 3758
	GPUs = 0
	Memory = 3000
...
040 (15797575.012.000) 10/06 21:56:50 Started transferring input files
	Transferring to host: <188.185.213.29:9618?addrs=188.185.213.29-9618+[2001-1458-303-1a--100-19]-9618&alias=b9p27p4542.cern.ch&noUDP&sock=slot1_4_7605_290e_11810>
...
040 (15797575.012.000) 10/06 21:56:50 Finished transferring input files
...
040 (15797575.010.000) 10/06 21:56:50 Started transferring input files
	Transferring to host: <188.185.194.39:9618?addrs=188.185.194.39-9618+[2001-1458-303-21--100-23]-9618&alias=b9p20p0680.cern.ch&noUDP&sock=slot1_5_8285_482a_11249>
...
001 (15797575.012.000) 10/06 21:56:50 Job executing on host: <188.185.213.29:9618?addrs=188.185.213.29-9618+[2001-1458-303-1a--100-19]-9618&alias=b9p27p4542.cern.ch&noUDP&sock=startd_6931_ab00>
	SlotName: slot1_4@b9p27p4542.cern.ch
	CondorScratchDir = "/pool/condor/dir_1679982"
	Cpus = 1
	Disk = 3850
	GPUs = 0
	Memory = 3000
...
040 (15797575.010.000) 10/06 21:56:50 Finished transferring input files
...
001 (15797575.010.000) 10/06 21:56:50 Job executing on host: <188.185.194.39:9618?addrs=188.185.194.39-9618+[2001-1458-303-21--100-23]-9618&alias=b9p20p0680.cern.ch&noUDP&sock=startd_7276_4f2d>
	SlotName: slot1_5@b9p20p0680.cern.ch
	CondorScratchDir = "/pool/condor/dir_76848"
	Cpus = 1
	Disk = 3868
	GPUs = 0
	Memory = 3000
...
040 (15797575.015.000) 10/06 21:56:51 Started transferring input files
	Transferring to host: <128.142.51.211:9618?addrs=128.142.51.211-9618+[2001-1458-301-3--100-10]-9618&alias=b9g02p0513.cern.ch&noUDP&sock=slot1_1_8401_03af_13570>
...
040 (15797575.015.000) 10/06 21:56:51 Finished transferring input files
...
001 (15797575.015.000) 10/06 21:56:51 Job executing on host: <128.142.51.211:9618?addrs=128.142.51.211-9618+[2001-1458-301-3--100-10]-9618&alias=b9g02p0513.cern.ch&noUDP&sock=startd_6882_0edc>
	SlotName: slot1_1@b9g02p0513.cern.ch
	CondorScratchDir = "/pool/condor/dir_215567"
	Cpus = 1
	Disk = 3847
	GPUs = 0
	Memory = 3000
...
040 (15797575.013.000) 10/06 21:56:51 Started transferring input files
	Transferring to host: <128.142.33.216:9618?addrs=128.142.33.216-9618+[2001-1458-301-39--100-15]-9618&alias=b9g24p5211.cern.ch&noUDP&sock=slot1_10_9379_1a96_15927>
...
040 (15797575.013.000) 10/06 21:56:51 Finished transferring input files
...
001 (15797575.013.000) 10/06 21:56:51 Job executing on host: <128.142.33.216:9618?addrs=128.142.33.216-9618+[2001-1458-301-39--100-15]-9618&alias=b9g24p5211.cern.ch&noUDP&sock=startd_8414_e1f4>
	SlotName: slot1_10@b9g24p5211.cern.ch
	CondorScratchDir = "/pool/condor/dir_3536515"
	Cpus = 1
	Disk = 3871
	GPUs = 0
	Memory = 3000
...
040 (15797575.014.000) 10/06 21:56:51 Started transferring input files
	Transferring to host: <188.185.215.20:9618?addrs=188.185.215.20-9618+[2001-1458-303-1e--100-10]-9618&alias=b9p31p6744.cern.ch&noUDP&sock=slot1_1_3116_40f8_12036>
...
040 (15797575.014.000) 10/06 21:56:51 Finished transferring input files
...
001 (15797575.014.000) 10/06 21:56:51 Job executing on host: <188.185.215.20:9618?addrs=188.185.215.20-9618+[2001-1458-303-1e--100-10]-9618&alias=b9p31p6744.cern.ch&noUDP&sock=startd_2648_e2df>
	SlotName: slot1_1@b9p31p6744.cern.ch
	CondorScratchDir = "/pool/condor/dir_185801"
	Cpus = 1
	Disk = 3751
	GPUs = 0
	Memory = 3000
...
040 (15797575.018.000) 10/06 21:56:52 Started transferring input files
	Transferring to host: <128.142.51.207:9618?addrs=128.142.51.207-9618+[2001-1458-301-3--100-c]-9618&alias=b9g02p4318.cern.ch&noUDP&sock=slot1_11_2798005_644d_12351>
...
040 (15797575.018.000) 10/06 21:56:52 Finished transferring input files
...
001 (15797575.018.000) 10/06 21:56:52 Job executing on host: <128.142.51.207:9618?addrs=128.142.51.207-9618+[2001-1458-301-3--100-c]-9618&alias=b9g02p4318.cern.ch&noUDP&sock=startd_6786_35c5>
	SlotName: slot1_11@b9g02p4318.cern.ch
	CondorScratchDir = "/pool/condor/dir_1219464"
	Cpus = 1
	Disk = 3942
	GPUs = 0
	Memory = 3000
...
040 (15797575.016.000) 10/06 21:56:52 Started transferring input files
	Transferring to host: <188.185.212.177:9618?addrs=188.185.212.177-9618+[2001-1458-303-19--100-2d]-9618&alias=b9p26p7045.cern.ch&noUDP&sock=slot1_18_8264_7c49_11783>
...
001 (15797575.016.000) 10/06 21:56:52 Job executing on host: <188.185.212.177:9618?addrs=188.185.212.177-9618+[2001-1458-303-19--100-2d]-9618&alias=b9p26p7045.cern.ch&noUDP&sock=startd_7123_5d2f>
	SlotName: slot1_18@b9p26p7045.cern.ch
	CondorScratchDir = "/pool/condor/dir_3718162"
	Cpus = 1
	Disk = 3802
	GPUs = 0
	Memory = 3000
...
040 (15797575.016.000) 10/06 21:56:52 Finished transferring input files
...
040 (15797575.017.000) 10/06 21:56:52 Started transferring input files
	Transferring to host: <188.185.215.21:9618?addrs=188.185.215.21-9618+[2001-1458-303-1e--100-11]-9618&alias=b9p31p2581.cern.ch&noUDP&sock=slot1_26_6500_9681_11021>
...
001 (15797575.017.000) 10/06 21:56:52 Job executing on host: <188.185.215.21:9618?addrs=188.185.215.21-9618+[2001-1458-303-1e--100-11]-9618&alias=b9p31p2581.cern.ch&noUDP&sock=startd_5664_9c82>
	SlotName: slot1_26@b9p31p2581.cern.ch
	CondorScratchDir = "/pool/condor/dir_2883589"
	Cpus = 1
	Disk = 3861
	GPUs = 0
	Memory = 3000
...
040 (15797575.017.000) 10/06 21:56:52 Finished transferring input files
...
040 (15797575.019.000) 10/06 21:56:53 Started transferring input files
	Transferring to host: <188.185.214.34:9618?addrs=188.185.214.34-9618+[2001-1458-303-1c--100-1e]-9618&alias=b9p29p8712.cern.ch&noUDP&sock=slot1_5_4494_2df0_12279>
...
040 (15797575.019.000) 10/06 21:56:53 Finished transferring input files
...
001 (15797575.019.000) 10/06 21:56:53 Job executing on host: <188.185.214.34:9618?addrs=188.185.214.34-9618+[2001-1458-303-1c--100-1e]-9618&alias=b9p29p8712.cern.ch&noUDP&sock=startd_3813_fab5>
	SlotName: slot1_5@b9p29p8712.cern.ch
	CondorScratchDir = "/pool/condor/dir_2234785"
	Cpus = 1
	Disk = 3741
	GPUs = 0
	Memory = 3000
...
006 (15797575.000.000) 10/06 21:56:59 Image size of job updated: 47280
	47  -  MemoryUsage of job (MB)
	47280  -  ResidentSetSize of job (KB)
...
006 (15797575.002.000) 10/06 21:57:00 Image size of job updated: 95256
	94  -  MemoryUsage of job (MB)
	95256  -  ResidentSetSize of job (KB)
...
006 (15797575.001.000) 10/06 21:57:00 Image size of job updated: 77072
	76  -  MemoryUsage of job (MB)
	77072  -  ResidentSetSize of job (KB)
...
006 (15797575.003.000) 10/06 21:57:00 Image size of job updated: 97052
	95  -  MemoryUsage of job (MB)
	97052  -  ResidentSetSize of job (KB)
...
006 (15797575.004.000) 10/06 21:57:01 Image size of job updated: 92304
	91  -  MemoryUsage of job (MB)
	92304  -  ResidentSetSize of job (KB)
...
006 (15797575.005.000) 10/06 21:57:01 Image size of job updated: 85064
	84  -  MemoryUsage of job (MB)
	85064  -  ResidentSetSize of job (KB)
...
006 (15797575.006.000) 10/06 21:57:01 Image size of job updated: 138620
	136  -  MemoryUsage of job (MB)
	138620  -  ResidentSetSize of job (KB)
...
006 (15797575.008.000) 10/06 21:57:02 Image size of job updated: 34028
	34  -  MemoryUsage of job (MB)
	34028  -  ResidentSetSize of job (KB)
...
006 (15797575.007.000) 10/06 21:57:02 Image size of job updated: 18912
	19  -  MemoryUsage of job (MB)
	18912  -  ResidentSetSize of job (KB)
...
006 (15797575.009.000) 10/06 21:57:02 Image size of job updated: 114212
	112  -  MemoryUsage of job (MB)
	114212  -  ResidentSetSize of job (KB)
...
006 (15797575.011.000) 10/06 21:57:03 Image size of job updated: 111644
	110  -  MemoryUsage of job (MB)
	111644  -  ResidentSetSize of job (KB)
...
006 (15797575.010.000) 10/06 21:57:03 Image size of job updated: 76696
	75  -  MemoryUsage of job (MB)
	76696  -  ResidentSetSize of job (KB)
...
006 (15797575.012.000) 10/06 21:57:03 Image size of job updated: 111408
	109  -  MemoryUsage of job (MB)
	111408  -  ResidentSetSize of job (KB)
...
006 (15797575.015.000) 10/06 21:57:04 Image size of job updated: 109684
	108  -  MemoryUsage of job (MB)
	109684  -  ResidentSetSize of job (KB)
...
006 (15797575.013.000) 10/06 21:57:04 Image size of job updated: 111428
	109  -  MemoryUsage of job (MB)
	111428  -  ResidentSetSize of job (KB)
...
006 (15797575.014.000) 10/06 21:57:04 Image size of job updated: 85060
	84  -  MemoryUsage of job (MB)
	85060  -  ResidentSetSize of job (KB)
...
006 (15797575.018.000) 10/06 21:57:05 Image size of job updated: 76708
	75  -  MemoryUsage of job (MB)
	76708  -  ResidentSetSize of job (KB)
...
006 (15797575.016.000) 10/06 21:57:05 Image size of job updated: 118504
	116  -  MemoryUsage of job (MB)
	118504  -  ResidentSetSize of job (KB)
...
006 (15797575.017.000) 10/06 21:57:05 Image size of job updated: 112980
	111  -  MemoryUsage of job (MB)
	112980  -  ResidentSetSize of job (KB)
...
006 (15797575.019.000) 10/06 21:57:06 Image size of job updated: 82484
	81  -  MemoryUsage of job (MB)
	82484  -  ResidentSetSize of job (KB)
...
006 (15797575.000.000) 10/06 22:01:59 Image size of job updated: 771200
	680  -  MemoryUsage of job (MB)
	696228  -  ResidentSetSize of job (KB)
...
006 (15797575.002.000) 10/06 22:02:00 Image size of job updated: 766900
	676  -  MemoryUsage of job (MB)
	691932  -  ResidentSetSize of job (KB)
...
006 (15797575.003.000) 10/06 22:02:00 Image size of job updated: 766928
	676  -  MemoryUsage of job (MB)
	692140  -  ResidentSetSize of job (KB)
...
006 (15797575.001.000) 10/06 22:02:00 Image size of job updated: 771340
	681  -  MemoryUsage of job (MB)
	696508  -  ResidentSetSize of job (KB)
...
006 (15797575.004.000) 10/06 22:02:01 Image size of job updated: 772448
	682  -  MemoryUsage of job (MB)
	697628  -  ResidentSetSize of job (KB)
...
006 (15797575.005.000) 10/06 22:02:01 Image size of job updated: 771232
	681  -  MemoryUsage of job (MB)
	696432  -  ResidentSetSize of job (KB)
...
006 (15797575.006.000) 10/06 22:02:01 Image size of job updated: 771180
	681  -  MemoryUsage of job (MB)
	696368  -  ResidentSetSize of job (KB)
...
006 (15797575.007.000) 10/06 22:02:02 Image size of job updated: 772412
	682  -  MemoryUsage of job (MB)
	697484  -  ResidentSetSize of job (KB)
...
006 (15797575.008.000) 10/06 22:02:02 Image size of job updated: 773616
	683  -  MemoryUsage of job (MB)
	698600  -  ResidentSetSize of job (KB)
...
006 (15797575.009.000) 10/06 22:02:02 Image size of job updated: 769812
	679  -  MemoryUsage of job (MB)
	694756  -  ResidentSetSize of job (KB)
...
006 (15797575.011.000) 10/06 22:02:03 Image size of job updated: 766848
	676  -  MemoryUsage of job (MB)
	691916  -  ResidentSetSize of job (KB)
...
006 (15797575.010.000) 10/06 22:02:03 Image size of job updated: 769700
	679  -  MemoryUsage of job (MB)
	694832  -  ResidentSetSize of job (KB)
...
006 (15797575.012.000) 10/06 22:02:03 Image size of job updated: 770328
	680  -  MemoryUsage of job (MB)
	695416  -  ResidentSetSize of job (KB)
...
006 (15797575.015.000) 10/06 22:02:04 Image size of job updated: 771264
	681  -  MemoryUsage of job (MB)
	696360  -  ResidentSetSize of job (KB)
...
006 (15797575.013.000) 10/06 22:02:04 Image size of job updated: 771348
	681  -  MemoryUsage of job (MB)
	696460  -  ResidentSetSize of job (KB)
...
006 (15797575.014.000) 10/06 22:02:04 Image size of job updated: 772468
	682  -  MemoryUsage of job (MB)
	697496  -  ResidentSetSize of job (KB)
...
006 (15797575.018.000) 10/06 22:02:05 Image size of job updated: 774144
	678  -  MemoryUsage of job (MB)
	694140  -  ResidentSetSize of job (KB)
...
006 (15797575.016.000) 10/06 22:02:05 Image size of job updated: 770456
	680  -  MemoryUsage of job (MB)
	695536  -  ResidentSetSize of job (KB)
...
006 (15797575.017.000) 10/06 22:02:05 Image size of job updated: 765128
	675  -  MemoryUsage of job (MB)
	690288  -  ResidentSetSize of job (KB)
...
006 (15797575.019.000) 10/06 22:02:06 Image size of job updated: 772296
	682  -  MemoryUsage of job (MB)
	697384  -  ResidentSetSize of job (KB)
...
006 (15797575.001.000) 10/06 22:27:02 Image size of job updated: 857868
	838  -  MemoryUsage of job (MB)
	857868  -  ResidentSetSize of job (KB)
...
006 (15797575.004.000) 10/06 22:27:03 Image size of job updated: 779168
	761  -  MemoryUsage of job (MB)
	779168  -  ResidentSetSize of job (KB)
...
006 (15797575.006.000) 10/06 22:27:03 Image size of job updated: 830528
	812  -  MemoryUsage of job (MB)
	830528  -  ResidentSetSize of job (KB)
...
006 (15797575.000.000) 10/06 22:32:01 Image size of job updated: 856904
	837  -  MemoryUsage of job (MB)
	856904  -  ResidentSetSize of job (KB)
...
006 (15797575.003.000) 10/06 22:32:02 Image size of job updated: 1025500
	1002  -  MemoryUsage of job (MB)
	1025500  -  ResidentSetSize of job (KB)
...
006 (15797575.004.000) 10/06 22:32:03 Image size of job updated: 1073532
	1049  -  MemoryUsage of job (MB)
	1073532  -  ResidentSetSize of job (KB)
...
006 (15797575.001.000) 10/06 22:32:03 Image size of job updated: 1387492
	1355  -  MemoryUsage of job (MB)
	1387492  -  ResidentSetSize of job (KB)
...
006 (15797575.002.000) 10/06 22:32:04 Image size of job updated: 847136
	828  -  MemoryUsage of job (MB)
	847136  -  ResidentSetSize of job (KB)
...
006 (15797575.007.000) 10/06 22:32:04 Image size of job updated: 839376
	820  -  MemoryUsage of job (MB)
	839376  -  ResidentSetSize of job (KB)
...
006 (15797575.006.000) 10/06 22:32:04 Image size of job updated: 1402972
	1371  -  MemoryUsage of job (MB)
	1402972  -  ResidentSetSize of job (KB)
...
006 (15797575.005.000) 10/06 22:32:04 Image size of job updated: 1018872
	995  -  MemoryUsage of job (MB)
	1018872  -  ResidentSetSize of job (KB)
...
006 (15797575.011.000) 10/06 22:32:05 Image size of job updated: 1390028
	1358  -  MemoryUsage of job (MB)
	1390028  -  ResidentSetSize of job (KB)
...
006 (15797575.010.000) 10/06 22:32:05 Image size of job updated: 860592
	841  -  MemoryUsage of job (MB)
	860592  -  ResidentSetSize of job (KB)
...
006 (15797575.008.000) 10/06 22:32:06 Image size of job updated: 1021568
	998  -  MemoryUsage of job (MB)
	1021568  -  ResidentSetSize of job (KB)
...
006 (15797575.013.000) 10/06 22:32:06 Image size of job updated: 1029672
	1006  -  MemoryUsage of job (MB)
	1029672  -  ResidentSetSize of job (KB)
...
006 (15797575.014.000) 10/06 22:32:06 Image size of job updated: 1030368
	1007  -  MemoryUsage of job (MB)
	1030368  -  ResidentSetSize of job (KB)
...
006 (15797575.012.000) 10/06 22:32:06 Image size of job updated: 1018900
	996  -  MemoryUsage of job (MB)
	1018900  -  ResidentSetSize of job (KB)
...
006 (15797575.009.000) 10/06 22:32:06 Image size of job updated: 1027996
	1004  -  MemoryUsage of job (MB)
	1027996  -  ResidentSetSize of job (KB)
...
006 (15797575.016.000) 10/06 22:32:07 Image size of job updated: 1012808
	990  -  MemoryUsage of job (MB)
	1012808  -  ResidentSetSize of job (KB)
...
006 (15797575.018.000) 10/06 22:32:07 Image size of job updated: 839172
	820  -  MemoryUsage of job (MB)
	839172  -  ResidentSetSize of job (KB)
...
006 (15797575.015.000) 10/06 22:32:08 Image size of job updated: 862232
	843  -  MemoryUsage of job (MB)
	862232  -  ResidentSetSize of job (KB)
...
006 (15797575.017.000) 10/06 22:32:09 Image size of job updated: 1018788
	995  -  MemoryUsage of job (MB)
	1018788  -  ResidentSetSize of job (KB)
...
006 (15797575.019.000) 10/06 22:32:10 Image size of job updated: 1029660
	1006  -  MemoryUsage of job (MB)
	1029660  -  ResidentSetSize of job (KB)
...
006 (15797575.000.000) 10/06 22:37:02 Image size of job updated: 1399024
	1367  -  MemoryUsage of job (MB)
	1399024  -  ResidentSetSize of job (KB)
...
006 (15797575.003.000) 10/06 22:37:03 Image size of job updated: 1622708
	1585  -  MemoryUsage of job (MB)
	1622708  -  ResidentSetSize of job (KB)
...
006 (15797575.004.000) 10/06 22:37:04 Image size of job updated: 1624696
	1587  -  MemoryUsage of job (MB)
	1624696  -  ResidentSetSize of job (KB)
...
006 (15797575.001.000) 10/06 22:37:04 Image size of job updated: 1627832
	1355  -  MemoryUsage of job (MB)
	1387492  -  ResidentSetSize of job (KB)
...
006 (15797575.002.000) 10/06 22:37:04 Image size of job updated: 1394644
	1362  -  MemoryUsage of job (MB)
	1394644  -  ResidentSetSize of job (KB)
...
006 (15797575.006.000) 10/06 22:37:05 Image size of job updated: 1625900
	1588  -  MemoryUsage of job (MB)
	1625900  -  ResidentSetSize of job (KB)
...
006 (15797575.005.000) 10/06 22:37:05 Image size of job updated: 1577968
	1541  -  MemoryUsage of job (MB)
	1577968  -  ResidentSetSize of job (KB)
...
006 (15797575.007.000) 10/06 22:37:06 Image size of job updated: 1381148
	1349  -  MemoryUsage of job (MB)
	1381148  -  ResidentSetSize of job (KB)
...
006 (15797575.011.000) 10/06 22:37:06 Image size of job updated: 1633964
	1596  -  MemoryUsage of job (MB)
	1633964  -  ResidentSetSize of job (KB)
...
006 (15797575.010.000) 10/06 22:37:06 Image size of job updated: 1406196
	1374  -  MemoryUsage of job (MB)
	1406196  -  ResidentSetSize of job (KB)
...
006 (15797575.008.000) 10/06 22:37:06 Image size of job updated: 1619152
	1582  -  MemoryUsage of job (MB)
	1619152  -  ResidentSetSize of job (KB)
...
006 (15797575.013.000) 10/06 22:37:07 Image size of job updated: 1630616
	1593  -  MemoryUsage of job (MB)
	1630616  -  ResidentSetSize of job (KB)
...
006 (15797575.014.000) 10/06 22:37:07 Image size of job updated: 1626968
	1589  -  MemoryUsage of job (MB)
	1626968  -  ResidentSetSize of job (KB)
...
006 (15797575.012.000) 10/06 22:37:07 Image size of job updated: 1616668
	1579  -  MemoryUsage of job (MB)
	1616668  -  ResidentSetSize of job (KB)
...
006 (15797575.009.000) 10/06 22:37:07 Image size of job updated: 1571328
	1535  -  MemoryUsage of job (MB)
	1571328  -  ResidentSetSize of job (KB)
...
006 (15797575.016.000) 10/06 22:37:08 Image size of job updated: 1576580
	1540  -  MemoryUsage of job (MB)
	1576580  -  ResidentSetSize of job (KB)
...
006 (15797575.018.000) 10/06 22:37:08 Image size of job updated: 1369648
	1338  -  MemoryUsage of job (MB)
	1369648  -  ResidentSetSize of job (KB)
...
006 (15797575.015.000) 10/06 22:37:09 Image size of job updated: 1400396
	1368  -  MemoryUsage of job (MB)
	1400396  -  ResidentSetSize of job (KB)
...
006 (15797575.017.000) 10/06 22:37:10 Image size of job updated: 1620808
	1583  -  MemoryUsage of job (MB)
	1620808  -  ResidentSetSize of job (KB)
...
006 (15797575.019.000) 10/06 22:37:10 Image size of job updated: 1629612
	1592  -  MemoryUsage of job (MB)
	1629612  -  ResidentSetSize of job (KB)
...
040 (15797575.001.000) 10/06 22:38:41 Started transferring output files
...
040 (15797575.001.000) 10/06 22:38:41 Finished transferring output files
...
005 (15797575.001.000) 10/06 22:38:41 Job terminated.
	(1) Normal termination (return value 0)
		Usr 0 00:16:41, Sys 0 00:00:38  -  Run Remote Usage
		Usr 0 00:00:00, Sys 0 00:00:00  -  Run Local Usage
		Usr 0 00:16:41, Sys 0 00:00:38  -  Total Remote Usage
		Usr 0 00:00:00, Sys 0 00:00:00  -  Total Local Usage
	57420  -  Run Bytes Sent By Job
	1153  -  Run Bytes Received By Job
	57420  -  Total Bytes Sent By Job
	1153  -  Total Bytes Received By Job
	Partitionable Resources :      Usage  Request Allocated 
	   Cpus                 :       0.93        1         1 
	   Disk (KB)            : 4918658           2      3835 
	   GPUs                 :                             0 
	   Memory (MB)          :    1355        3000      3000 

	Job terminated of its own accord at 2025-10-06T20:38:41Z with exit-code 0.
...
040 (15797575.011.000) 10/06 22:38:52 Started transferring output files
...
040 (15797575.011.000) 10/06 22:38:52 Finished transferring output files
...
005 (15797575.011.000) 10/06 22:38:52 Job terminated.
	(1) Normal termination (return value 0)
		Usr 0 00:16:40, Sys 0 00:00:23  -  Run Remote Usage
		Usr 0 00:00:00, Sys 0 00:00:00  -  Run Local Usage
		Usr 0 00:16:40, Sys 0 00:00:23  -  Total Remote Usage
		Usr 0 00:00:00, Sys 0 00:00:00  -  Total Local Usage
	57419  -  Run Bytes Sent By Job
	1153  -  Run Bytes Received By Job
	57419  -  Total Bytes Sent By Job
	1153  -  Total Bytes Received By Job
	Partitionable Resources :      Usage  Request Allocated 
	   Cpus                 :       0.92        1         1 
	   Disk (KB)            : 4940552           2      3758 
	   GPUs                 :                             0 
	   Memory (MB)          :    1596        3000      3000 

	Job terminated of its own accord at 2025-10-06T20:38:52Z with exit-code 0.
...
040 (15797575.006.000) 10/06 22:39:09 Started transferring output files
...
040 (15797575.006.000) 10/06 22:39:09 Finished transferring output files
...
005 (15797575.006.000) 10/06 22:39:09 Job terminated.
	(1) Normal termination (return value 0)
		Usr 0 00:17:24, Sys 0 00:00:23  -  Run Remote Usage
		Usr 0 00:00:00, Sys 0 00:00:00  -  Run Local Usage
		Usr 0 00:17:24, Sys 0 00:00:23  -  Total Remote Usage
		Usr 0 00:00:00, Sys 0 00:00:00  -  Total Local Usage
	57409  -  Run Bytes Sent By Job
	1153  -  Run Bytes Received By Job
	57409  -  Total Bytes Sent By Job
	1153  -  Total Bytes Received By Job
	Partitionable Resources :      Usage  Request Allocated 
	   Cpus                 :       0.95        1         1 
	   Disk (KB)            : 4923642           2      3806 
	   GPUs                 :                             0 
	   Memory (MB)          :    1588        3000      3000 

	Job terminated of its own accord at 2025-10-06T20:39:09Z with exit-code 0.
...
040 (15797575.012.000) 10/06 22:39:51 Started transferring output files
...
040 (15797575.012.000) 10/06 22:39:51 Finished transferring output files
...
005 (15797575.012.000) 10/06 22:39:51 Job terminated.
	(1) Normal termination (return value 0)
		Usr 0 00:17:42, Sys 0 00:00:26  -  Run Remote Usage
		Usr 0 00:00:00, Sys 0 00:00:00  -  Run Local Usage
		Usr 0 00:17:42, Sys 0 00:00:26  -  Total Remote Usage
		Usr 0 00:00:00, Sys 0 00:00:00  -  Total Local Usage
	57420  -  Run Bytes Sent By Job
	1153  -  Run Bytes Received By Job
	57420  -  Total Bytes Sent By Job
	1153  -  Total Bytes Received By Job
	Partitionable Resources :      Usage  Request Allocated 
	   Cpus                 :       0.92        1         1 
	   Disk (KB)            : 4950046           2      3850 
	   GPUs                 :                             0 
	   Memory (MB)          :    1579        3000      3000 

	Job terminated of its own accord at 2025-10-06T20:39:51Z with exit-code 0.
...
006 (15797575.004.000) 10/06 22:39:54 Image size of job updated: 1624748
	1587  -  MemoryUsage of job (MB)
	1624696  -  ResidentSetSize of job (KB)
...
040 (15797575.004.000) 10/06 22:39:54 Started transferring output files
...
040 (15797575.004.000) 10/06 22:39:54 Finished transferring output files
...
005 (15797575.004.000) 10/06 22:39:54 Job terminated.
	(1) Normal termination (return value 0)
		Usr 0 00:18:23, Sys 0 00:00:30  -  Run Remote Usage
		Usr 0 00:00:00, Sys 0 00:00:00  -  Run Local Usage
		Usr 0 00:18:23, Sys 0 00:00:30  -  Total Remote Usage
		Usr 0 00:00:00, Sys 0 00:00:00  -  Total Local Usage
	57420  -  Run Bytes Sent By Job
	1153  -  Run Bytes Received By Job
	57420  -  Total Bytes Sent By Job
	1153  -  Total Bytes Received By Job
	Partitionable Resources :      Usage  Request Allocated 
	   Cpus                 :       0.94        1         1 
	   Disk (KB)            : 4943035           2      3850 
	   GPUs                 :                             0 
	   Memory (MB)          :    1587        3000      3000 

	Job terminated of its own accord at 2025-10-06T20:39:54Z with exit-code 0.
...
040 (15797575.003.000) 10/06 22:40:00 Started transferring output files
...
040 (15797575.003.000) 10/06 22:40:00 Finished transferring output files
...
005 (15797575.003.000) 10/06 22:40:00 Job terminated.
	(1) Normal termination (return value 0)
		Usr 0 00:17:36, Sys 0 00:00:23  -  Run Remote Usage
		Usr 0 00:00:00, Sys 0 00:00:00  -  Run Local Usage
		Usr 0 00:17:36, Sys 0 00:00:23  -  Total Remote Usage
		Usr 0 00:00:00, Sys 0 00:00:00  -  Total Local Usage
	57420  -  Run Bytes Sent By Job
	1153  -  Run Bytes Received By Job
	57420  -  Total Bytes Sent By Job
	1153  -  Total Bytes Received By Job
	Partitionable Resources :      Usage  Request Allocated 
	   Cpus                 :       0.95        1         1 
	   Disk (KB)            : 4956981           2      3725 
	   GPUs                 :                             0 
	   Memory (MB)          :    1585        3000      3000 

	Job terminated of its own accord at 2025-10-06T20:40:00Z with exit-code 0.
...
040 (15797575.014.000) 10/06 22:40:10 Started transferring output files
...
040 (15797575.014.000) 10/06 22:40:10 Finished transferring output files
...
005 (15797575.014.000) 10/06 22:40:10 Job terminated.
	(1) Normal termination (return value 0)
		Usr 0 00:17:50, Sys 0 00:00:27  -  Run Remote Usage
		Usr 0 00:00:00, Sys 0 00:00:00  -  Run Local Usage
		Usr 0 00:17:50, Sys 0 00:00:27  -  Total Remote Usage
		Usr 0 00:00:00, Sys 0 00:00:00  -  Total Local Usage
	57419  -  Run Bytes Sent By Job
	1153  -  Run Bytes Received By Job
	57419  -  Total Bytes Sent By Job
	1153  -  Total Bytes Received By Job
	Partitionable Resources :      Usage  Request Allocated 
	   Cpus                 :       0.92        1         1 
	   Disk (KB)            : 4913524           2      3751 
	   GPUs                 :                             0 
	   Memory (MB)          :    1589        3000      3000 

	Job terminated of its own accord at 2025-10-06T20:40:10Z with exit-code 0.
...
040 (15797575.017.000) 10/06 22:40:13 Started transferring output files
...
040 (15797575.017.000) 10/06 22:40:13 Finished transferring output files
...
005 (15797575.017.000) 10/06 22:40:14 Job terminated.
	(1) Normal termination (return value 0)
		Usr 0 00:17:51, Sys 0 00:00:25  -  Run Remote Usage
		Usr 0 00:00:00, Sys 0 00:00:00  -  Run Local Usage
		Usr 0 00:17:51, Sys 0 00:00:25  -  Total Remote Usage
		Usr 0 00:00:00, Sys 0 00:00:00  -  Total Local Usage
	57420  -  Run Bytes Sent By Job
	1153  -  Run Bytes Received By Job
	57420  -  Total Bytes Sent By Job
	1153  -  Total Bytes Received By Job
	Partitionable Resources :      Usage  Request Allocated 
	   Cpus                 :       0.55        1         1 
	   Disk (KB)            : 4921458           2      3861 
	   GPUs                 :                             0 
	   Memory (MB)          :    1583        3000      3000 

	Job terminated of its own accord at 2025-10-06T20:40:13Z with exit-code 0.
...
040 (15797575.009.000) 10/06 22:40:18 Started transferring output files
...
040 (15797575.009.000) 10/06 22:40:18 Finished transferring output files
...
005 (15797575.009.000) 10/06 22:40:18 Job terminated.
	(1) Normal termination (return value 0)
		Usr 0 00:18:25, Sys 0 00:00:26  -  Run Remote Usage
		Usr 0 00:00:00, Sys 0 00:00:00  -  Run Local Usage
		Usr 0 00:18:25, Sys 0 00:00:26  -  Total Remote Usage
		Usr 0 00:00:00, Sys 0 00:00:00  -  Total Local Usage
	57419  -  Run Bytes Sent By Job
	1153  -  Run Bytes Received By Job
	57419  -  Total Bytes Sent By Job
	1153  -  Total Bytes Received By Job
	Partitionable Resources :      Usage  Request Allocated 
	   Cpus                 :       0.92        1         1 
	   Disk (KB)            : 4929834           2      3870 
	   GPUs                 :                             0 
	   Memory (MB)          :    1535        3000      3000 

	Job terminated of its own accord at 2025-10-06T20:40:18Z with exit-code 0.
...
040 (15797575.019.000) 10/06 22:40:18 Started transferring output files
...
040 (15797575.019.000) 10/06 22:40:18 Finished transferring output files
...
005 (15797575.019.000) 10/06 22:40:18 Job terminated.
	(1) Normal termination (return value 0)
		Usr 0 00:18:26, Sys 0 00:00:24  -  Run Remote Usage
		Usr 0 00:00:00, Sys 0 00:00:00  -  Run Local Usage
		Usr 0 00:18:26, Sys 0 00:00:24  -  Total Remote Usage
		Usr 0 00:00:00, Sys 0 00:00:00  -  Total Local Usage
	57420  -  Run Bytes Sent By Job
	1153  -  Run Bytes Received By Job
	57420  -  Total Bytes Sent By Job
	1153  -  Total Bytes Received By Job
	Partitionable Resources :      Usage  Request Allocated 
	   Cpus                 :       0.94        1         1 
	   Disk (KB)            : 4921868           2      3741 
	   GPUs                 :                             0 
	   Memory (MB)          :    1592        3000      3000 

	Job terminated of its own accord at 2025-10-06T20:40:18Z with exit-code 0.
...
006 (15797575.005.000) 10/06 22:40:19 Image size of job updated: 1577972
	1541  -  MemoryUsage of job (MB)
	1577968  -  ResidentSetSize of job (KB)
...
040 (15797575.005.000) 10/06 22:40:19 Started transferring output files
...
040 (15797575.005.000) 10/06 22:40:19 Finished transferring output files
...
005 (15797575.005.000) 10/06 22:40:19 Job terminated.
	(1) Normal termination (return value 0)
		Usr 0 00:17:12, Sys 0 00:00:37  -  Run Remote Usage
		Usr 0 00:00:00, Sys 0 00:00:00  -  Run Local Usage
		Usr 0 00:17:12, Sys 0 00:00:37  -  Total Remote Usage
		Usr 0 00:00:00, Sys 0 00:00:00  -  Total Local Usage
	57420  -  Run Bytes Sent By Job
	1153  -  Run Bytes Received By Job
	57420  -  Total Bytes Sent By Job
	1153  -  Total Bytes Received By Job
	Partitionable Resources :      Usage  Request Allocated 
	   Cpus                 :       0.89        1         1 
	   Disk (KB)            : 4935098           2      3835 
	   GPUs                 :                             0 
	   Memory (MB)          :    1541        3000      3000 

	Job terminated of its own accord at 2025-10-06T20:40:19Z with exit-code 0.
...
006 (15797575.016.000) 10/06 22:40:56 Image size of job updated: 1576596
	1540  -  MemoryUsage of job (MB)
	1576580  -  ResidentSetSize of job (KB)
...
040 (15797575.016.000) 10/06 22:40:56 Started transferring output files
...
040 (15797575.016.000) 10/06 22:40:56 Finished transferring output files
...
005 (15797575.016.000) 10/06 22:40:57 Job terminated.
	(1) Normal termination (return value 0)
		Usr 0 00:18:26, Sys 0 00:00:24  -  Run Remote Usage
		Usr 0 00:00:00, Sys 0 00:00:00  -  Run Local Usage
		Usr 0 00:18:26, Sys 0 00:00:24  -  Total Remote Usage
		Usr 0 00:00:00, Sys 0 00:00:00  -  Total Local Usage
	57420  -  Run Bytes Sent By Job
	1153  -  Run Bytes Received By Job
	57420  -  Total Bytes Sent By Job
	1153  -  Total Bytes Received By Job
	Partitionable Resources :      Usage  Request Allocated 
	   Cpus                 :       0.92        1         1 
	   Disk (KB)            : 4927253           2      3802 
	   GPUs                 :                             0 
	   Memory (MB)          :    1540        3000      3000 

	Job terminated of its own accord at 2025-10-06T20:40:56Z with exit-code 0.
...
040 (15797575.013.000) 10/06 22:41:01 Started transferring output files
...
040 (15797575.013.000) 10/06 22:41:01 Finished transferring output files
...
005 (15797575.013.000) 10/06 22:41:01 Job terminated.
	(1) Normal termination (return value 0)
		Usr 0 00:18:57, Sys 0 00:00:25  -  Run Remote Usage
		Usr 0 00:00:00, Sys 0 00:00:00  -  Run Local Usage
		Usr 0 00:18:57, Sys 0 00:00:25  -  Total Remote Usage
		Usr 0 00:00:00, Sys 0 00:00:00  -  Total Local Usage
	57420  -  Run Bytes Sent By Job
	1153  -  Run Bytes Received By Job
	57420  -  Total Bytes Sent By Job
	1153  -  Total Bytes Received By Job
	Partitionable Resources :      Usage  Request Allocated 
	   Cpus                 :       0.94        1         1 
	   Disk (KB)            : 4928346           2      3871 
	   GPUs                 :                             0 
	   Memory (MB)          :    1593        3000      3000 

	Job terminated of its own accord at 2025-10-06T20:41:01Z with exit-code 0.
...
006 (15797575.008.000) 10/06 22:41:10 Image size of job updated: 1619220
	1582  -  MemoryUsage of job (MB)
	1619152  -  ResidentSetSize of job (KB)
...
040 (15797575.008.000) 10/06 22:41:10 Started transferring output files
...
040 (15797575.008.000) 10/06 22:41:10 Finished transferring output files
...
005 (15797575.008.000) 10/06 22:41:10 Job terminated.
	(1) Normal termination (return value 0)
		Usr 0 00:19:50, Sys 0 00:00:31  -  Run Remote Usage
		Usr 0 00:00:00, Sys 0 00:00:00  -  Run Local Usage
		Usr 0 00:19:50, Sys 0 00:00:31  -  Total Remote Usage
		Usr 0 00:00:00, Sys 0 00:00:00  -  Total Local Usage
	57420  -  Run Bytes Sent By Job
	1153  -  Run Bytes Received By Job
	57420  -  Total Bytes Sent By Job
	1153  -  Total Bytes Received By Job
	Partitionable Resources :      Usage  Request Allocated 
	   Cpus                 :       0.92        1         1 
	   Disk (KB)            : 4898203           2      3898 
	   GPUs                 :                             0 
	   Memory (MB)          :    1582        3000      3000 

	Job terminated of its own accord at 2025-10-06T20:41:10Z with exit-code 0.
...
006 (15797575.000.000) 10/06 22:42:03 Image size of job updated: 1627628
	1590  -  MemoryUsage of job (MB)
	1627628  -  ResidentSetSize of job (KB)
...
006 (15797575.002.000) 10/06 22:42:05 Image size of job updated: 1619368
	1582  -  MemoryUsage of job (MB)
	1619368  -  ResidentSetSize of job (KB)
...
006 (15797575.007.000) 10/06 22:42:06 Image size of job updated: 1612416
	1575  -  MemoryUsage of job (MB)
	1612416  -  ResidentSetSize of job (KB)
...
006 (15797575.010.000) 10/06 22:42:06 Image size of job updated: 1625496
	1588  -  MemoryUsage of job (MB)
	1625496  -  ResidentSetSize of job (KB)
...
006 (15797575.018.000) 10/06 22:42:08 Image size of job updated: 1608656
	1571  -  MemoryUsage of job (MB)
	1608656  -  ResidentSetSize of job (KB)
...
006 (15797575.015.000) 10/06 22:42:10 Image size of job updated: 1637196
	1599  -  MemoryUsage of job (MB)
	1637196  -  ResidentSetSize of job (KB)
...
006 (15797575.002.000) 10/06 22:45:07 Image size of job updated: 1620344
	1582  -  MemoryUsage of job (MB)
	1619368  -  ResidentSetSize of job (KB)
...
040 (15797575.002.000) 10/06 22:45:07 Started transferring output files
...
040 (15797575.002.000) 10/06 22:45:07 Finished transferring output files
...
005 (15797575.002.000) 10/06 22:45:07 Job terminated.
	(1) Normal termination (return value 0)
		Usr 0 00:23:56, Sys 0 00:00:16  -  Run Remote Usage
		Usr 0 00:00:00, Sys 0 00:00:00  -  Run Local Usage
		Usr 0 00:23:56, Sys 0 00:00:16  -  Total Remote Usage
		Usr 0 00:00:00, Sys 0 00:00:00  -  Total Local Usage
	57420  -  Run Bytes Sent By Job
	1153  -  Run Bytes Received By Job
	57420  -  Total Bytes Sent By Job
	1153  -  Total Bytes Received By Job
	Partitionable Resources :      Usage  Request Allocated 
	   Cpus                 :       0.91        1         1 
	   Disk (KB)            : 4919424           2      3874 
	   GPUs                 :                             0 
	   Memory (MB)          :    1582        3000      3000 

	Job terminated of its own accord at 2025-10-06T20:45:07Z with exit-code 0.
...
006 (15797575.015.000) 10/06 22:45:16 Image size of job updated: 1637208
	1599  -  MemoryUsage of job (MB)
	1637196  -  ResidentSetSize of job (KB)
...
040 (15797575.015.000) 10/06 22:45:16 Started transferring output files
...
040 (15797575.015.000) 10/06 22:45:16 Finished transferring output files
...
005 (15797575.015.000) 10/06 22:45:16 Job terminated.
	(1) Normal termination (return value 0)
		Usr 0 00:24:29, Sys 0 00:00:18  -  Run Remote Usage
		Usr 0 00:00:00, Sys 0 00:00:00  -  Run Local Usage
		Usr 0 00:24:29, Sys 0 00:00:18  -  Total Remote Usage
		Usr 0 00:00:00, Sys 0 00:00:00  -  Total Local Usage
	57419  -  Run Bytes Sent By Job
	1153  -  Run Bytes Received By Job
	57419  -  Total Bytes Sent By Job
	1153  -  Total Bytes Received By Job
	Partitionable Resources :      Usage  Request Allocated 
	   Cpus                 :       0.92        1         1 
	   Disk (KB)            : 4921285           2      3847 
	   GPUs                 :                             0 
	   Memory (MB)          :    1599        3000      3000 

	Job terminated of its own accord at 2025-10-06T20:45:16Z with exit-code 0.
...
006 (15797575.010.000) 10/06 22:46:40 Image size of job updated: 1625504
	1588  -  MemoryUsage of job (MB)
	1625496  -  ResidentSetSize of job (KB)
...
040 (15797575.010.000) 10/06 22:46:40 Started transferring output files
...
040 (15797575.010.000) 10/06 22:46:40 Finished transferring output files
...
005 (15797575.010.000) 10/06 22:46:40 Job terminated.
	(1) Normal termination (return value 0)
		Usr 0 00:26:03, Sys 0 00:00:21  -  Run Remote Usage
		Usr 0 00:00:00, Sys 0 00:00:00  -  Run Local Usage
		Usr 0 00:26:03, Sys 0 00:00:21  -  Total Remote Usage
		Usr 0 00:00:00, Sys 0 00:00:00  -  Total Local Usage
	57418  -  Run Bytes Sent By Job
	1153  -  Run Bytes Received By Job
	57418  -  Total Bytes Sent By Job
	1153  -  Total Bytes Received By Job
	Partitionable Resources :      Usage  Request Allocated 
	   Cpus                 :       0.97        1         1 
	   Disk (KB)            : 4951513           2      3868 
	   GPUs                 :                             0 
	   Memory (MB)          :    1588        3000      3000 

	Job terminated of its own accord at 2025-10-06T20:46:40Z with exit-code 0.
...
006 (15797575.007.000) 10/06 22:47:06 Image size of job updated: 1614496
	1575  -  MemoryUsage of job (MB)
	1612416  -  ResidentSetSize of job (KB)
...
006 (15797575.018.000) 10/06 22:47:09 Image size of job updated: 1608664
	1571  -  MemoryUsage of job (MB)
	1608656  -  ResidentSetSize of job (KB)
...
040 (15797575.007.000) 10/06 22:47:16 Started transferring output files
...
040 (15797575.007.000) 10/06 22:47:16 Finished transferring output files
...
005 (15797575.007.000) 10/06 22:47:16 Job terminated.
	(1) Normal termination (return value 0)
		Usr 0 00:26:43, Sys 0 00:00:22  -  Run Remote Usage
		Usr 0 00:00:00, Sys 0 00:00:00  -  Run Local Usage
		Usr 0 00:26:43, Sys 0 00:00:22  -  Total Remote Usage
		Usr 0 00:00:00, Sys 0 00:00:00  -  Total Local Usage
	57419  -  Run Bytes Sent By Job
	1153  -  Run Bytes Received By Job
	57419  -  Total Bytes Sent By Job
	1153  -  Total Bytes Received By Job
	Partitionable Resources :      Usage  Request Allocated 
	   Cpus                 :       0.94        1         1 
	   Disk (KB)            : 4918038           2      3862 
	   GPUs                 :                             0 
	   Memory (MB)          :    1575        3000      3000 

	Job terminated of its own accord at 2025-10-06T20:47:16Z with exit-code 0.
...
040 (15797575.018.000) 10/06 22:47:17 Started transferring output files
...
040 (15797575.018.000) 10/06 22:47:17 Finished transferring output files
...
005 (15797575.018.000) 10/06 22:47:17 Job terminated.
	(1) Normal termination (return value 0)
		Usr 0 00:24:58, Sys 0 00:00:47  -  Run Remote Usage
		Usr 0 00:00:00, Sys 0 00:00:00  -  Run Local Usage
		Usr 0 00:24:58, Sys 0 00:00:47  -  Total Remote Usage
		Usr 0 00:00:00, Sys 0 00:00:00  -  Total Local Usage
	57420  -  Run Bytes Sent By Job
	1153  -  Run Bytes Received By Job
	57420  -  Total Bytes Sent By Job
	1153  -  Total Bytes Received By Job
	Partitionable Resources :      Usage  Request Allocated 
	   Cpus                 :       0.89        1         1 
	   Disk (KB)            : 4935348           2      3942 
	   GPUs                 :                             0 
	   Memory (MB)          :    1571        3000      3000 

	Job terminated of its own accord at 2025-10-06T20:47:17Z with exit-code 0.
...
040 (15797575.000.000) 10/06 22:47:51 Started transferring output files
...
040 (15797575.000.000) 10/06 22:47:52 Finished transferring output files
...
005 (15797575.000.000) 10/06 22:47:52 Job terminated.
	(1) Normal termination (return value 0)
		Usr 0 00:26:36, Sys 0 00:00:18  -  Run Remote Usage
		Usr 0 00:00:00, Sys 0 00:00:00  -  Run Local Usage
		Usr 0 00:26:36, Sys 0 00:00:18  -  Total Remote Usage
		Usr 0 00:00:00, Sys 0 00:00:00  -  Total Local Usage
	57420  -  Run Bytes Sent By Job
	1153  -  Run Bytes Received By Job
	57420  -  Total Bytes Sent By Job
	1153  -  Total Bytes Received By Job
	Partitionable Resources :      Usage  Request Allocated 
	   Cpus                 :       0.67        1         1 
	   Disk (KB)            : 4941746           2      3899 
	   GPUs                 :                             0 
	   Memory (MB)          :    1590        3000      3000 

	Job terminated of its own accord at 2025-10-06T20:47:51Z with exit-code 0.
...
