000 (15617568.000.000) 08/27 20:48:26 Job submitted from host: <137.138.44.75:9618?addrs=137.138.44.75-9618+[2001-1458-d00-1a--b]-9618&alias=bigbird14.cern.ch&noUDP&sock=schedd_2076396_86fa>
...
000 (15617568.001.000) 08/27 20:48:26 Job submitted from host: <137.138.44.75:9618?addrs=137.138.44.75-9618+[2001-1458-d00-1a--b]-9618&alias=bigbird14.cern.ch&noUDP&sock=schedd_2076396_86fa>
...
000 (15617568.002.000) 08/27 20:48:26 Job submitted from host: <137.138.44.75:9618?addrs=137.138.44.75-9618+[2001-1458-d00-1a--b]-9618&alias=bigbird14.cern.ch&noUDP&sock=schedd_2076396_86fa>
...
000 (15617568.003.000) 08/27 20:48:26 Job submitted from host: <137.138.44.75:9618?addrs=137.138.44.75-9618+[2001-1458-d00-1a--b]-9618&alias=bigbird14.cern.ch&noUDP&sock=schedd_2076396_86fa>
...
000 (15617568.004.000) 08/27 20:48:26 Job submitted from host: <137.138.44.75:9618?addrs=137.138.44.75-9618+[2001-1458-d00-1a--b]-9618&alias=bigbird14.cern.ch&noUDP&sock=schedd_2076396_86fa>
...
000 (15617568.005.000) 08/27 20:48:26 Job submitted from host: <137.138.44.75:9618?addrs=137.138.44.75-9618+[2001-1458-d00-1a--b]-9618&alias=bigbird14.cern.ch&noUDP&sock=schedd_2076396_86fa>
...
000 (15617568.006.000) 08/27 20:48:26 Job submitted from host: <137.138.44.75:9618?addrs=137.138.44.75-9618+[2001-1458-d00-1a--b]-9618&alias=bigbird14.cern.ch&noUDP&sock=schedd_2076396_86fa>
...
000 (15617568.007.000) 08/27 20:48:26 Job submitted from host: <137.138.44.75:9618?addrs=137.138.44.75-9618+[2001-1458-d00-1a--b]-9618&alias=bigbird14.cern.ch&noUDP&sock=schedd_2076396_86fa>
...
000 (15617568.008.000) 08/27 20:48:26 Job submitted from host: <137.138.44.75:9618?addrs=137.138.44.75-9618+[2001-1458-d00-1a--b]-9618&alias=bigbird14.cern.ch&noUDP&sock=schedd_2076396_86fa>
...
000 (15617568.009.000) 08/27 20:48:26 Job submitted from host: <137.138.44.75:9618?addrs=137.138.44.75-9618+[2001-1458-d00-1a--b]-9618&alias=bigbird14.cern.ch&noUDP&sock=schedd_2076396_86fa>
...
000 (15617568.010.000) 08/27 20:48:26 Job submitted from host: <137.138.44.75:9618?addrs=137.138.44.75-9618+[2001-1458-d00-1a--b]-9618&alias=bigbird14.cern.ch&noUDP&sock=schedd_2076396_86fa>
...
000 (15617568.011.000) 08/27 20:48:26 Job submitted from host: <137.138.44.75:9618?addrs=137.138.44.75-9618+[2001-1458-d00-1a--b]-9618&alias=bigbird14.cern.ch&noUDP&sock=schedd_2076396_86fa>
...
000 (15617568.012.000) 08/27 20:48:26 Job submitted from host: <137.138.44.75:9618?addrs=137.138.44.75-9618+[2001-1458-d00-1a--b]-9618&alias=bigbird14.cern.ch&noUDP&sock=schedd_2076396_86fa>
...
000 (15617568.013.000) 08/27 20:48:26 Job submitted from host: <137.138.44.75:9618?addrs=137.138.44.75-9618+[2001-1458-d00-1a--b]-9618&alias=bigbird14.cern.ch&noUDP&sock=schedd_2076396_86fa>
...
000 (15617568.014.000) 08/27 20:48:26 Job submitted from host: <137.138.44.75:9618?addrs=137.138.44.75-9618+[2001-1458-d00-1a--b]-9618&alias=bigbird14.cern.ch&noUDP&sock=schedd_2076396_86fa>
...
000 (15617568.015.000) 08/27 20:48:26 Job submitted from host: <137.138.44.75:9618?addrs=137.138.44.75-9618+[2001-1458-d00-1a--b]-9618&alias=bigbird14.cern.ch&noUDP&sock=schedd_2076396_86fa>
...
000 (15617568.016.000) 08/27 20:48:26 Job submitted from host: <137.138.44.75:9618?addrs=137.138.44.75-9618+[2001-1458-d00-1a--b]-9618&alias=bigbird14.cern.ch&noUDP&sock=schedd_2076396_86fa>
...
000 (15617568.017.000) 08/27 20:48:26 Job submitted from host: <137.138.44.75:9618?addrs=137.138.44.75-9618+[2001-1458-d00-1a--b]-9618&alias=bigbird14.cern.ch&noUDP&sock=schedd_2076396_86fa>
...
000 (15617568.018.000) 08/27 20:48:26 Job submitted from host: <137.138.44.75:9618?addrs=137.138.44.75-9618+[2001-1458-d00-1a--b]-9618&alias=bigbird14.cern.ch&noUDP&sock=schedd_2076396_86fa>
...
000 (15617568.019.000) 08/27 20:48:26 Job submitted from host: <137.138.44.75:9618?addrs=137.138.44.75-9618+[2001-1458-d00-1a--b]-9618&alias=bigbird14.cern.ch&noUDP&sock=schedd_2076396_86fa>
...
040 (15617568.000.000) 08/27 20:49:29 Started transferring input files
	Transferring to host: <188.185.214.98:9618?addrs=188.185.214.98-9618+[2001-1458-303-1c--100-5e]-9618&alias=b9p29p0143.cern.ch&noUDP&sock=slot1_2_6554_a2c4_95476>
...
040 (15617568.000.000) 08/27 20:49:29 Finished transferring input files
...
001 (15617568.000.000) 08/27 20:49:29 Job executing on host: <188.185.214.98:9618?addrs=188.185.214.98-9618+[2001-1458-303-1c--100-5e]-9618&alias=b9p29p0143.cern.ch&noUDP&sock=startd_6189_b7bb>
	SlotName: slot1_2@b9p29p0143.cern.ch
	CondorScratchDir = "/pool/condor/dir_3421584"
	Cpus = 1
	Disk = 3792
	GPUs = 0
	Memory = 3000
...
040 (15617568.002.000) 08/27 20:49:30 Started transferring input files
	Transferring to host: <188.185.196.159:9618?addrs=188.185.196.159-9618+[2001-1458-303-23--100-9b]-9618&alias=b9p16p2049.cern.ch&noUDP&sock=slot1_2_12245_75cb_6032>
...
001 (15617568.002.000) 08/27 20:49:30 Job executing on host: <188.185.196.159:9618?addrs=188.185.196.159-9618+[2001-1458-303-23--100-9b]-9618&alias=b9p16p2049.cern.ch&noUDP&sock=startd_12180_0b9e>
	SlotName: slot1_2@b9p16p2049.cern.ch
	CondorScratchDir = "/pool/condor/dir_2596709"
	Cpus = 1
	Disk = 3787
	GPUs = 0
	Memory = 3000
...
040 (15617568.002.000) 08/27 20:49:30 Finished transferring input files
...
040 (15617568.001.000) 08/27 20:49:30 Started transferring input files
	Transferring to host: <188.185.215.85:9618?addrs=188.185.215.85-9618+[2001-1458-303-1e--100-51]-9618&alias=b9p31p0671.cern.ch&noUDP&sock=slot1_29_8385_bdae_95749>
...
040 (15617568.001.000) 08/27 20:49:30 Finished transferring input files
...
001 (15617568.001.000) 08/27 20:49:30 Job executing on host: <188.185.215.85:9618?addrs=188.185.215.85-9618+[2001-1458-303-1e--100-51]-9618&alias=b9p31p0671.cern.ch&noUDP&sock=startd_8224_8ef5>
	SlotName: slot1_29@b9p31p0671.cern.ch
	CondorScratchDir = "/pool/condor/dir_1082349"
	Cpus = 1
	Disk = 3790
	GPUs = 0
	Memory = 3000
...
040 (15617568.003.000) 08/27 20:49:30 Started transferring input files
	Transferring to host: <188.185.194.177:9618?addrs=188.185.194.177-9618+[2001-1458-303-21--100-ad]-9618&alias=b9p20p9373.cern.ch&noUDP&sock=slot1_4_10964_e137_76890>
...
040 (15617568.003.000) 08/27 20:49:30 Finished transferring input files
...
001 (15617568.003.000) 08/27 20:49:30 Job executing on host: <188.185.194.177:9618?addrs=188.185.194.177-9618+[2001-1458-303-21--100-ad]-9618&alias=b9p20p9373.cern.ch&noUDP&sock=startd_9531_0d3d>
	SlotName: slot1_4@b9p20p9373.cern.ch
	CondorScratchDir = "/pool/condor/dir_290015"
	Cpus = 1
	Disk = 3768
	GPUs = 0
	Memory = 3000
...
040 (15617568.006.000) 08/27 20:49:31 Started transferring input files
	Transferring to host: <188.185.208.150:9618?addrs=188.185.208.150-9618+[2001-1458-303-10--100-13]-9618&alias=b9p10p3260.cern.ch&noUDP&sock=slot1_22_8249_eaa9_78668>
...
040 (15617568.006.000) 08/27 20:49:31 Finished transferring input files
...
001 (15617568.006.000) 08/27 20:49:31 Job executing on host: <188.185.208.150:9618?addrs=188.185.208.150-9618+[2001-1458-303-10--100-13]-9618&alias=b9p10p3260.cern.ch&noUDP&sock=startd_7542_c35e>
	SlotName: slot1_22@b9p10p3260.cern.ch
	CondorScratchDir = "/pool/condor/dir_2930105"
	Cpus = 1
	Disk = 3712
	GPUs = 0
	Memory = 3000
...
040 (15617568.004.000) 08/27 20:49:31 Started transferring input files
	Transferring to host: <128.142.132.174:9618?addrs=128.142.132.174-9618+[2001-1458-301-5a--100-a2]-9618&alias=b9g12p1875.cern.ch&noUDP&sock=slot1_4_2832_266c_163641>
...
001 (15617568.004.000) 08/27 20:49:31 Job executing on host: <128.142.132.174:9618?addrs=128.142.132.174-9618+[2001-1458-301-5a--100-a2]-9618&alias=b9g12p1875.cern.ch&noUDP&sock=startd_2456_30b0>
	SlotName: slot1_4@b9g12p1875.cern.ch
	CondorScratchDir = "/pool/condor/dir_2215891"
	Cpus = 1
	Disk = 2743
	GPUs = 0
	Memory = 3000
...
040 (15617568.004.000) 08/27 20:49:31 Finished transferring input files
...
040 (15617568.007.000) 08/27 20:49:32 Started transferring input files
	Transferring to host: <188.185.204.137:9618?addrs=188.185.204.137-9618+[2001-1458-303-8--100-7d]-9618&alias=b9p02p1188.cern.ch&noUDP&sock=slot1_31_8191_0ce6_79265>
...
040 (15617568.007.000) 08/27 20:49:32 Finished transferring input files
...
040 (15617568.005.000) 08/27 20:49:32 Started transferring input files
	Transferring to host: <128.142.132.140:9618?addrs=128.142.132.140-9618+[2001-1458-301-5a--100-80]-9618&alias=b9g12p6606.cern.ch&noUDP&sock=slot1_13_3608181_acff_134123>
...
001 (15617568.007.000) 08/27 20:49:32 Job executing on host: <188.185.204.137:9618?addrs=188.185.204.137-9618+[2001-1458-303-8--100-7d]-9618&alias=b9p02p1188.cern.ch&noUDP&sock=startd_7401_0c83>
	SlotName: slot1_31@b9p02p1188.cern.ch
	CondorScratchDir = "/pool/condor/dir_3708354"
	Cpus = 1
	Disk = 3725
	GPUs = 0
	Memory = 3000
...
001 (15617568.005.000) 08/27 20:49:32 Job executing on host: <128.142.132.140:9618?addrs=128.142.132.140-9618+[2001-1458-301-5a--100-80]-9618&alias=b9g12p6606.cern.ch&noUDP&sock=startd_2413_b21e>
	SlotName: slot1_13@b9g12p6606.cern.ch
	CondorScratchDir = "/pool/condor/dir_864021"
	Cpus = 1
	Disk = 2755
	GPUs = 0
	Memory = 3000
...
040 (15617568.010.000) 08/27 20:49:32 Started transferring input files
	Transferring to host: <188.185.206.188:9618?addrs=188.185.206.188-9618+[2001-1458-303-c--100-39]-9618&alias=b9p06p8127.cern.ch&noUDP&sock=slot1_11_6459_b320_83106>
...
040 (15617568.009.000) 08/27 20:49:32 Started transferring input files
	Transferring to host: <188.185.205.192:9618?addrs=188.185.205.192-9618+[2001-1458-303-a--100-3d]-9618&alias=b9p04p3879.cern.ch&noUDP&sock=slot1_14_6190_2a35_79248>
...
040 (15617568.005.000) 08/27 20:49:32 Finished transferring input files
...
040 (15617568.010.000) 08/27 20:49:32 Finished transferring input files
...
040 (15617568.009.000) 08/27 20:49:32 Finished transferring input files
...
001 (15617568.010.000) 08/27 20:49:32 Job executing on host: <188.185.206.188:9618?addrs=188.185.206.188-9618+[2001-1458-303-c--100-39]-9618&alias=b9p06p8127.cern.ch&noUDP&sock=startd_5820_9d48>
	SlotName: slot1_11@b9p06p8127.cern.ch
	CondorScratchDir = "/pool/condor/dir_2411034"
	Cpus = 1
	Disk = 3597
	GPUs = 0
	Memory = 3000
...
001 (15617568.009.000) 08/27 20:49:32 Job executing on host: <188.185.205.192:9618?addrs=188.185.205.192-9618+[2001-1458-303-a--100-3d]-9618&alias=b9p04p3879.cern.ch&noUDP&sock=startd_5353_4a8e>
	SlotName: slot1_14@b9p04p3879.cern.ch
	CondorScratchDir = "/pool/condor/dir_2203912"
	Cpus = 1
	Disk = 3617
	GPUs = 0
	Memory = 3000
...
040 (15617568.011.000) 08/27 20:49:33 Started transferring input files
	Transferring to host: <128.142.161.95:9618?addrs=128.142.161.95-9618+[2001-1458-301-b8--100-1d]-9618&alias=b9g03p2625.cern.ch&noUDP&sock=slot1_16_4216_4da5_83568>
...
040 (15617568.011.000) 08/27 20:49:33 Finished transferring input files
...
001 (15617568.011.000) 08/27 20:49:33 Job executing on host: <128.142.161.95:9618?addrs=128.142.161.95-9618+[2001-1458-301-b8--100-1d]-9618&alias=b9g03p2625.cern.ch&noUDP&sock=startd_3658_a987>
	SlotName: slot1_16@b9g03p2625.cern.ch
	CondorScratchDir = "/pool/condor/dir_1764882"
	Cpus = 1
	Disk = 3825
	GPUs = 0
	Memory = 3000
...
040 (15617568.013.000) 08/27 20:49:33 Started transferring input files
	Transferring to host: <188.185.192.34:9618?addrs=188.185.192.34-9618+[2001-1458-303-1f--100-1e]-9618&alias=b9p13p8814.cern.ch&noUDP&sock=slot1_12_3879776_ec43_77169>
...
001 (15617568.013.000) 08/27 20:49:33 Job executing on host: <188.185.192.34:9618?addrs=188.185.192.34-9618+[2001-1458-303-1f--100-1e]-9618&alias=b9p13p8814.cern.ch&noUDP&sock=startd_3879697_0568>
	SlotName: slot1_12@b9p13p8814.cern.ch
	CondorScratchDir = "/pool/condor/dir_867546"
	Cpus = 1
	Disk = 3837
	GPUs = 0
	Memory = 3000
...
040 (15617568.013.000) 08/27 20:49:33 Finished transferring input files
...
040 (15617568.012.000) 08/27 20:49:33 Started transferring input files
	Transferring to host: <188.185.209.222:9618?addrs=188.185.209.222-9618+[2001-1458-303-12--100-5b]-9618&alias=b9p12p3106.cern.ch&noUDP&sock=slot1_36_1813652_a791_67998>
...
040 (15617568.012.000) 08/27 20:49:33 Finished transferring input files
...
001 (15617568.012.000) 08/27 20:49:33 Job executing on host: <188.185.209.222:9618?addrs=188.185.209.222-9618+[2001-1458-303-12--100-5b]-9618&alias=b9p12p3106.cern.ch&noUDP&sock=startd_1813612_8f8a>
	SlotName: slot1_36@b9p12p3106.cern.ch
	CondorScratchDir = "/pool/condor/dir_1650231"
	Cpus = 1
	Disk = 3570
	GPUs = 0
	Memory = 3000
...
040 (15617568.014.000) 08/27 20:49:34 Started transferring input files
	Transferring to host: <188.185.212.157:9618?addrs=188.185.212.157-9618+[2001-1458-303-19--100-19]-9618&alias=b9p26p9563.cern.ch&noUDP&sock=slot1_14_7358_2064_99558>
...
001 (15617568.014.000) 08/27 20:49:34 Job executing on host: <188.185.212.157:9618?addrs=188.185.212.157-9618+[2001-1458-303-19--100-19]-9618&alias=b9p26p9563.cern.ch&noUDP&sock=startd_6503_1877>
	SlotName: slot1_14@b9p26p9563.cern.ch
	CondorScratchDir = "/pool/condor/dir_3620939"
	Cpus = 1
	Disk = 3833
	GPUs = 0
	Memory = 3000
...
040 (15617568.014.000) 08/27 20:49:34 Finished transferring input files
...
040 (15617568.016.000) 08/27 20:49:34 Started transferring input files
	Transferring to host: <188.185.194.168:9618?addrs=188.185.194.168-9618+[2001-1458-303-21--100-a4]-9618&alias=b9p20p8660.cern.ch&noUDP&sock=slot1_41_2862067_ddba_71317>
...
001 (15617568.016.000) 08/27 20:49:34 Job executing on host: <188.185.194.168:9618?addrs=188.185.194.168-9618+[2001-1458-303-21--100-a4]-9618&alias=b9p20p8660.cern.ch&noUDP&sock=startd_2861987_9c50>
	SlotName: slot1_41@b9p20p8660.cern.ch
	CondorScratchDir = "/pool/condor/dir_2153029"
	Cpus = 1
	Disk = 3767
	GPUs = 0
	Memory = 3000
...
040 (15617568.015.000) 08/27 20:49:34 Started transferring input files
	Transferring to host: <188.185.212.190:9618?addrs=188.185.212.190-9618+[2001-1458-303-19--100-3a]-9618&alias=b9p26p9908.cern.ch&noUDP&sock=slot1_26_8248_3648_99443>
...
040 (15617568.016.000) 08/27 20:49:34 Finished transferring input files
...
040 (15617568.015.000) 08/27 20:49:34 Finished transferring input files
...
001 (15617568.015.000) 08/27 20:49:34 Job executing on host: <188.185.212.190:9618?addrs=188.185.212.190-9618+[2001-1458-303-19--100-3a]-9618&alias=b9p26p9908.cern.ch&noUDP&sock=startd_7639_4c0e>
	SlotName: slot1_26@b9p26p9908.cern.ch
	CondorScratchDir = "/pool/condor/dir_2407717"
	Cpus = 1
	Disk = 3810
	GPUs = 0
	Memory = 3000
...
040 (15617568.017.000) 08/27 20:49:35 Started transferring input files
	Transferring to host: <188.185.213.15:9618?addrs=188.185.213.15-9618+[2001-1458-303-1a--100-b]-9618&alias=b9p27p4645.cern.ch&noUDP&sock=slot1_7_8730_d31c_95674>
...
040 (15617568.018.000) 08/27 20:49:35 Started transferring input files
	Transferring to host: <188.185.213.26:9618?addrs=188.185.213.26-9618+[2001-1458-303-1a--100-16]-9618&alias=b9p27p0753.cern.ch&noUDP&sock=slot1_3_7508_d0aa_98032>
...
001 (15617568.017.000) 08/27 20:49:35 Job executing on host: <188.185.213.15:9618?addrs=188.185.213.15-9618+[2001-1458-303-1a--100-b]-9618&alias=b9p27p4645.cern.ch&noUDP&sock=startd_7824_3113>
	SlotName: slot1_7@b9p27p4645.cern.ch
	CondorScratchDir = "/pool/condor/dir_204417"
	Cpus = 1
	Disk = 3786
	GPUs = 0
	Memory = 3000
...
040 (15617568.017.000) 08/27 20:49:35 Finished transferring input files
...
001 (15617568.018.000) 08/27 20:49:35 Job executing on host: <188.185.213.26:9618?addrs=188.185.213.26-9618+[2001-1458-303-1a--100-16]-9618&alias=b9p27p0753.cern.ch&noUDP&sock=startd_6418_caeb>
	SlotName: slot1_3@b9p27p0753.cern.ch
	CondorScratchDir = "/pool/condor/dir_286059"
	Cpus = 1
	Disk = 3854
	GPUs = 0
	Memory = 3000
...
040 (15617568.018.000) 08/27 20:49:35 Finished transferring input files
...
040 (15617568.019.000) 08/27 20:49:35 Started transferring input files
	Transferring to host: <188.185.207.27:9618?addrs=188.185.207.27-9618+[2001-1458-303-d--100-18]-9618&alias=b9p07p3688.cern.ch&noUDP&sock=slot1_7_654148_3162_29674>
...
001 (15617568.019.000) 08/27 20:49:35 Job executing on host: <188.185.207.27:9618?addrs=188.185.207.27-9618+[2001-1458-303-d--100-18]-9618&alias=b9p07p3688.cern.ch&noUDP&sock=startd_7365_5b1b>
	SlotName: slot1_7@b9p07p3688.cern.ch
	CondorScratchDir = "/pool/condor/dir_1898273"
	Cpus = 1
	Disk = 3766
	GPUs = 0
	Memory = 3000
...
040 (15617568.019.000) 08/27 20:49:35 Finished transferring input files
...
006 (15617568.000.000) 08/27 20:49:37 Image size of job updated: 182336
	179  -  MemoryUsage of job (MB)
	182336  -  ResidentSetSize of job (KB)
...
006 (15617568.004.000) 08/27 20:49:39 Image size of job updated: 413496
	404  -  MemoryUsage of job (MB)
	413496  -  ResidentSetSize of job (KB)
...
040 (15617568.008.000) 08/27 20:49:39 Started transferring input files
	Transferring to host: <188.185.207.62:9618?addrs=188.185.207.62-9618+[2001-1458-303-d--100-3b]-9618&alias=b9p07p7998.cern.ch&noUDP&sock=slot1_12_9119_e90c_79896>
...
001 (15617568.008.000) 08/27 20:49:39 Job executing on host: <188.185.207.62:9618?addrs=188.185.207.62-9618+[2001-1458-303-d--100-3b]-9618&alias=b9p07p7998.cern.ch&noUDP&sock=startd_9029_b8b2>
	SlotName: slot1_12@b9p07p7998.cern.ch
	CondorScratchDir = "/pool/condor/dir_213806"
	Cpus = 1
	Disk = 3570
	GPUs = 0
	Memory = 3000
...
040 (15617568.008.000) 08/27 20:49:39 Finished transferring input files
...
006 (15617568.001.000) 08/27 20:49:39 Image size of job updated: 438592
	429  -  MemoryUsage of job (MB)
	438592  -  ResidentSetSize of job (KB)
...
006 (15617568.005.000) 08/27 20:49:40 Image size of job updated: 408332
	399  -  MemoryUsage of job (MB)
	408332  -  ResidentSetSize of job (KB)
...
006 (15617568.003.000) 08/27 20:49:44 Image size of job updated: 40592
	40  -  MemoryUsage of job (MB)
	40592  -  ResidentSetSize of job (KB)
...
006 (15617568.006.000) 08/27 20:49:44 Image size of job updated: 147628
	145  -  MemoryUsage of job (MB)
	147628  -  ResidentSetSize of job (KB)
...
006 (15617568.002.000) 08/27 20:49:44 Image size of job updated: 66768
	66  -  MemoryUsage of job (MB)
	66768  -  ResidentSetSize of job (KB)
...
006 (15617568.007.000) 08/27 20:49:45 Image size of job updated: 171112
	168  -  MemoryUsage of job (MB)
	171112  -  ResidentSetSize of job (KB)
...
006 (15617568.009.000) 08/27 20:49:45 Image size of job updated: 117160
	115  -  MemoryUsage of job (MB)
	117160  -  ResidentSetSize of job (KB)
...
006 (15617568.011.000) 08/27 20:49:46 Image size of job updated: 112448
	110  -  MemoryUsage of job (MB)
	112448  -  ResidentSetSize of job (KB)
...
006 (15617568.010.000) 08/27 20:49:46 Image size of job updated: 171120
	168  -  MemoryUsage of job (MB)
	171120  -  ResidentSetSize of job (KB)
...
006 (15617568.014.000) 08/27 20:49:47 Image size of job updated: 139584
	137  -  MemoryUsage of job (MB)
	139584  -  ResidentSetSize of job (KB)
...
006 (15617568.016.000) 08/27 20:49:47 Image size of job updated: 90856
	89  -  MemoryUsage of job (MB)
	90856  -  ResidentSetSize of job (KB)
...
006 (15617568.013.000) 08/27 20:49:47 Image size of job updated: 125660
	123  -  MemoryUsage of job (MB)
	125660  -  ResidentSetSize of job (KB)
...
006 (15617568.012.000) 08/27 20:49:47 Image size of job updated: 992
	1  -  MemoryUsage of job (MB)
	936  -  ResidentSetSize of job (KB)
...
006 (15617568.017.000) 08/27 20:49:48 Image size of job updated: 163764
	160  -  MemoryUsage of job (MB)
	163764  -  ResidentSetSize of job (KB)
...
006 (15617568.018.000) 08/27 20:49:48 Image size of job updated: 135472
	133  -  MemoryUsage of job (MB)
	135472  -  ResidentSetSize of job (KB)
...
006 (15617568.015.000) 08/27 20:49:48 Image size of job updated: 160840
	158  -  MemoryUsage of job (MB)
	160840  -  ResidentSetSize of job (KB)
...
006 (15617568.019.000) 08/27 20:49:49 Image size of job updated: 141804
	139  -  MemoryUsage of job (MB)
	141804  -  ResidentSetSize of job (KB)
...
006 (15617568.008.000) 08/27 20:49:53 Image size of job updated: 166456
	163  -  MemoryUsage of job (MB)
	166456  -  ResidentSetSize of job (KB)
...
006 (15617568.000.000) 08/27 20:54:37 Image size of job updated: 687956
	672  -  MemoryUsage of job (MB)
	687956  -  ResidentSetSize of job (KB)
...
006 (15617568.004.000) 08/27 20:54:39 Image size of job updated: 640688
	626  -  MemoryUsage of job (MB)
	640688  -  ResidentSetSize of job (KB)
...
006 (15617568.001.000) 08/27 20:54:40 Image size of job updated: 683936
	668  -  MemoryUsage of job (MB)
	683936  -  ResidentSetSize of job (KB)
...
006 (15617568.005.000) 08/27 20:54:40 Image size of job updated: 641648
	627  -  MemoryUsage of job (MB)
	641648  -  ResidentSetSize of job (KB)
...
006 (15617568.003.000) 08/27 20:54:44 Image size of job updated: 765592
	284  -  MemoryUsage of job (MB)
	290312  -  ResidentSetSize of job (KB)
...
006 (15617568.006.000) 08/27 20:54:44 Image size of job updated: 781384
	308  -  MemoryUsage of job (MB)
	314604  -  ResidentSetSize of job (KB)
...
006 (15617568.002.000) 08/27 20:54:45 Image size of job updated: 768312
	281  -  MemoryUsage of job (MB)
	287628  -  ResidentSetSize of job (KB)
...
006 (15617568.007.000) 08/27 20:54:45 Image size of job updated: 779540
	291  -  MemoryUsage of job (MB)
	297700  -  ResidentSetSize of job (KB)
...
006 (15617568.011.000) 08/27 20:54:46 Image size of job updated: 774552
	320  -  MemoryUsage of job (MB)
	326992  -  ResidentSetSize of job (KB)
...
006 (15617568.009.000) 08/27 20:54:46 Image size of job updated: 773896
	291  -  MemoryUsage of job (MB)
	297352  -  ResidentSetSize of job (KB)
...
006 (15617568.014.000) 08/27 20:54:47 Image size of job updated: 780424
	298  -  MemoryUsage of job (MB)
	304980  -  ResidentSetSize of job (KB)
...
006 (15617568.016.000) 08/27 20:54:47 Image size of job updated: 779372
	290  -  MemoryUsage of job (MB)
	296612  -  ResidentSetSize of job (KB)
...
006 (15617568.010.000) 08/27 20:54:47 Image size of job updated: 773028
	315  -  MemoryUsage of job (MB)
	322428  -  ResidentSetSize of job (KB)
...
006 (15617568.012.000) 08/27 20:54:48 Image size of job updated: 777076
	279  -  MemoryUsage of job (MB)
	285452  -  ResidentSetSize of job (KB)
...
006 (15617568.017.000) 08/27 20:54:48 Image size of job updated: 776196
	350  -  MemoryUsage of job (MB)
	358136  -  ResidentSetSize of job (KB)
...
006 (15617568.018.000) 08/27 20:54:48 Image size of job updated: 775792
	295  -  MemoryUsage of job (MB)
	302036  -  ResidentSetSize of job (KB)
...
006 (15617568.013.000) 08/27 20:54:48 Image size of job updated: 773972
	295  -  MemoryUsage of job (MB)
	301348  -  ResidentSetSize of job (KB)
...
006 (15617568.015.000) 08/27 20:54:49 Image size of job updated: 773392
	293  -  MemoryUsage of job (MB)
	299072  -  ResidentSetSize of job (KB)
...
006 (15617568.019.000) 08/27 20:54:50 Image size of job updated: 778224
	289  -  MemoryUsage of job (MB)
	295828  -  ResidentSetSize of job (KB)
...
006 (15617568.008.000) 08/27 20:54:54 Image size of job updated: 775652
	292  -  MemoryUsage of job (MB)
	298776  -  ResidentSetSize of job (KB)
...
006 (15617568.017.000) 08/27 20:59:21 Image size of job updated: 1640660
	350  -  MemoryUsage of job (MB)
	358136  -  ResidentSetSize of job (KB)
...
040 (15617568.017.000) 08/27 20:59:21 Started transferring output files
...
040 (15617568.017.000) 08/27 20:59:23 Finished transferring output files
...
005 (15617568.017.000) 08/27 20:59:23 Job terminated.
	(1) Normal termination (return value 50)
		Usr 0 00:03:21, Sys 0 00:00:10  -  Run Remote Usage
		Usr 0 00:00:00, Sys 0 00:00:00  -  Run Local Usage
		Usr 0 00:03:21, Sys 0 00:00:10  -  Total Remote Usage
		Usr 0 00:00:00, Sys 0 00:00:00  -  Total Local Usage
	57338  -  Run Bytes Sent By Job
	1153  -  Run Bytes Received By Job
	57338  -  Total Bytes Sent By Job
	1153  -  Total Bytes Received By Job
	Partitionable Resources :      Usage  Request Allocated 
	   Cpus                 :       0.99        1         1 
	   Disk (KB)            : 1136838           2      3786 
	   GPUs                 :                             0 
	   Memory (MB)          :     350        3000      3000 

	Job terminated of its own accord at 2025-08-27T18:59:21Z with exit-code 50.
...
006 (15617568.000.000) 08/27 20:59:38 Image size of job updated: 737572
	721  -  MemoryUsage of job (MB)
	737572  -  ResidentSetSize of job (KB)
...
006 (15617568.004.000) 08/27 20:59:40 Image size of job updated: 689512
	674  -  MemoryUsage of job (MB)
	689512  -  ResidentSetSize of job (KB)
...
006 (15617568.001.000) 08/27 20:59:40 Image size of job updated: 744896
	728  -  MemoryUsage of job (MB)
	744896  -  ResidentSetSize of job (KB)
...
006 (15617568.005.000) 08/27 20:59:41 Image size of job updated: 694048
	678  -  MemoryUsage of job (MB)
	694048  -  ResidentSetSize of job (KB)
...
006 (15617568.003.000) 08/27 20:59:44 Image size of job updated: 765592
	337  -  MemoryUsage of job (MB)
	344344  -  ResidentSetSize of job (KB)
...
006 (15617568.006.000) 08/27 20:59:45 Image size of job updated: 781384
	359  -  MemoryUsage of job (MB)
	366672  -  ResidentSetSize of job (KB)
...
006 (15617568.002.000) 08/27 20:59:45 Image size of job updated: 768312
	333  -  MemoryUsage of job (MB)
	340976  -  ResidentSetSize of job (KB)
...
006 (15617568.007.000) 08/27 20:59:46 Image size of job updated: 779540
	343  -  MemoryUsage of job (MB)
	350756  -  ResidentSetSize of job (KB)
...
006 (15617568.011.000) 08/27 20:59:47 Image size of job updated: 774552
	371  -  MemoryUsage of job (MB)
	379348  -  ResidentSetSize of job (KB)
...
006 (15617568.009.000) 08/27 20:59:47 Image size of job updated: 773896
	341  -  MemoryUsage of job (MB)
	348436  -  ResidentSetSize of job (KB)
...
006 (15617568.016.000) 08/27 20:59:48 Image size of job updated: 779372
	342  -  MemoryUsage of job (MB)
	349196  -  ResidentSetSize of job (KB)
...
006 (15617568.010.000) 08/27 20:59:48 Image size of job updated: 773028
	366  -  MemoryUsage of job (MB)
	374328  -  ResidentSetSize of job (KB)
...
006 (15617568.014.000) 08/27 20:59:48 Image size of job updated: 780424
	349  -  MemoryUsage of job (MB)
	357316  -  ResidentSetSize of job (KB)
...
006 (15617568.012.000) 08/27 20:59:48 Image size of job updated: 777076
	331  -  MemoryUsage of job (MB)
	338240  -  ResidentSetSize of job (KB)
...
006 (15617568.018.000) 08/27 20:59:49 Image size of job updated: 775792
	346  -  MemoryUsage of job (MB)
	353904  -  ResidentSetSize of job (KB)
...
006 (15617568.013.000) 08/27 20:59:49 Image size of job updated: 773972
	346  -  MemoryUsage of job (MB)
	353720  -  ResidentSetSize of job (KB)
...
006 (15617568.015.000) 08/27 20:59:50 Image size of job updated: 773392
	343  -  MemoryUsage of job (MB)
	351160  -  ResidentSetSize of job (KB)
...
006 (15617568.019.000) 08/27 20:59:51 Image size of job updated: 778224
	341  -  MemoryUsage of job (MB)
	348200  -  ResidentSetSize of job (KB)
...
006 (15617568.008.000) 08/27 20:59:55 Image size of job updated: 775652
	343  -  MemoryUsage of job (MB)
	351152  -  ResidentSetSize of job (KB)
...
006 (15617568.006.000) 08/27 21:02:56 Image size of job updated: 1571472
	359  -  MemoryUsage of job (MB)
	366672  -  ResidentSetSize of job (KB)
...
040 (15617568.006.000) 08/27 21:02:56 Started transferring output files
...
040 (15617568.006.000) 08/27 21:02:57 Finished transferring output files
...
005 (15617568.006.000) 08/27 21:02:57 Job terminated.
	(1) Normal termination (return value 50)
		Usr 0 00:02:11, Sys 0 00:00:09  -  Run Remote Usage
		Usr 0 00:00:00, Sys 0 00:00:00  -  Run Local Usage
		Usr 0 00:02:11, Sys 0 00:00:09  -  Total Remote Usage
		Usr 0 00:00:00, Sys 0 00:00:00  -  Total Local Usage
	57323  -  Run Bytes Sent By Job
	1153  -  Run Bytes Received By Job
	57323  -  Total Bytes Sent By Job
	1153  -  Total Bytes Received By Job
	Partitionable Resources :     Usage  Request Allocated 
	   Cpus                 :      0.00        1         1 
	   Disk (KB)            : 793370           2      3712 
	   GPUs                 :                            0 
	   Memory (MB)          :    359        3000      3000 

	Job terminated of its own accord at 2025-08-27T19:02:56Z with exit-code 50.
...
006 (15617568.011.000) 08/27 21:03:14 Image size of job updated: 1640092
	371  -  MemoryUsage of job (MB)
	379348  -  ResidentSetSize of job (KB)
...
040 (15617568.011.000) 08/27 21:03:14 Started transferring output files
...
040 (15617568.011.000) 08/27 21:03:15 Finished transferring output files
...
005 (15617568.011.000) 08/27 21:03:15 Job terminated.
	(1) Normal termination (return value 50)
		Usr 0 00:04:17, Sys 0 00:00:07  -  Run Remote Usage
		Usr 0 00:00:00, Sys 0 00:00:00  -  Run Local Usage
		Usr 0 00:04:17, Sys 0 00:00:07  -  Total Remote Usage
		Usr 0 00:00:00, Sys 0 00:00:00  -  Total Local Usage
	57328  -  Run Bytes Sent By Job
	1153  -  Run Bytes Received By Job
	57328  -  Total Bytes Sent By Job
	1153  -  Total Bytes Received By Job
	Partitionable Resources :      Usage  Request Allocated 
	   Cpus                 :       0.00        1         1 
	   Disk (KB)            : 1122198           2      3825 
	   GPUs                 :                             0 
	   Memory (MB)          :     371        3000      3000 

	Job terminated of its own accord at 2025-08-27T19:03:14Z with exit-code 50.
...
006 (15617568.010.000) 08/27 21:03:19 Image size of job updated: 1648576
	366  -  MemoryUsage of job (MB)
	374328  -  ResidentSetSize of job (KB)
...
040 (15617568.010.000) 08/27 21:03:19 Started transferring output files
...
040 (15617568.010.000) 08/27 21:03:20 Finished transferring output files
...
005 (15617568.010.000) 08/27 21:03:20 Job terminated.
	(1) Normal termination (return value 50)
		Usr 0 00:03:19, Sys 0 00:00:09  -  Run Remote Usage
		Usr 0 00:00:00, Sys 0 00:00:00  -  Run Local Usage
		Usr 0 00:03:19, Sys 0 00:00:09  -  Total Remote Usage
		Usr 0 00:00:00, Sys 0 00:00:00  -  Total Local Usage
	57267  -  Run Bytes Sent By Job
	1153  -  Run Bytes Received By Job
	57267  -  Total Bytes Sent By Job
	1153  -  Total Bytes Received By Job
	Partitionable Resources :      Usage  Request Allocated 
	   Cpus                 :       0.00        1         1 
	   Disk (KB)            : 1123791           2      3597 
	   GPUs                 :                             0 
	   Memory (MB)          :     366        3000      3000 

	Job terminated of its own accord at 2025-08-27T19:03:19Z with exit-code 50.
...
006 (15617568.014.000) 08/27 21:04:28 Image size of job updated: 1618672
	349  -  MemoryUsage of job (MB)
	357320  -  ResidentSetSize of job (KB)
...
040 (15617568.014.000) 08/27 21:04:28 Started transferring output files
...
040 (15617568.014.000) 08/27 21:04:29 Finished transferring output files
...
005 (15617568.014.000) 08/27 21:04:29 Job terminated.
	(1) Normal termination (return value 50)
		Usr 0 00:02:52, Sys 0 00:00:09  -  Run Remote Usage
		Usr 0 00:00:00, Sys 0 00:00:00  -  Run Local Usage
		Usr 0 00:02:52, Sys 0 00:00:09  -  Total Remote Usage
		Usr 0 00:00:00, Sys 0 00:00:00  -  Total Local Usage
	57051  -  Run Bytes Sent By Job
	1153  -  Run Bytes Received By Job
	57051  -  Total Bytes Sent By Job
	1153  -  Total Bytes Received By Job
	Partitionable Resources :     Usage  Request Allocated 
	   Cpus                 :      0.00        1         1 
	   Disk (KB)            : 938275           2      3833 
	   GPUs                 :                            0 
	   Memory (MB)          :    349        3000      3000 

	Job terminated of its own accord at 2025-08-27T19:04:28Z with exit-code 50.
...
006 (15617568.004.000) 08/27 21:04:40 Image size of job updated: 1282876
	1253  -  MemoryUsage of job (MB)
	1282876  -  ResidentSetSize of job (KB)
...
006 (15617568.001.000) 08/27 21:04:41 Image size of job updated: 1762800
	1722  -  MemoryUsage of job (MB)
	1762800  -  ResidentSetSize of job (KB)
...
006 (15617568.005.000) 08/27 21:04:41 Image size of job updated: 1425172
	1392  -  MemoryUsage of job (MB)
	1425172  -  ResidentSetSize of job (KB)
...
006 (15617568.018.000) 08/27 21:04:44 Image size of job updated: 1630828
	346  -  MemoryUsage of job (MB)
	353904  -  ResidentSetSize of job (KB)
...
040 (15617568.018.000) 08/27 21:04:44 Started transferring output files
...
040 (15617568.018.000) 08/27 21:04:45 Finished transferring output files
...
005 (15617568.018.000) 08/27 21:04:45 Job terminated.
	(1) Normal termination (return value 50)
		Usr 0 00:02:52, Sys 0 00:00:10  -  Run Remote Usage
		Usr 0 00:00:00, Sys 0 00:00:00  -  Run Local Usage
		Usr 0 00:02:52, Sys 0 00:00:10  -  Total Remote Usage
		Usr 0 00:00:00, Sys 0 00:00:00  -  Total Local Usage
	57389  -  Run Bytes Sent By Job
	1153  -  Run Bytes Received By Job
	57389  -  Total Bytes Sent By Job
	1153  -  Total Bytes Received By Job
	Partitionable Resources :     Usage  Request Allocated 
	   Cpus                 :      0.00        1         1 
	   Disk (KB)            : 954759           2      3854 
	   GPUs                 :                            0 
	   Memory (MB)          :    346        3000      3000 

	Job terminated of its own accord at 2025-08-27T19:04:44Z with exit-code 50.
...
006 (15617568.003.000) 08/27 21:04:45 Image size of job updated: 863696
	844  -  MemoryUsage of job (MB)
	863696  -  ResidentSetSize of job (KB)
...
006 (15617568.002.000) 08/27 21:04:46 Image size of job updated: 917684
	897  -  MemoryUsage of job (MB)
	917684  -  ResidentSetSize of job (KB)
...
006 (15617568.009.000) 08/27 21:04:47 Image size of job updated: 1639192
	341  -  MemoryUsage of job (MB)
	348436  -  ResidentSetSize of job (KB)
...
006 (15617568.007.000) 08/27 21:04:47 Image size of job updated: 1662428
	401  -  MemoryUsage of job (MB)
	410304  -  ResidentSetSize of job (KB)
...
006 (15617568.016.000) 08/27 21:04:48 Image size of job updated: 1632208
	1594  -  MemoryUsage of job (MB)
	1632208  -  ResidentSetSize of job (KB)
...
006 (15617568.012.000) 08/27 21:04:49 Image size of job updated: 1039260
	1015  -  MemoryUsage of job (MB)
	1039260  -  ResidentSetSize of job (KB)
...
006 (15617568.013.000) 08/27 21:04:49 Image size of job updated: 1612520
	346  -  MemoryUsage of job (MB)
	353720  -  ResidentSetSize of job (KB)
...
006 (15617568.015.000) 08/27 21:04:50 Image size of job updated: 1585408
	1549  -  MemoryUsage of job (MB)
	1585408  -  ResidentSetSize of job (KB)
...
040 (15617568.007.000) 08/27 21:04:50 Started transferring output files
...
040 (15617568.007.000) 08/27 21:04:50 Finished transferring output files
...
005 (15617568.007.000) 08/27 21:04:51 Job terminated.
	(1) Normal termination (return value 50)
		Usr 0 00:02:54, Sys 0 00:00:10  -  Run Remote Usage
		Usr 0 00:00:00, Sys 0 00:00:00  -  Run Local Usage
		Usr 0 00:02:54, Sys 0 00:00:10  -  Total Remote Usage
		Usr 0 00:00:00, Sys 0 00:00:00  -  Total Local Usage
	57446  -  Run Bytes Sent By Job
	1153  -  Run Bytes Received By Job
	57446  -  Total Bytes Sent By Job
	1153  -  Total Bytes Received By Job
	Partitionable Resources :     Usage  Request Allocated 
	   Cpus                 :      0.01        1         1 
	   Disk (KB)            : 874290           2      3725 
	   GPUs                 :                            0 
	   Memory (MB)          :    401        3000      3000 

	Job terminated of its own accord at 2025-08-27T19:04:50Z with exit-code 50.
...
006 (15617568.019.000) 08/27 21:04:51 Image size of job updated: 1611316
	1574  -  MemoryUsage of job (MB)
	1611316  -  ResidentSetSize of job (KB)
...
040 (15617568.000.000) 08/27 21:04:53 Started transferring output files
...
040 (15617568.000.000) 08/27 21:04:53 Finished transferring output files
...
005 (15617568.000.000) 08/27 21:04:53 Job terminated.
	(1) Normal termination (return value 50)
		Usr 0 00:03:29, Sys 0 00:00:14  -  Run Remote Usage
		Usr 0 00:00:00, Sys 0 00:00:00  -  Run Local Usage
		Usr 0 00:03:29, Sys 0 00:00:14  -  Total Remote Usage
		Usr 0 00:00:00, Sys 0 00:00:00  -  Total Local Usage
	57387  -  Run Bytes Sent By Job
	1153  -  Run Bytes Received By Job
	57387  -  Total Bytes Sent By Job
	1153  -  Total Bytes Received By Job
	Partitionable Resources :     Usage  Request Allocated 
	   Cpus                 :      0.98        1         1 
	   Disk (KB)            : 931607           2      3792 
	   GPUs                 :                            0 
	   Memory (MB)          :    721        3000      3000 

	Job terminated of its own accord at 2025-08-27T19:04:53Z with exit-code 50.
...
006 (15617568.008.000) 08/27 21:04:55 Image size of job updated: 1644300
	343  -  MemoryUsage of job (MB)
	351152  -  ResidentSetSize of job (KB)
...
040 (15617568.013.000) 08/27 21:04:57 Started transferring output files
...
040 (15617568.013.000) 08/27 21:04:57 Finished transferring output files
...
005 (15617568.013.000) 08/27 21:04:57 Job terminated.
	(1) Normal termination (return value 50)
		Usr 0 00:03:38, Sys 0 00:00:09  -  Run Remote Usage
		Usr 0 00:00:00, Sys 0 00:00:00  -  Run Local Usage
		Usr 0 00:03:38, Sys 0 00:00:09  -  Total Remote Usage
		Usr 0 00:00:00, Sys 0 00:00:00  -  Total Local Usage
	57203  -  Run Bytes Sent By Job
	1153  -  Run Bytes Received By Job
	57203  -  Total Bytes Sent By Job
	1153  -  Total Bytes Received By Job
	Partitionable Resources :     Usage  Request Allocated 
	   Cpus                 :      0.01        1         1 
	   Disk (KB)            : 786953           2      3837 
	   GPUs                 :                            0 
	   Memory (MB)          :    346        3000      3000 

	Job terminated of its own accord at 2025-08-27T19:04:57Z with exit-code 50.
...
040 (15617568.009.000) 08/27 21:05:06 Started transferring output files
...
040 (15617568.009.000) 08/27 21:05:06 Finished transferring output files
...
005 (15617568.009.000) 08/27 21:05:06 Job terminated.
	(1) Normal termination (return value 50)
		Usr 0 00:02:53, Sys 0 00:00:10  -  Run Remote Usage
		Usr 0 00:00:00, Sys 0 00:00:00  -  Run Local Usage
		Usr 0 00:02:53, Sys 0 00:00:10  -  Total Remote Usage
		Usr 0 00:00:00, Sys 0 00:00:00  -  Total Local Usage
	57106  -  Run Bytes Sent By Job
	1153  -  Run Bytes Received By Job
	57106  -  Total Bytes Sent By Job
	1153  -  Total Bytes Received By Job
	Partitionable Resources :     Usage  Request Allocated 
	   Cpus                 :      0.98        1         1 
	   Disk (KB)            : 912166           2      3617 
	   GPUs                 :                            0 
	   Memory (MB)          :    341        3000      3000 

	Job terminated of its own accord at 2025-08-27T19:05:06Z with exit-code 50.
...
040 (15617568.008.000) 08/27 21:05:18 Started transferring output files
...
040 (15617568.008.000) 08/27 21:05:19 Finished transferring output files
...
005 (15617568.008.000) 08/27 21:05:19 Job terminated.
	(1) Normal termination (return value 50)
		Usr 0 00:03:10, Sys 0 00:00:11  -  Run Remote Usage
		Usr 0 00:00:00, Sys 0 00:00:00  -  Run Local Usage
		Usr 0 00:03:10, Sys 0 00:00:11  -  Total Remote Usage
		Usr 0 00:00:00, Sys 0 00:00:00  -  Total Local Usage
	57219  -  Run Bytes Sent By Job
	1153  -  Run Bytes Received By Job
	57219  -  Total Bytes Sent By Job
	1153  -  Total Bytes Received By Job
	Partitionable Resources :      Usage  Request Allocated 
	   Cpus                 :       0.98        1         1 
	   Disk (KB)            : 1000004           2      3570 
	   GPUs                 :                             0 
	   Memory (MB)          :     343        3000      3000 

	Job terminated of its own accord at 2025-08-27T19:05:18Z with exit-code 50.
...
040 (15617568.015.000) 08/27 21:05:26 Started transferring output files
...
040 (15617568.015.000) 08/27 21:05:26 Finished transferring output files
...
005 (15617568.015.000) 08/27 21:05:26 Job terminated.
	(1) Normal termination (return value 50)
		Usr 0 00:03:25, Sys 0 00:00:11  -  Run Remote Usage
		Usr 0 00:00:00, Sys 0 00:00:00  -  Run Local Usage
		Usr 0 00:03:25, Sys 0 00:00:11  -  Total Remote Usage
		Usr 0 00:00:00, Sys 0 00:00:00  -  Total Local Usage
	57276  -  Run Bytes Sent By Job
	1153  -  Run Bytes Received By Job
	57276  -  Total Bytes Sent By Job
	1153  -  Total Bytes Received By Job
	Partitionable Resources :      Usage  Request Allocated 
	   Cpus                 :       0.01        1         1 
	   Disk (KB)            : 1076532           2      3810 
	   GPUs                 :                             0 
	   Memory (MB)          :    1549        3000      3000 

	Job terminated of its own accord at 2025-08-27T19:05:26Z with exit-code 50.
...
006 (15617568.016.000) 08/27 21:05:34 Image size of job updated: 1632212
	1594  -  MemoryUsage of job (MB)
	1632208  -  ResidentSetSize of job (KB)
...
040 (15617568.016.000) 08/27 21:05:34 Started transferring output files
...
040 (15617568.016.000) 08/27 21:05:34 Finished transferring output files
...
005 (15617568.016.000) 08/27 21:05:34 Job terminated.
	(1) Normal termination (return value 50)
		Usr 0 00:03:32, Sys 0 00:00:08  -  Run Remote Usage
		Usr 0 00:00:00, Sys 0 00:00:00  -  Run Local Usage
		Usr 0 00:03:32, Sys 0 00:00:08  -  Total Remote Usage
		Usr 0 00:00:00, Sys 0 00:00:00  -  Total Local Usage
	57324  -  Run Bytes Sent By Job
	1153  -  Run Bytes Received By Job
	57324  -  Total Bytes Sent By Job
	1153  -  Total Bytes Received By Job
	Partitionable Resources :     Usage  Request Allocated 
	   Cpus                 :      0.01        1         1 
	   Disk (KB)            : 771504           2      3767 
	   GPUs                 :                            0 
	   Memory (MB)          :   1594        3000      3000 

	Job terminated of its own accord at 2025-08-27T19:05:34Z with exit-code 50.
...
006 (15617568.019.000) 08/27 21:05:34 Image size of job updated: 1612512
	1574  -  MemoryUsage of job (MB)
	1611316  -  ResidentSetSize of job (KB)
...
040 (15617568.019.000) 08/27 21:05:34 Started transferring output files
...
040 (15617568.019.000) 08/27 21:05:34 Finished transferring output files
...
005 (15617568.019.000) 08/27 21:05:34 Job terminated.
	(1) Normal termination (return value 50)
		Usr 0 00:03:24, Sys 0 00:00:11  -  Run Remote Usage
		Usr 0 00:00:00, Sys 0 00:00:00  -  Run Local Usage
		Usr 0 00:03:24, Sys 0 00:00:11  -  Total Remote Usage
		Usr 0 00:00:00, Sys 0 00:00:00  -  Total Local Usage
	57446  -  Run Bytes Sent By Job
	1153  -  Run Bytes Received By Job
	57446  -  Total Bytes Sent By Job
	1153  -  Total Bytes Received By Job
	Partitionable Resources :     Usage  Request Allocated 
	   Cpus                 :      0.00        1         1 
	   Disk (KB)            : 976454           2      3766 
	   GPUs                 :                            0 
	   Memory (MB)          :   1574        3000      3000 

	Job terminated of its own accord at 2025-08-27T19:05:34Z with exit-code 50.
...
040 (15617568.001.000) 08/27 21:06:15 Started transferring output files
...
040 (15617568.001.000) 08/27 21:06:15 Finished transferring output files
...
005 (15617568.001.000) 08/27 21:06:15 Job terminated.
	(1) Normal termination (return value 50)
		Usr 0 00:04:11, Sys 0 00:00:14  -  Run Remote Usage
		Usr 0 00:00:00, Sys 0 00:00:00  -  Run Local Usage
		Usr 0 00:04:11, Sys 0 00:00:14  -  Total Remote Usage
		Usr 0 00:00:00, Sys 0 00:00:00  -  Total Local Usage
	57172  -  Run Bytes Sent By Job
	1153  -  Run Bytes Received By Job
	57172  -  Total Bytes Sent By Job
	1153  -  Total Bytes Received By Job
	Partitionable Resources :      Usage  Request Allocated 
	   Cpus                 :       0.00        1         1 
	   Disk (KB)            : 1046010           2      3790 
	   GPUs                 :                             0 
	   Memory (MB)          :    1722        3000      3000 

	Job terminated of its own accord at 2025-08-27T19:06:15Z with exit-code 50.
...
040 (15617568.004.000) 08/27 21:06:48 Started transferring output files
...
040 (15617568.004.000) 08/27 21:06:48 Finished transferring output files
...
005 (15617568.004.000) 08/27 21:06:48 Job terminated.
	(1) Normal termination (return value 50)
		Usr 0 00:04:04, Sys 0 00:00:10  -  Run Remote Usage
		Usr 0 00:00:00, Sys 0 00:00:00  -  Run Local Usage
		Usr 0 00:04:04, Sys 0 00:00:10  -  Total Remote Usage
		Usr 0 00:00:00, Sys 0 00:00:00  -  Total Local Usage
	57261  -  Run Bytes Sent By Job
	1153  -  Run Bytes Received By Job
	57261  -  Total Bytes Sent By Job
	1153  -  Total Bytes Received By Job
	Partitionable Resources :     Usage  Request Allocated 
	   Cpus                 :      0.01        1         1 
	   Disk (KB)            : 805375           2      2743 
	   GPUs                 :                            0 
	   Memory (MB)          :   1253        3000      3000 

	Job terminated of its own accord at 2025-08-27T19:06:48Z with exit-code 50.
...
040 (15617568.005.000) 08/27 21:07:07 Started transferring output files
...
040 (15617568.005.000) 08/27 21:07:07 Finished transferring output files
...
005 (15617568.005.000) 08/27 21:07:07 Job terminated.
	(1) Normal termination (return value 50)
		Usr 0 00:04:58, Sys 0 00:00:11  -  Run Remote Usage
		Usr 0 00:00:00, Sys 0 00:00:00  -  Run Local Usage
		Usr 0 00:04:58, Sys 0 00:00:11  -  Total Remote Usage
		Usr 0 00:00:00, Sys 0 00:00:00  -  Total Local Usage
	57444  -  Run Bytes Sent By Job
	1153  -  Run Bytes Received By Job
	57444  -  Total Bytes Sent By Job
	1153  -  Total Bytes Received By Job
	Partitionable Resources :     Usage  Request Allocated 
	   Cpus                 :      0.01        1         1 
	   Disk (KB)            : 902389           2      2755 
	   GPUs                 :                            0 
	   Memory (MB)          :   1392        3000      3000 

	Job terminated of its own accord at 2025-08-27T19:07:07Z with exit-code 50.
...
006 (15617568.012.000) 08/27 21:07:46 Image size of job updated: 1635508
	1015  -  MemoryUsage of job (MB)
	1039260  -  ResidentSetSize of job (KB)
...
040 (15617568.012.000) 08/27 21:07:46 Started transferring output files
...
040 (15617568.012.000) 08/27 21:07:46 Finished transferring output files
...
005 (15617568.012.000) 08/27 21:07:46 Job terminated.
	(1) Normal termination (return value 50)
		Usr 0 00:04:55, Sys 0 00:00:20  -  Run Remote Usage
		Usr 0 00:00:00, Sys 0 00:00:00  -  Run Local Usage
		Usr 0 00:04:55, Sys 0 00:00:20  -  Total Remote Usage
		Usr 0 00:00:00, Sys 0 00:00:00  -  Total Local Usage
	57329  -  Run Bytes Sent By Job
	1153  -  Run Bytes Received By Job
	57329  -  Total Bytes Sent By Job
	1153  -  Total Bytes Received By Job
	Partitionable Resources :     Usage  Request Allocated 
	   Cpus                 :      0.01        1         1 
	   Disk (KB)            : 956803           2      3570 
	   GPUs                 :                            0 
	   Memory (MB)          :   1015        3000      3000 

	Job terminated of its own accord at 2025-08-27T19:07:46Z with exit-code 50.
...
006 (15617568.002.000) 08/27 21:08:12 Image size of job updated: 1632264
	897  -  MemoryUsage of job (MB)
	917684  -  ResidentSetSize of job (KB)
...
040 (15617568.002.000) 08/27 21:08:12 Started transferring output files
...
040 (15617568.002.000) 08/27 21:08:12 Finished transferring output files
...
005 (15617568.002.000) 08/27 21:08:12 Job terminated.
	(1) Normal termination (return value 50)
		Usr 0 00:06:23, Sys 0 00:00:14  -  Run Remote Usage
		Usr 0 00:00:00, Sys 0 00:00:00  -  Run Local Usage
		Usr 0 00:06:23, Sys 0 00:00:14  -  Total Remote Usage
		Usr 0 00:00:00, Sys 0 00:00:00  -  Total Local Usage
	57334  -  Run Bytes Sent By Job
	1153  -  Run Bytes Received By Job
	57334  -  Total Bytes Sent By Job
	1153  -  Total Bytes Received By Job
	Partitionable Resources :      Usage  Request Allocated 
	   Cpus                 :       0.97        1         1 
	   Disk (KB)            : 1062848           2      3787 
	   GPUs                 :                             0 
	   Memory (MB)          :     897        3000      3000 

	Job terminated of its own accord at 2025-08-27T19:08:12Z with exit-code 50.
...
006 (15617568.003.000) 08/27 21:09:36 Image size of job updated: 1600400
	844  -  MemoryUsage of job (MB)
	863696  -  ResidentSetSize of job (KB)
...
040 (15617568.003.000) 08/27 21:09:36 Started transferring output files
...
040 (15617568.003.000) 08/27 21:09:36 Finished transferring output files
...
005 (15617568.003.000) 08/27 21:09:36 Job terminated.
	(1) Normal termination (return value 50)
		Usr 0 00:08:00, Sys 0 00:00:13  -  Run Remote Usage
		Usr 0 00:00:00, Sys 0 00:00:00  -  Run Local Usage
		Usr 0 00:08:00, Sys 0 00:00:13  -  Total Remote Usage
		Usr 0 00:00:00, Sys 0 00:00:00  -  Total Local Usage
	57389  -  Run Bytes Sent By Job
	1153  -  Run Bytes Received By Job
	57389  -  Total Bytes Sent By Job
	1153  -  Total Bytes Received By Job
	Partitionable Resources :      Usage  Request Allocated 
	   Cpus                 :       0.01        1         1 
	   Disk (KB)            : 1375323           2      3768 
	   GPUs                 :                             0 
	   Memory (MB)          :     844        3000      3000 

	Job terminated of its own accord at 2025-08-27T19:09:36Z with exit-code 50.
...
