000 (15670995.000.000) 09/16 19:21:49 Job submitted from host: <137.138.44.75:9618?addrs=137.138.44.75-9618+[2001-1458-d00-1a--b]-9618&alias=bigbird14.cern.ch&noUDP&sock=schedd_2076396_86fa>
...
000 (15670995.001.000) 09/16 19:21:49 Job submitted from host: <137.138.44.75:9618?addrs=137.138.44.75-9618+[2001-1458-d00-1a--b]-9618&alias=bigbird14.cern.ch&noUDP&sock=schedd_2076396_86fa>
...
000 (15670995.002.000) 09/16 19:21:49 Job submitted from host: <137.138.44.75:9618?addrs=137.138.44.75-9618+[2001-1458-d00-1a--b]-9618&alias=bigbird14.cern.ch&noUDP&sock=schedd_2076396_86fa>
...
000 (15670995.003.000) 09/16 19:21:49 Job submitted from host: <137.138.44.75:9618?addrs=137.138.44.75-9618+[2001-1458-d00-1a--b]-9618&alias=bigbird14.cern.ch&noUDP&sock=schedd_2076396_86fa>
...
000 (15670995.004.000) 09/16 19:21:49 Job submitted from host: <137.138.44.75:9618?addrs=137.138.44.75-9618+[2001-1458-d00-1a--b]-9618&alias=bigbird14.cern.ch&noUDP&sock=schedd_2076396_86fa>
...
000 (15670995.005.000) 09/16 19:21:49 Job submitted from host: <137.138.44.75:9618?addrs=137.138.44.75-9618+[2001-1458-d00-1a--b]-9618&alias=bigbird14.cern.ch&noUDP&sock=schedd_2076396_86fa>
...
000 (15670995.006.000) 09/16 19:21:49 Job submitted from host: <137.138.44.75:9618?addrs=137.138.44.75-9618+[2001-1458-d00-1a--b]-9618&alias=bigbird14.cern.ch&noUDP&sock=schedd_2076396_86fa>
...
000 (15670995.007.000) 09/16 19:21:49 Job submitted from host: <137.138.44.75:9618?addrs=137.138.44.75-9618+[2001-1458-d00-1a--b]-9618&alias=bigbird14.cern.ch&noUDP&sock=schedd_2076396_86fa>
...
000 (15670995.008.000) 09/16 19:21:49 Job submitted from host: <137.138.44.75:9618?addrs=137.138.44.75-9618+[2001-1458-d00-1a--b]-9618&alias=bigbird14.cern.ch&noUDP&sock=schedd_2076396_86fa>
...
000 (15670995.009.000) 09/16 19:21:49 Job submitted from host: <137.138.44.75:9618?addrs=137.138.44.75-9618+[2001-1458-d00-1a--b]-9618&alias=bigbird14.cern.ch&noUDP&sock=schedd_2076396_86fa>
...
040 (15670995.000.000) 09/16 19:25:57 Started transferring input files
	Transferring to host: <188.185.195.109:9618?addrs=188.185.195.109-9618+[2001-1458-303-22--100-69]-9618&alias=b9p17p6101.cern.ch&noUDP&sock=slot1_3_3205_f65b_6304>
...
040 (15670995.000.000) 09/16 19:25:57 Finished transferring input files
...
001 (15670995.000.000) 09/16 19:25:57 Job executing on host: <188.185.195.109:9618?addrs=188.185.195.109-9618+[2001-1458-303-22--100-69]-9618&alias=b9p17p6101.cern.ch&noUDP&sock=startd_2550_aa97>
	SlotName: slot1_3@b9p17p6101.cern.ch
	CondorScratchDir = "/pool/condor/dir_465589"
	Cpus = 1
	Disk = 3825
	GPUs = 0
	Memory = 3000
...
040 (15670995.001.000) 09/16 19:25:58 Started transferring input files
	Transferring to host: <188.185.192.109:9618?addrs=188.185.192.109-9618+[2001-1458-303-1f--100-69]-9618&alias=b9p13p5857.cern.ch&noUDP&sock=slot1_5_6907_5b32_120541>
...
040 (15670995.001.000) 09/16 19:25:58 Finished transferring input files
...
001 (15670995.001.000) 09/16 19:25:58 Job executing on host: <188.185.192.109:9618?addrs=188.185.192.109-9618+[2001-1458-303-1f--100-69]-9618&alias=b9p13p5857.cern.ch&noUDP&sock=startd_6332_cdc6>
	SlotName: slot1_5@b9p13p5857.cern.ch
	CondorScratchDir = "/pool/condor/dir_950287"
	Cpus = 1
	Disk = 3809
	GPUs = 0
	Memory = 3000
...
040 (15670995.002.000) 09/16 19:25:58 Started transferring input files
	Transferring to host: <188.185.195.131:9618?addrs=188.185.195.131-9618+[2001-1458-303-22--100-7f]-9618&alias=b9p17p1747.cern.ch&noUDP&sock=slot1_33_7236_2a9f_112547>
...
040 (15670995.003.000) 09/16 19:25:58 Started transferring input files
	Transferring to host: <188.185.192.187:9618?addrs=188.185.192.187-9618+[2001-1458-303-1f--100-b7]-9618&alias=b9p13p1976.cern.ch&noUDP&sock=slot1_30_4968_27c3_98359>
...
040 (15670995.003.000) 09/16 19:25:58 Finished transferring input files
...
040 (15670995.002.000) 09/16 19:25:58 Finished transferring input files
...
001 (15670995.002.000) 09/16 19:25:58 Job executing on host: <188.185.195.131:9618?addrs=188.185.195.131-9618+[2001-1458-303-22--100-7f]-9618&alias=b9p17p1747.cern.ch&noUDP&sock=startd_6749_d4c4>
	SlotName: slot1_33@b9p17p1747.cern.ch
	CondorScratchDir = "/pool/condor/dir_107974"
	Cpus = 1
	Disk = 3816
	GPUs = 0
	Memory = 3000
...
001 (15670995.003.000) 09/16 19:25:58 Job executing on host: <188.185.192.187:9618?addrs=188.185.192.187-9618+[2001-1458-303-1f--100-b7]-9618&alias=b9p13p1976.cern.ch&noUDP&sock=startd_4426_7243>
	SlotName: slot1_30@b9p13p1976.cern.ch
	CondorScratchDir = "/pool/condor/dir_784840"
	Cpus = 1
	Disk = 3756
	GPUs = 0
	Memory = 3000
...
040 (15670995.004.000) 09/16 19:25:59 Started transferring input files
	Transferring to host: <128.142.161.77:9618?addrs=128.142.161.77-9618+[2001-1458-301-b8--100-b]-9618&alias=b9g03p8125.cern.ch&noUDP&sock=slot1_11_2046576_af10_16548>
...
001 (15670995.004.000) 09/16 19:25:59 Job executing on host: <128.142.161.77:9618?addrs=128.142.161.77-9618+[2001-1458-301-b8--100-b]-9618&alias=b9g03p8125.cern.ch&noUDP&sock=startd_6355_9473>
	SlotName: slot1_11@b9g03p8125.cern.ch
	CondorScratchDir = "/pool/condor/dir_2198037"
	Cpus = 1
	Disk = 4009
	GPUs = 0
	Memory = 3000
...
040 (15670995.004.000) 09/16 19:25:59 Finished transferring input files
...
040 (15670995.005.000) 09/16 19:25:59 Started transferring input files
	Transferring to host: <128.142.161.146:9618?addrs=128.142.161.146-9618+[2001-1458-301-b9--100-f]-9618&alias=b9g03p9555.cern.ch&noUDP&sock=slot1_27_2548420_2e48_16933>
...
001 (15670995.005.000) 09/16 19:25:59 Job executing on host: <128.142.161.146:9618?addrs=128.142.161.146-9618+[2001-1458-301-b9--100-f]-9618&alias=b9g03p9555.cern.ch&noUDP&sock=startd_6397_636d>
	SlotName: slot1_27@b9g03p9555.cern.ch
	CondorScratchDir = "/pool/condor/dir_1304790"
	Cpus = 1
	Disk = 3926
	GPUs = 0
	Memory = 3000
...
040 (15670995.005.000) 09/16 19:25:59 Finished transferring input files
...
040 (15670995.006.000) 09/16 19:25:59 Started transferring input files
	Transferring to host: <188.185.192.86:9618?addrs=188.185.192.86-9618+[2001-1458-303-1f--100-52]-9618&alias=b9p13p1202.cern.ch&noUDP&sock=slot1_24_8816_6b60_119054>
...
040 (15670995.006.000) 09/16 19:25:59 Finished transferring input files
...
001 (15670995.006.000) 09/16 19:25:59 Job executing on host: <188.185.192.86:9618?addrs=188.185.192.86-9618+[2001-1458-303-1f--100-52]-9618&alias=b9p13p1202.cern.ch&noUDP&sock=startd_8769_6212>
	SlotName: slot1_24@b9p13p1202.cern.ch
	CondorScratchDir = "/pool/condor/dir_615723"
	Cpus = 1
	Disk = 3820
	GPUs = 0
	Memory = 3000
...
040 (15670995.007.000) 09/16 19:26:00 Started transferring input files
	Transferring to host: <188.185.195.43:9618?addrs=188.185.195.43-9618+[2001-1458-303-22--100-27]-9618&alias=b9p17p6437.cern.ch&noUDP&sock=slot1_9_4038_e2dd_100312>
...
001 (15670995.007.000) 09/16 19:26:00 Job executing on host: <188.185.195.43:9618?addrs=188.185.195.43-9618+[2001-1458-303-22--100-27]-9618&alias=b9p17p6437.cern.ch&noUDP&sock=startd_3496_8b2f>
	SlotName: slot1_9@b9p17p6437.cern.ch
	CondorScratchDir = "/pool/condor/dir_734529"
	Cpus = 1
	Disk = 3770
	GPUs = 0
	Memory = 3000
...
040 (15670995.007.000) 09/16 19:26:00 Finished transferring input files
...
040 (15670995.008.000) 09/16 19:26:00 Started transferring input files
	Transferring to host: <188.185.196.136:9618?addrs=188.185.196.136-9618+[2001-1458-303-23--100-84]-9618&alias=b9p16p7012.cern.ch&noUDP&sock=slot1_23_11094_79fc_116523>
...
040 (15670995.008.000) 09/16 19:26:00 Finished transferring input files
...
001 (15670995.008.000) 09/16 19:26:00 Job executing on host: <188.185.196.136:9618?addrs=188.185.196.136-9618+[2001-1458-303-23--100-84]-9618&alias=b9p16p7012.cern.ch&noUDP&sock=startd_9635_6317>
	SlotName: slot1_23@b9p16p7012.cern.ch
	CondorScratchDir = "/pool/condor/dir_4024677"
	Cpus = 1
	Disk = 3816
	GPUs = 0
	Memory = 3000
...
040 (15670995.009.000) 09/16 19:26:00 Started transferring input files
	Transferring to host: <188.185.195.91:9618?addrs=188.185.195.91-9618+[2001-1458-303-22--100-57]-9618&alias=b9p17p4939.cern.ch&noUDP&sock=slot1_13_1066710_71aa_94415>
...
040 (15670995.009.000) 09/16 19:26:00 Finished transferring input files
...
001 (15670995.009.000) 09/16 19:26:00 Job executing on host: <188.185.195.91:9618?addrs=188.185.195.91-9618+[2001-1458-303-22--100-57]-9618&alias=b9p17p4939.cern.ch&noUDP&sock=startd_1066620_2e4a>
	SlotName: slot1_13@b9p17p4939.cern.ch
	CondorScratchDir = "/pool/condor/dir_3679272"
	Cpus = 1
	Disk = 3795
	GPUs = 0
	Memory = 3000
...
006 (15670995.009.000) 09/16 19:26:08 Image size of job updated: 99428
	98  -  MemoryUsage of job (MB)
	99428  -  ResidentSetSize of job (KB)
...
006 (15670995.000.000) 09/16 19:26:11 Image size of job updated: 155300
	152  -  MemoryUsage of job (MB)
	155300  -  ResidentSetSize of job (KB)
...
006 (15670995.004.000) 09/16 19:26:12 Image size of job updated: 150424
	147  -  MemoryUsage of job (MB)
	150424  -  ResidentSetSize of job (KB)
...
006 (15670995.005.000) 09/16 19:26:12 Image size of job updated: 86148
	85  -  MemoryUsage of job (MB)
	86148  -  ResidentSetSize of job (KB)
...
006 (15670995.006.000) 09/16 19:26:12 Image size of job updated: 137928
	135  -  MemoryUsage of job (MB)
	137928  -  ResidentSetSize of job (KB)
...
006 (15670995.001.000) 09/16 19:26:12 Image size of job updated: 137680
	135  -  MemoryUsage of job (MB)
	137680  -  ResidentSetSize of job (KB)
...
006 (15670995.002.000) 09/16 19:26:12 Image size of job updated: 12392
	12  -  MemoryUsage of job (MB)
	12072  -  ResidentSetSize of job (KB)
...
006 (15670995.003.000) 09/16 19:26:12 Image size of job updated: 109952
	108  -  MemoryUsage of job (MB)
	109952  -  ResidentSetSize of job (KB)
...
006 (15670995.007.000) 09/16 19:26:13 Image size of job updated: 40332
	4  -  MemoryUsage of job (MB)
	3600  -  ResidentSetSize of job (KB)
...
006 (15670995.008.000) 09/16 19:26:13 Image size of job updated: 108936
	107  -  MemoryUsage of job (MB)
	108936  -  ResidentSetSize of job (KB)
...
006 (15670995.009.000) 09/16 19:31:09 Image size of job updated: 582760
	570  -  MemoryUsage of job (MB)
	582760  -  ResidentSetSize of job (KB)
...
006 (15670995.004.000) 09/16 19:31:12 Image size of job updated: 773028
	266  -  MemoryUsage of job (MB)
	271636  -  ResidentSetSize of job (KB)
...
006 (15670995.000.000) 09/16 19:31:12 Image size of job updated: 777552
	259  -  MemoryUsage of job (MB)
	264828  -  ResidentSetSize of job (KB)
...
006 (15670995.008.000) 09/16 19:31:13 Image size of job updated: 772196
	268  -  MemoryUsage of job (MB)
	274348  -  ResidentSetSize of job (KB)
...
006 (15670995.005.000) 09/16 19:31:12 Image size of job updated: 775740
	253  -  MemoryUsage of job (MB)
	258224  -  ResidentSetSize of job (KB)
...
006 (15670995.006.000) 09/16 19:31:12 Image size of job updated: 776656
	286  -  MemoryUsage of job (MB)
	291844  -  ResidentSetSize of job (KB)
...
006 (15670995.001.000) 09/16 19:31:13 Image size of job updated: 776808
	261  -  MemoryUsage of job (MB)
	266944  -  ResidentSetSize of job (KB)
...
006 (15670995.007.000) 09/16 19:31:13 Image size of job updated: 770860
	254  -  MemoryUsage of job (MB)
	259224  -  ResidentSetSize of job (KB)
...
006 (15670995.002.000) 09/16 19:31:13 Image size of job updated: 776096
	253  -  MemoryUsage of job (MB)
	258728  -  ResidentSetSize of job (KB)
...
006 (15670995.003.000) 09/16 19:31:13 Image size of job updated: 776020
	258  -  MemoryUsage of job (MB)
	263836  -  ResidentSetSize of job (KB)
...
006 (15670995.009.000) 09/16 19:36:10 Image size of job updated: 595796
	582  -  MemoryUsage of job (MB)
	595796  -  ResidentSetSize of job (KB)
...
006 (15670995.004.000) 09/16 19:36:13 Image size of job updated: 773028
	278  -  MemoryUsage of job (MB)
	284616  -  ResidentSetSize of job (KB)
...
006 (15670995.000.000) 09/16 19:36:13 Image size of job updated: 777552
	272  -  MemoryUsage of job (MB)
	278044  -  ResidentSetSize of job (KB)
...
006 (15670995.003.000) 09/16 19:36:13 Image size of job updated: 776020
	271  -  MemoryUsage of job (MB)
	277048  -  ResidentSetSize of job (KB)
...
006 (15670995.002.000) 09/16 19:36:13 Image size of job updated: 776096
	266  -  MemoryUsage of job (MB)
	271788  -  ResidentSetSize of job (KB)
...
006 (15670995.001.000) 09/16 19:36:13 Image size of job updated: 776808
	274  -  MemoryUsage of job (MB)
	279900  -  ResidentSetSize of job (KB)
...
006 (15670995.005.000) 09/16 19:36:13 Image size of job updated: 775740
	266  -  MemoryUsage of job (MB)
	271448  -  ResidentSetSize of job (KB)
...
006 (15670995.006.000) 09/16 19:36:13 Image size of job updated: 776656
	298  -  MemoryUsage of job (MB)
	305072  -  ResidentSetSize of job (KB)
...
006 (15670995.008.000) 09/16 19:36:14 Image size of job updated: 772196
	281  -  MemoryUsage of job (MB)
	287564  -  ResidentSetSize of job (KB)
...
006 (15670995.007.000) 09/16 19:36:14 Image size of job updated: 770860
	267  -  MemoryUsage of job (MB)
	272412  -  ResidentSetSize of job (KB)
...
006 (15670995.000.000) 09/16 19:42:22 Image size of job updated: 777552
	285  -  MemoryUsage of job (MB)
	291268  -  ResidentSetSize of job (KB)
...
006 (15670995.003.000) 09/16 19:42:22 Image size of job updated: 776020
	284  -  MemoryUsage of job (MB)
	290492  -  ResidentSetSize of job (KB)
...
006 (15670995.001.000) 09/16 19:42:22 Image size of job updated: 776808
	287  -  MemoryUsage of job (MB)
	293116  -  ResidentSetSize of job (KB)
...
006 (15670995.002.000) 09/16 19:42:22 Image size of job updated: 776096
	279  -  MemoryUsage of job (MB)
	285016  -  ResidentSetSize of job (KB)
...
006 (15670995.005.000) 09/16 19:42:23 Image size of job updated: 775740
	279  -  MemoryUsage of job (MB)
	284896  -  ResidentSetSize of job (KB)
...
006 (15670995.006.000) 09/16 19:42:23 Image size of job updated: 776656
	311  -  MemoryUsage of job (MB)
	318288  -  ResidentSetSize of job (KB)
...
006 (15670995.004.000) 09/16 19:42:23 Image size of job updated: 773028
	292  -  MemoryUsage of job (MB)
	298056  -  ResidentSetSize of job (KB)
...
006 (15670995.007.000) 09/16 19:42:23 Image size of job updated: 770860
	279  -  MemoryUsage of job (MB)
	285612  -  ResidentSetSize of job (KB)
...
006 (15670995.008.000) 09/16 19:42:23 Image size of job updated: 772196
	294  -  MemoryUsage of job (MB)
	301032  -  ResidentSetSize of job (KB)
...
006 (15670995.009.000) 09/16 19:42:24 Image size of job updated: 609272
	595  -  MemoryUsage of job (MB)
	609272  -  ResidentSetSize of job (KB)
...
006 (15670995.009.000) 09/16 19:46:11 Image size of job updated: 624060
	610  -  MemoryUsage of job (MB)
	624060  -  ResidentSetSize of job (KB)
...
006 (15670995.000.000) 09/16 19:46:13 Image size of job updated: 777552
	299  -  MemoryUsage of job (MB)
	305992  -  ResidentSetSize of job (KB)
...
006 (15670995.004.000) 09/16 19:46:13 Image size of job updated: 773028
	306  -  MemoryUsage of job (MB)
	312536  -  ResidentSetSize of job (KB)
...
006 (15670995.001.000) 09/16 19:46:14 Image size of job updated: 776808
	301  -  MemoryUsage of job (MB)
	307800  -  ResidentSetSize of job (KB)
...
006 (15670995.003.000) 09/16 19:46:14 Image size of job updated: 776020
	299  -  MemoryUsage of job (MB)
	305192  -  ResidentSetSize of job (KB)
...
006 (15670995.002.000) 09/16 19:46:14 Image size of job updated: 776096
	293  -  MemoryUsage of job (MB)
	299936  -  ResidentSetSize of job (KB)
...
006 (15670995.005.000) 09/16 19:46:14 Image size of job updated: 775740
	293  -  MemoryUsage of job (MB)
	299612  -  ResidentSetSize of job (KB)
...
006 (15670995.006.000) 09/16 19:46:14 Image size of job updated: 776656
	326  -  MemoryUsage of job (MB)
	333004  -  ResidentSetSize of job (KB)
...
006 (15670995.008.000) 09/16 19:46:15 Image size of job updated: 772196
	309  -  MemoryUsage of job (MB)
	315772  -  ResidentSetSize of job (KB)
...
006 (15670995.007.000) 09/16 19:46:15 Image size of job updated: 770860
	294  -  MemoryUsage of job (MB)
	300300  -  ResidentSetSize of job (KB)
...
006 (15670995.000.000) 09/16 19:51:13 Image size of job updated: 777552
	313  -  MemoryUsage of job (MB)
	320452  -  ResidentSetSize of job (KB)
...
006 (15670995.004.000) 09/16 19:51:13 Image size of job updated: 773028
	320  -  MemoryUsage of job (MB)
	327228  -  ResidentSetSize of job (KB)
...
006 (15670995.001.000) 09/16 19:51:14 Image size of job updated: 776808
	315  -  MemoryUsage of job (MB)
	322276  -  ResidentSetSize of job (KB)
...
006 (15670995.003.000) 09/16 19:51:14 Image size of job updated: 776020
	313  -  MemoryUsage of job (MB)
	319884  -  ResidentSetSize of job (KB)
...
006 (15670995.005.000) 09/16 19:51:14 Image size of job updated: 775740
	307  -  MemoryUsage of job (MB)
	314308  -  ResidentSetSize of job (KB)
...
006 (15670995.002.000) 09/16 19:51:14 Image size of job updated: 776096
	308  -  MemoryUsage of job (MB)
	314404  -  ResidentSetSize of job (KB)
...
006 (15670995.006.000) 09/16 19:51:14 Image size of job updated: 776656
	340  -  MemoryUsage of job (MB)
	347476  -  ResidentSetSize of job (KB)
...
006 (15670995.008.000) 09/16 19:51:15 Image size of job updated: 772196
	323  -  MemoryUsage of job (MB)
	330468  -  ResidentSetSize of job (KB)
...
006 (15670995.007.000) 09/16 19:51:15 Image size of job updated: 770860
	308  -  MemoryUsage of job (MB)
	315004  -  ResidentSetSize of job (KB)
...
006 (15670995.000.000) 09/16 19:56:13 Image size of job updated: 777552
	328  -  MemoryUsage of job (MB)
	335176  -  ResidentSetSize of job (KB)
...
006 (15670995.004.000) 09/16 19:56:14 Image size of job updated: 773028
	334  -  MemoryUsage of job (MB)
	341952  -  ResidentSetSize of job (KB)
...
006 (15670995.001.000) 09/16 19:56:15 Image size of job updated: 776808
	330  -  MemoryUsage of job (MB)
	336968  -  ResidentSetSize of job (KB)
...
006 (15670995.005.000) 09/16 19:56:15 Image size of job updated: 775740
	321  -  MemoryUsage of job (MB)
	328656  -  ResidentSetSize of job (KB)
...
006 (15670995.003.000) 09/16 19:56:15 Image size of job updated: 776020
	327  -  MemoryUsage of job (MB)
	334580  -  ResidentSetSize of job (KB)
...
006 (15670995.002.000) 09/16 19:56:15 Image size of job updated: 776096
	322  -  MemoryUsage of job (MB)
	329076  -  ResidentSetSize of job (KB)
...
006 (15670995.006.000) 09/16 19:56:15 Image size of job updated: 776656
	354  -  MemoryUsage of job (MB)
	362188  -  ResidentSetSize of job (KB)
...
006 (15670995.008.000) 09/16 19:56:16 Image size of job updated: 772196
	337  -  MemoryUsage of job (MB)
	344960  -  ResidentSetSize of job (KB)
...
006 (15670995.007.000) 09/16 19:56:16 Image size of job updated: 770860
	322  -  MemoryUsage of job (MB)
	329688  -  ResidentSetSize of job (KB)
...
006 (15670995.000.000) 09/16 20:01:14 Image size of job updated: 777552
	342  -  MemoryUsage of job (MB)
	349640  -  ResidentSetSize of job (KB)
...
006 (15670995.004.000) 09/16 20:01:15 Image size of job updated: 773028
	349  -  MemoryUsage of job (MB)
	356392  -  ResidentSetSize of job (KB)
...
006 (15670995.005.000) 09/16 20:01:16 Image size of job updated: 775740
	336  -  MemoryUsage of job (MB)
	343344  -  ResidentSetSize of job (KB)
...
006 (15670995.001.000) 09/16 20:01:16 Image size of job updated: 776808
	343  -  MemoryUsage of job (MB)
	351192  -  ResidentSetSize of job (KB)
...
006 (15670995.003.000) 09/16 20:01:16 Image size of job updated: 776020
	341  -  MemoryUsage of job (MB)
	349020  -  ResidentSetSize of job (KB)
...
006 (15670995.002.000) 09/16 20:01:16 Image size of job updated: 776096
	336  -  MemoryUsage of job (MB)
	343672  -  ResidentSetSize of job (KB)
...
006 (15670995.006.000) 09/16 20:01:16 Image size of job updated: 776656
	368  -  MemoryUsage of job (MB)
	376664  -  ResidentSetSize of job (KB)
...
006 (15670995.008.000) 09/16 20:01:17 Image size of job updated: 772196
	351  -  MemoryUsage of job (MB)
	359400  -  ResidentSetSize of job (KB)
...
006 (15670995.007.000) 09/16 20:01:17 Image size of job updated: 770860
	336  -  MemoryUsage of job (MB)
	343892  -  ResidentSetSize of job (KB)
...
006 (15670995.000.000) 09/16 20:06:14 Image size of job updated: 777552
	356  -  MemoryUsage of job (MB)
	363864  -  ResidentSetSize of job (KB)
...
006 (15670995.004.000) 09/16 20:06:15 Image size of job updated: 773028
	362  -  MemoryUsage of job (MB)
	370616  -  ResidentSetSize of job (KB)
...
006 (15670995.005.000) 09/16 20:06:16 Image size of job updated: 775740
	350  -  MemoryUsage of job (MB)
	357688  -  ResidentSetSize of job (KB)
...
006 (15670995.003.000) 09/16 20:06:16 Image size of job updated: 776020
	355  -  MemoryUsage of job (MB)
	363472  -  ResidentSetSize of job (KB)
...
006 (15670995.001.000) 09/16 20:06:16 Image size of job updated: 776808
	358  -  MemoryUsage of job (MB)
	365644  -  ResidentSetSize of job (KB)
...
006 (15670995.002.000) 09/16 20:06:16 Image size of job updated: 776096
	350  -  MemoryUsage of job (MB)
	357836  -  ResidentSetSize of job (KB)
...
006 (15670995.006.000) 09/16 20:06:16 Image size of job updated: 1541660
	368  -  MemoryUsage of job (MB)
	376664  -  ResidentSetSize of job (KB)
...
006 (15670995.008.000) 09/16 20:06:17 Image size of job updated: 772196
	365  -  MemoryUsage of job (MB)
	373640  -  ResidentSetSize of job (KB)
...
006 (15670995.007.000) 09/16 20:06:17 Image size of job updated: 770860
	350  -  MemoryUsage of job (MB)
	358328  -  ResidentSetSize of job (KB)
...
040 (15670995.006.000) 09/16 20:07:00 Started transferring output files
...
040 (15670995.006.000) 09/16 20:07:04 Finished transferring output files
...
005 (15670995.006.000) 09/16 20:07:04 Job terminated.
	(1) Normal termination (return value 0)
		Usr 0 00:04:29, Sys 0 00:00:08  -  Run Remote Usage
		Usr 0 00:00:00, Sys 0 00:00:00  -  Run Local Usage
		Usr 0 00:04:29, Sys 0 00:00:08  -  Total Remote Usage
		Usr 0 00:00:00, Sys 0 00:00:00  -  Total Local Usage
	60272  -  Run Bytes Sent By Job
	1153  -  Run Bytes Received By Job
	60272  -  Total Bytes Sent By Job
	1153  -  Total Bytes Received By Job
	Partitionable Resources :    Usage  Request Allocated 
	   Cpus                 :        0        1         1 
	   Disk (KB)            :  1055210        2      3820 
	   GPUs                 :                           0 
	   Memory (MB)          :      368     3000      3000 

	Job terminated of its own accord at 2025-09-16T18:06:59Z with exit-code 0.
...
006 (15670995.000.000) 09/16 20:11:14 Image size of job updated: 777552
	370  -  MemoryUsage of job (MB)
	378824  -  ResidentSetSize of job (KB)
...
006 (15670995.005.000) 09/16 20:11:16 Image size of job updated: 775740
	364  -  MemoryUsage of job (MB)
	372628  -  ResidentSetSize of job (KB)
...
006 (15670995.003.000) 09/16 20:11:16 Image size of job updated: 776020
	370  -  MemoryUsage of job (MB)
	378408  -  ResidentSetSize of job (KB)
...
006 (15670995.001.000) 09/16 20:11:16 Image size of job updated: 776808
	372  -  MemoryUsage of job (MB)
	380360  -  ResidentSetSize of job (KB)
...
006 (15670995.004.000) 09/16 20:11:16 Image size of job updated: 888312
	868  -  MemoryUsage of job (MB)
	888312  -  ResidentSetSize of job (KB)
...
006 (15670995.008.000) 09/16 20:11:17 Image size of job updated: 1401484
	1369  -  MemoryUsage of job (MB)
	1401484  -  ResidentSetSize of job (KB)
...
006 (15670995.002.000) 09/16 20:11:17 Image size of job updated: 776096
	365  -  MemoryUsage of job (MB)
	372808  -  ResidentSetSize of job (KB)
...
006 (15670995.007.000) 09/16 20:11:18 Image size of job updated: 770860
	365  -  MemoryUsage of job (MB)
	373040  -  ResidentSetSize of job (KB)
...
006 (15670995.008.000) 09/16 20:13:25 Image size of job updated: 1609828
	1369  -  MemoryUsage of job (MB)
	1401484  -  ResidentSetSize of job (KB)
...
040 (15670995.008.000) 09/16 20:13:25 Started transferring output files
...
040 (15670995.008.000) 09/16 20:13:28 Finished transferring output files
...
005 (15670995.008.000) 09/16 20:13:29 Job terminated.
	(1) Normal termination (return value 0)
		Usr 0 00:05:07, Sys 0 00:00:11  -  Run Remote Usage
		Usr 0 00:00:00, Sys 0 00:00:00  -  Run Local Usage
		Usr 0 00:05:07, Sys 0 00:00:11  -  Total Remote Usage
		Usr 0 00:00:00, Sys 0 00:00:00  -  Total Local Usage
	60259  -  Run Bytes Sent By Job
	1153  -  Run Bytes Received By Job
	60259  -  Total Bytes Sent By Job
	1153  -  Total Bytes Received By Job
	Partitionable Resources :      Usage  Request Allocated 
	   Cpus                 :       0.99        1         1 
	   Disk (KB)            : 1002015           2      3816 
	   GPUs                 :                             0 
	   Memory (MB)          :    1369        3000      3000 

	Job terminated of its own accord at 2025-09-16T18:13:25Z with exit-code 0.
...
006 (15670995.004.000) 09/16 20:13:53 Image size of job updated: 1656780
	868  -  MemoryUsage of job (MB)
	888312  -  ResidentSetSize of job (KB)
...
040 (15670995.004.000) 09/16 20:13:53 Started transferring output files
...
040 (15670995.004.000) 09/16 20:13:55 Finished transferring output files
...
005 (15670995.004.000) 09/16 20:13:55 Job terminated.
	(1) Normal termination (return value 0)
		Usr 0 00:04:45, Sys 0 00:00:08  -  Run Remote Usage
		Usr 0 00:00:00, Sys 0 00:00:00  -  Run Local Usage
		Usr 0 00:04:45, Sys 0 00:00:08  -  Total Remote Usage
		Usr 0 00:00:00, Sys 0 00:00:00  -  Total Local Usage
	60266  -  Run Bytes Sent By Job
	1153  -  Run Bytes Received By Job
	60266  -  Total Bytes Sent By Job
	1153  -  Total Bytes Received By Job
	Partitionable Resources :      Usage  Request Allocated 
	   Cpus                 :       1.00        1         1 
	   Disk (KB)            : 1142109           2      4009 
	   GPUs                 :                             0 
	   Memory (MB)          :     868        3000      3000 

	Job terminated of its own accord at 2025-09-16T18:13:53Z with exit-code 0.
...
006 (15670995.001.000) 09/16 20:15:37 Image size of job updated: 1641428
	372  -  MemoryUsage of job (MB)
	380360  -  ResidentSetSize of job (KB)
...
040 (15670995.001.000) 09/16 20:15:37 Started transferring output files
...
040 (15670995.001.000) 09/16 20:15:39 Finished transferring output files
...
005 (15670995.001.000) 09/16 20:15:39 Job terminated.
	(1) Normal termination (return value 0)
		Usr 0 00:04:50, Sys 0 00:00:09  -  Run Remote Usage
		Usr 0 00:00:00, Sys 0 00:00:00  -  Run Local Usage
		Usr 0 00:04:50, Sys 0 00:00:09  -  Total Remote Usage
		Usr 0 00:00:00, Sys 0 00:00:00  -  Total Local Usage
	60276  -  Run Bytes Sent By Job
	1153  -  Run Bytes Received By Job
	60276  -  Total Bytes Sent By Job
	1153  -  Total Bytes Received By Job
	Partitionable Resources :      Usage  Request Allocated 
	   Cpus                 :       0.00        1         1 
	   Disk (KB)            : 1099381           2      3809 
	   GPUs                 :                             0 
	   Memory (MB)          :     372        3000      3000 

	Job terminated of its own accord at 2025-09-16T18:15:37Z with exit-code 0.
...
006 (15670995.000.000) 09/16 20:16:15 Image size of job updated: 1619684
	370  -  MemoryUsage of job (MB)
	378824  -  ResidentSetSize of job (KB)
...
006 (15670995.005.000) 09/16 20:16:17 Image size of job updated: 1390800
	1359  -  MemoryUsage of job (MB)
	1390800  -  ResidentSetSize of job (KB)
...
006 (15670995.003.000) 09/16 20:16:17 Image size of job updated: 1594932
	1558  -  MemoryUsage of job (MB)
	1594932  -  ResidentSetSize of job (KB)
...
006 (15670995.002.000) 09/16 20:16:18 Image size of job updated: 1361732
	1330  -  MemoryUsage of job (MB)
	1361732  -  ResidentSetSize of job (KB)
...
006 (15670995.007.000) 09/16 20:16:19 Image size of job updated: 1383716
	1352  -  MemoryUsage of job (MB)
	1383716  -  ResidentSetSize of job (KB)
...
040 (15670995.009.000) 09/16 20:16:57 Started transferring output files
...
040 (15670995.009.000) 09/16 20:16:57 Finished transferring output files
...
005 (15670995.009.000) 09/16 20:16:57 Job terminated.
	(1) Normal termination (return value 0)
		Usr 0 00:05:40, Sys 0 00:00:14  -  Run Remote Usage
		Usr 0 00:00:00, Sys 0 00:00:00  -  Run Local Usage
		Usr 0 00:05:40, Sys 0 00:00:14  -  Total Remote Usage
		Usr 0 00:00:00, Sys 0 00:00:00  -  Total Local Usage
	60263  -  Run Bytes Sent By Job
	1153  -  Run Bytes Received By Job
	60263  -  Total Bytes Sent By Job
	1153  -  Total Bytes Received By Job
	Partitionable Resources :     Usage  Request Allocated 
	   Cpus                 :      0.61        1         1 
	   Disk (KB)            : 901866           2      3795 
	   GPUs                 :                            0 
	   Memory (MB)          :    610        3000      3000 

	Job terminated of its own accord at 2025-09-16T18:16:57Z with exit-code 0.
...
040 (15670995.000.000) 09/16 20:16:59 Started transferring output files
...
040 (15670995.000.000) 09/16 20:16:59 Finished transferring output files
...
005 (15670995.000.000) 09/16 20:16:59 Job terminated.
	(1) Normal termination (return value 0)
		Usr 0 00:05:34, Sys 0 00:00:10  -  Run Remote Usage
		Usr 0 00:00:00, Sys 0 00:00:00  -  Run Local Usage
		Usr 0 00:05:34, Sys 0 00:00:10  -  Total Remote Usage
		Usr 0 00:00:00, Sys 0 00:00:00  -  Total Local Usage
	60268  -  Run Bytes Sent By Job
	1153  -  Run Bytes Received By Job
	60268  -  Total Bytes Sent By Job
	1153  -  Total Bytes Received By Job
	Partitionable Resources :      Usage  Request Allocated 
	   Cpus                 :       0.00        1         1 
	   Disk (KB)            : 1269333           2      3825 
	   GPUs                 :                             0 
	   Memory (MB)          :     370        3000      3000 

	Job terminated of its own accord at 2025-09-16T18:16:59Z with exit-code 0.
...
006 (15670995.005.000) 09/16 20:18:22 Image size of job updated: 1616696
	1359  -  MemoryUsage of job (MB)
	1390800  -  ResidentSetSize of job (KB)
...
040 (15670995.005.000) 09/16 20:18:22 Started transferring output files
...
040 (15670995.005.000) 09/16 20:18:22 Finished transferring output files
...
005 (15670995.005.000) 09/16 20:18:22 Job terminated.
	(1) Normal termination (return value 0)
		Usr 0 00:05:29, Sys 0 00:00:10  -  Run Remote Usage
		Usr 0 00:00:00, Sys 0 00:00:00  -  Run Local Usage
		Usr 0 00:05:29, Sys 0 00:00:10  -  Total Remote Usage
		Usr 0 00:00:00, Sys 0 00:00:00  -  Total Local Usage
	60281  -  Run Bytes Sent By Job
	1153  -  Run Bytes Received By Job
	60281  -  Total Bytes Sent By Job
	1153  -  Total Bytes Received By Job
	Partitionable Resources :      Usage  Request Allocated 
	   Cpus                 :       0.00        1         1 
	   Disk (KB)            : 1153018           2      3926 
	   GPUs                 :                             0 
	   Memory (MB)          :    1359        3000      3000 

	Job terminated of its own accord at 2025-09-16T18:18:22Z with exit-code 0.
...
006 (15670995.002.000) 09/16 20:18:26 Image size of job updated: 1607128
	1330  -  MemoryUsage of job (MB)
	1361732  -  ResidentSetSize of job (KB)
...
040 (15670995.002.000) 09/16 20:18:26 Started transferring output files
...
040 (15670995.002.000) 09/16 20:18:26 Finished transferring output files
...
005 (15670995.002.000) 09/16 20:18:26 Job terminated.
	(1) Normal termination (return value 0)
		Usr 0 00:05:36, Sys 0 00:00:10  -  Run Remote Usage
		Usr 0 00:00:00, Sys 0 00:00:00  -  Run Local Usage
		Usr 0 00:05:36, Sys 0 00:00:10  -  Total Remote Usage
		Usr 0 00:00:00, Sys 0 00:00:00  -  Total Local Usage
	60267  -  Run Bytes Sent By Job
	1153  -  Run Bytes Received By Job
	60267  -  Total Bytes Sent By Job
	1153  -  Total Bytes Received By Job
	Partitionable Resources :      Usage  Request Allocated 
	   Cpus                 :       0.00        1         1 
	   Disk (KB)            : 1060864           2      3816 
	   GPUs                 :                             0 
	   Memory (MB)          :    1330        3000      3000 

	Job terminated of its own accord at 2025-09-16T18:18:26Z with exit-code 0.
...
040 (15670995.003.000) 09/16 20:18:31 Started transferring output files
...
040 (15670995.003.000) 09/16 20:18:31 Finished transferring output files
...
005 (15670995.003.000) 09/16 20:18:31 Job terminated.
	(1) Normal termination (return value 0)
		Usr 0 00:05:51, Sys 0 00:00:12  -  Run Remote Usage
		Usr 0 00:00:00, Sys 0 00:00:00  -  Run Local Usage
		Usr 0 00:05:51, Sys 0 00:00:12  -  Total Remote Usage
		Usr 0 00:00:00, Sys 0 00:00:00  -  Total Local Usage
	60269  -  Run Bytes Sent By Job
	1153  -  Run Bytes Received By Job
	60269  -  Total Bytes Sent By Job
	1153  -  Total Bytes Received By Job
	Partitionable Resources :      Usage  Request Allocated 
	   Cpus                 :       0.00        1         1 
	   Disk (KB)            : 1050626           2      3756 
	   GPUs                 :                             0 
	   Memory (MB)          :    1558        3000      3000 

	Job terminated of its own accord at 2025-09-16T18:18:31Z with exit-code 0.
...
006 (15670995.007.000) 09/16 20:18:59 Image size of job updated: 1634128
	1352  -  MemoryUsage of job (MB)
	1383716  -  ResidentSetSize of job (KB)
...
040 (15670995.007.000) 09/16 20:18:59 Started transferring output files
...
040 (15670995.007.000) 09/16 20:18:59 Finished transferring output files
...
005 (15670995.007.000) 09/16 20:18:59 Job terminated.
	(1) Normal termination (return value 0)
		Usr 0 00:06:22, Sys 0 00:00:12  -  Run Remote Usage
		Usr 0 00:00:00, Sys 0 00:00:00  -  Run Local Usage
		Usr 0 00:06:22, Sys 0 00:00:12  -  Total Remote Usage
		Usr 0 00:00:00, Sys 0 00:00:00  -  Total Local Usage
	60279  -  Run Bytes Sent By Job
	1153  -  Run Bytes Received By Job
	60279  -  Total Bytes Sent By Job
	1153  -  Total Bytes Received By Job
	Partitionable Resources :      Usage  Request Allocated 
	   Cpus                 :       0.00        1         1 
	   Disk (KB)            : 1140207           2      3770 
	   GPUs                 :                             0 
	   Memory (MB)          :    1352        3000      3000 

	Job terminated of its own accord at 2025-09-16T18:18:59Z with exit-code 0.
...
