000 (15654815.000.000) 09/11 16:01:47 Job submitted from host: <137.138.44.75:9618?addrs=137.138.44.75-9618+[2001-1458-d00-1a--b]-9618&alias=bigbird14.cern.ch&noUDP&sock=schedd_2076396_86fa>
...
000 (15654815.001.000) 09/11 16:01:47 Job submitted from host: <137.138.44.75:9618?addrs=137.138.44.75-9618+[2001-1458-d00-1a--b]-9618&alias=bigbird14.cern.ch&noUDP&sock=schedd_2076396_86fa>
...
000 (15654815.002.000) 09/11 16:01:47 Job submitted from host: <137.138.44.75:9618?addrs=137.138.44.75-9618+[2001-1458-d00-1a--b]-9618&alias=bigbird14.cern.ch&noUDP&sock=schedd_2076396_86fa>
...
000 (15654815.003.000) 09/11 16:01:47 Job submitted from host: <137.138.44.75:9618?addrs=137.138.44.75-9618+[2001-1458-d00-1a--b]-9618&alias=bigbird14.cern.ch&noUDP&sock=schedd_2076396_86fa>
...
000 (15654815.004.000) 09/11 16:01:47 Job submitted from host: <137.138.44.75:9618?addrs=137.138.44.75-9618+[2001-1458-d00-1a--b]-9618&alias=bigbird14.cern.ch&noUDP&sock=schedd_2076396_86fa>
...
000 (15654815.005.000) 09/11 16:01:47 Job submitted from host: <137.138.44.75:9618?addrs=137.138.44.75-9618+[2001-1458-d00-1a--b]-9618&alias=bigbird14.cern.ch&noUDP&sock=schedd_2076396_86fa>
...
000 (15654815.006.000) 09/11 16:01:47 Job submitted from host: <137.138.44.75:9618?addrs=137.138.44.75-9618+[2001-1458-d00-1a--b]-9618&alias=bigbird14.cern.ch&noUDP&sock=schedd_2076396_86fa>
...
000 (15654815.007.000) 09/11 16:01:47 Job submitted from host: <137.138.44.75:9618?addrs=137.138.44.75-9618+[2001-1458-d00-1a--b]-9618&alias=bigbird14.cern.ch&noUDP&sock=schedd_2076396_86fa>
...
000 (15654815.008.000) 09/11 16:01:47 Job submitted from host: <137.138.44.75:9618?addrs=137.138.44.75-9618+[2001-1458-d00-1a--b]-9618&alias=bigbird14.cern.ch&noUDP&sock=schedd_2076396_86fa>
...
000 (15654815.009.000) 09/11 16:01:47 Job submitted from host: <137.138.44.75:9618?addrs=137.138.44.75-9618+[2001-1458-d00-1a--b]-9618&alias=bigbird14.cern.ch&noUDP&sock=schedd_2076396_86fa>
...
000 (15654815.010.000) 09/11 16:01:47 Job submitted from host: <137.138.44.75:9618?addrs=137.138.44.75-9618+[2001-1458-d00-1a--b]-9618&alias=bigbird14.cern.ch&noUDP&sock=schedd_2076396_86fa>
...
000 (15654815.011.000) 09/11 16:01:47 Job submitted from host: <137.138.44.75:9618?addrs=137.138.44.75-9618+[2001-1458-d00-1a--b]-9618&alias=bigbird14.cern.ch&noUDP&sock=schedd_2076396_86fa>
...
000 (15654815.012.000) 09/11 16:01:47 Job submitted from host: <137.138.44.75:9618?addrs=137.138.44.75-9618+[2001-1458-d00-1a--b]-9618&alias=bigbird14.cern.ch&noUDP&sock=schedd_2076396_86fa>
...
000 (15654815.013.000) 09/11 16:01:47 Job submitted from host: <137.138.44.75:9618?addrs=137.138.44.75-9618+[2001-1458-d00-1a--b]-9618&alias=bigbird14.cern.ch&noUDP&sock=schedd_2076396_86fa>
...
000 (15654815.014.000) 09/11 16:01:47 Job submitted from host: <137.138.44.75:9618?addrs=137.138.44.75-9618+[2001-1458-d00-1a--b]-9618&alias=bigbird14.cern.ch&noUDP&sock=schedd_2076396_86fa>
...
000 (15654815.015.000) 09/11 16:01:47 Job submitted from host: <137.138.44.75:9618?addrs=137.138.44.75-9618+[2001-1458-d00-1a--b]-9618&alias=bigbird14.cern.ch&noUDP&sock=schedd_2076396_86fa>
...
000 (15654815.016.000) 09/11 16:01:47 Job submitted from host: <137.138.44.75:9618?addrs=137.138.44.75-9618+[2001-1458-d00-1a--b]-9618&alias=bigbird14.cern.ch&noUDP&sock=schedd_2076396_86fa>
...
000 (15654815.017.000) 09/11 16:01:47 Job submitted from host: <137.138.44.75:9618?addrs=137.138.44.75-9618+[2001-1458-d00-1a--b]-9618&alias=bigbird14.cern.ch&noUDP&sock=schedd_2076396_86fa>
...
000 (15654815.018.000) 09/11 16:01:47 Job submitted from host: <137.138.44.75:9618?addrs=137.138.44.75-9618+[2001-1458-d00-1a--b]-9618&alias=bigbird14.cern.ch&noUDP&sock=schedd_2076396_86fa>
...
000 (15654815.019.000) 09/11 16:01:47 Job submitted from host: <137.138.44.75:9618?addrs=137.138.44.75-9618+[2001-1458-d00-1a--b]-9618&alias=bigbird14.cern.ch&noUDP&sock=schedd_2076396_86fa>
...
040 (15654815.001.000) 09/11 16:04:22 Started transferring input files
	Transferring to host: <188.185.206.36:9618?addrs=188.185.206.36-9618+[2001-1458-303-b--100-21]-9618&alias=b9p05p5826.cern.ch&noUDP&sock=slot1_26_7887_dada_59462>
...
040 (15654815.002.000) 09/11 16:04:22 Started transferring input files
	Transferring to host: <128.142.196.65:9618?addrs=128.142.196.65-9618+[2001-1458-301-3c--100-3f]-9618&alias=b9g32p1856.cern.ch&noUDP&sock=slot1_23_3143_4719_82836>
...
001 (15654815.001.000) 09/11 16:04:22 Job executing on host: <188.185.206.36:9618?addrs=188.185.206.36-9618+[2001-1458-303-b--100-21]-9618&alias=b9p05p5826.cern.ch&noUDP&sock=startd_7840_2a97>
	SlotName: slot1_26@b9p05p5826.cern.ch
	CondorScratchDir = "/pool/condor/dir_497667"
	Cpus = 1
	Disk = 3634
	GPUs = 0
	Memory = 3000
...
040 (15654815.001.000) 09/11 16:04:22 Finished transferring input files
...
001 (15654815.002.000) 09/11 16:04:22 Job executing on host: <128.142.196.65:9618?addrs=128.142.196.65-9618+[2001-1458-301-3c--100-3f]-9618&alias=b9g32p1856.cern.ch&noUDP&sock=startd_2751_8920>
	SlotName: slot1_23@b9g32p1856.cern.ch
	CondorScratchDir = "/pool/condor/dir_1709487"
	Cpus = 1
	Disk = 3830
	GPUs = 0
	Memory = 3000
...
040 (15654815.002.000) 09/11 16:04:22 Finished transferring input files
...
040 (15654815.004.000) 09/11 16:04:22 Started transferring input files
	Transferring to host: <188.185.213.59:9618?addrs=188.185.213.59-9618+[2001-1458-303-1a--100-37]-9618&alias=b9p27p3670.cern.ch&noUDP&sock=slot1_14_8413_782f_115927>
...
040 (15654815.004.000) 09/11 16:04:22 Finished transferring input files
...
001 (15654815.004.000) 09/11 16:04:22 Job executing on host: <188.185.213.59:9618?addrs=188.185.213.59-9618+[2001-1458-303-1a--100-37]-9618&alias=b9p27p3670.cern.ch&noUDP&sock=startd_8361_876f>
	SlotName: slot1_14@b9p27p3670.cern.ch
	CondorScratchDir = "/pool/condor/dir_333733"
	Cpus = 1
	Disk = 3768
	GPUs = 0
	Memory = 3000
...
040 (15654815.003.000) 09/11 16:04:22 Started transferring input files
	Transferring to host: <188.185.214.25:9618?addrs=188.185.214.25-9618+[2001-1458-303-1c--100-15]-9618&alias=b9p29p0878.cern.ch&noUDP&sock=slot1_21_3612164_0f41_3212>
...
040 (15654815.003.000) 09/11 16:04:22 Finished transferring input files
...
001 (15654815.003.000) 09/11 16:04:22 Job executing on host: <188.185.214.25:9618?addrs=188.185.214.25-9618+[2001-1458-303-1c--100-15]-9618&alias=b9p29p0878.cern.ch&noUDP&sock=startd_1687211_fd00>
	SlotName: slot1_21@b9p29p0878.cern.ch
	CondorScratchDir = "/pool/condor/dir_3373516"
	Cpus = 1
	Disk = 3678
	GPUs = 0
	Memory = 3000
...
040 (15654815.000.000) 09/11 16:04:22 Started transferring input files
	Transferring to host: <188.185.213.225:9618?addrs=188.185.213.225-9618+[2001-1458-303-1b--100-5d]-9618&alias=b9p28p5179.cern.ch&noUDP&sock=slot1_32_3324417_446b_836>
...
001 (15654815.000.000) 09/11 16:04:22 Job executing on host: <188.185.213.225:9618?addrs=188.185.213.225-9618+[2001-1458-303-1b--100-5d]-9618&alias=b9p28p5179.cern.ch&noUDP&sock=startd_7800_bacd>
	SlotName: slot1_32@b9p28p5179.cern.ch
	CondorScratchDir = "/pool/condor/dir_488291"
	Cpus = 1
	Disk = 3815
	GPUs = 0
	Memory = 3000
...
040 (15654815.000.000) 09/11 16:04:22 Finished transferring input files
...
040 (15654815.008.000) 09/11 16:04:23 Started transferring input files
	Transferring to host: <188.185.193.109:9618?addrs=188.185.193.109-9618+[2001-1458-303-20--100-69]-9618&alias=b9p19p8661.cern.ch&noUDP&sock=slot1_22_6120_d7f2_92329>
...
040 (15654815.005.000) 09/11 16:04:23 Started transferring input files
	Transferring to host: <188.185.210.207:9618?addrs=188.185.210.207-9618+[2001-1458-303-15--100-4b]-9618&alias=b9p22p1144.cern.ch&noUDP&sock=slot1_40_7708_bbb3_113565>
...
001 (15654815.008.000) 09/11 16:04:23 Job executing on host: <188.185.193.109:9618?addrs=188.185.193.109-9618+[2001-1458-303-20--100-69]-9618&alias=b9p19p8661.cern.ch&noUDP&sock=startd_5743_cc7d>
	SlotName: slot1_22@b9p19p8661.cern.ch
	CondorScratchDir = "/pool/condor/dir_448427"
	Cpus = 1
	Disk = 3721
	GPUs = 0
	Memory = 3000
...
040 (15654815.008.000) 09/11 16:04:23 Finished transferring input files
...
001 (15654815.005.000) 09/11 16:04:23 Job executing on host: <188.185.210.207:9618?addrs=188.185.210.207-9618+[2001-1458-303-15--100-4b]-9618&alias=b9p22p1144.cern.ch&noUDP&sock=startd_6618_f9dc>
	SlotName: slot1_40@b9p22p1144.cern.ch
	CondorScratchDir = "/pool/condor/dir_1622343"
	Cpus = 1
	Disk = 3684
	GPUs = 0
	Memory = 3000
...
040 (15654815.005.000) 09/11 16:04:23 Finished transferring input files
...
040 (15654815.006.000) 09/11 16:04:23 Started transferring input files
	Transferring to host: <188.185.211.157:9618?addrs=188.185.211.157-9618+[2001-1458-303-17--100-19]-9618&alias=b9p24p3601.cern.ch&noUDP&sock=slot1_32_1144037_4f93_96143>
...
040 (15654815.006.000) 09/11 16:04:23 Finished transferring input files
...
001 (15654815.006.000) 09/11 16:04:23 Job executing on host: <188.185.211.157:9618?addrs=188.185.211.157-9618+[2001-1458-303-17--100-19]-9618&alias=b9p24p3601.cern.ch&noUDP&sock=startd_1143983_c398>
	SlotName: slot1_32@b9p24p3601.cern.ch
	CondorScratchDir = "/pool/condor/dir_2867977"
	Cpus = 1
	Disk = 3842
	GPUs = 0
	Memory = 3000
...
040 (15654815.007.000) 09/11 16:04:24 Started transferring input files
	Transferring to host: <188.185.192.147:9618?addrs=188.185.192.147-9618+[2001-1458-303-1f--100-8f]-9618&alias=b9p13p9939.cern.ch&noUDP&sock=slot1_39_243439_8c44_89191>
...
040 (15654815.007.000) 09/11 16:04:24 Finished transferring input files
...
001 (15654815.007.000) 09/11 16:04:24 Job executing on host: <188.185.192.147:9618?addrs=188.185.192.147-9618+[2001-1458-303-1f--100-8f]-9618&alias=b9p13p9939.cern.ch&noUDP&sock=startd_5312_2b2c>
	SlotName: slot1_39@b9p13p9939.cern.ch
	CondorScratchDir = "/pool/condor/dir_2308583"
	Cpus = 1
	Disk = 3799
	GPUs = 0
	Memory = 3000
...
040 (15654815.009.000) 09/11 16:04:24 Started transferring input files
	Transferring to host: <188.185.213.225:9618?addrs=188.185.213.225-9618+[2001-1458-303-1b--100-5d]-9618&alias=b9p28p5179.cern.ch&noUDP&sock=slot1_34_3324417_446b_837>
...
040 (15654815.009.000) 09/11 16:04:24 Finished transferring input files
...
001 (15654815.009.000) 09/11 16:04:24 Job executing on host: <188.185.213.225:9618?addrs=188.185.213.225-9618+[2001-1458-303-1b--100-5d]-9618&alias=b9p28p5179.cern.ch&noUDP&sock=startd_7800_bacd>
	SlotName: slot1_34@b9p28p5179.cern.ch
	CondorScratchDir = "/pool/condor/dir_488699"
	Cpus = 1
	Disk = 3815
	GPUs = 0
	Memory = 3000
...
040 (15654815.011.000) 09/11 16:04:24 Started transferring input files
	Transferring to host: <188.185.192.147:9618?addrs=188.185.192.147-9618+[2001-1458-303-1f--100-8f]-9618&alias=b9p13p9939.cern.ch&noUDP&sock=slot1_40_243439_8c44_89192>
...
040 (15654815.011.000) 09/11 16:04:24 Finished transferring input files
...
001 (15654815.011.000) 09/11 16:04:24 Job executing on host: <188.185.192.147:9618?addrs=188.185.192.147-9618+[2001-1458-303-1f--100-8f]-9618&alias=b9p13p9939.cern.ch&noUDP&sock=startd_5312_2b2c>
	SlotName: slot1_40@b9p13p9939.cern.ch
	CondorScratchDir = "/pool/condor/dir_2308584"
	Cpus = 1
	Disk = 3799
	GPUs = 0
	Memory = 3000
...
040 (15654815.010.000) 09/11 16:04:25 Started transferring input files
	Transferring to host: <188.185.193.109:9618?addrs=188.185.193.109-9618+[2001-1458-303-20--100-69]-9618&alias=b9p19p8661.cern.ch&noUDP&sock=slot1_7_6120_d7f2_92330>
...
001 (15654815.010.000) 09/11 16:04:25 Job executing on host: <188.185.193.109:9618?addrs=188.185.193.109-9618+[2001-1458-303-20--100-69]-9618&alias=b9p19p8661.cern.ch&noUDP&sock=startd_5743_cc7d>
	SlotName: slot1_7@b9p19p8661.cern.ch
	CondorScratchDir = "/pool/condor/dir_448497"
	Cpus = 1
	Disk = 3721
	GPUs = 0
	Memory = 3000
...
040 (15654815.010.000) 09/11 16:04:25 Finished transferring input files
...
040 (15654815.012.000) 09/11 16:04:26 Started transferring input files
	Transferring to host: <188.185.193.109:9618?addrs=188.185.193.109-9618+[2001-1458-303-20--100-69]-9618&alias=b9p19p8661.cern.ch&noUDP&sock=slot1_26_6120_d7f2_92331>
...
040 (15654815.012.000) 09/11 16:04:26 Finished transferring input files
...
001 (15654815.012.000) 09/11 16:04:26 Job executing on host: <188.185.193.109:9618?addrs=188.185.193.109-9618+[2001-1458-303-20--100-69]-9618&alias=b9p19p8661.cern.ch&noUDP&sock=startd_5743_cc7d>
	SlotName: slot1_26@b9p19p8661.cern.ch
	CondorScratchDir = "/pool/condor/dir_448498"
	Cpus = 1
	Disk = 3721
	GPUs = 0
	Memory = 3000
...
006 (15654815.005.000) 09/11 16:04:32 Image size of job updated: 172668
	169  -  MemoryUsage of job (MB)
	172668  -  ResidentSetSize of job (KB)
...
006 (15654815.006.000) 09/11 16:04:32 Image size of job updated: 169980
	166  -  MemoryUsage of job (MB)
	169980  -  ResidentSetSize of job (KB)
...
040 (15654815.013.000) 09/11 16:04:32 Started transferring input files
	Transferring to host: <188.185.194.19:9618?addrs=188.185.194.19-9618+[2001-1458-303-21--100-f]-9618&alias=b9p20p8751.cern.ch&noUDP&sock=slot1_7_6151_af93_92931>
...
040 (15654815.014.000) 09/11 16:04:32 Started transferring input files
	Transferring to host: <188.185.210.12:9618?addrs=188.185.210.12-9618+[2001-1458-303-1--100-8]-9618&alias=b9p21p9278.cern.ch&noUDP&sock=slot1_11_4093_a380_6538>
...
040 (15654815.015.000) 09/11 16:04:32 Started transferring input files
	Transferring to host: <188.185.215.51:9618?addrs=188.185.215.51-9618+[2001-1458-303-1e--100-2f]-9618&alias=b9p31p7647.cern.ch&noUDP&sock=slot1_18_2478599_f850_559>
...
001 (15654815.013.000) 09/11 16:04:33 Job executing on host: <188.185.194.19:9618?addrs=188.185.194.19-9618+[2001-1458-303-21--100-f]-9618&alias=b9p20p8751.cern.ch&noUDP&sock=startd_6106_c95e>
	SlotName: slot1_7@b9p20p8751.cern.ch
	CondorScratchDir = "/pool/condor/dir_2342531"
	Cpus = 1
	Disk = 3815
	GPUs = 0
	Memory = 3000
...
040 (15654815.013.000) 09/11 16:04:33 Finished transferring input files
...
001 (15654815.014.000) 09/11 16:04:33 Job executing on host: <188.185.210.12:9618?addrs=188.185.210.12-9618+[2001-1458-303-1--100-8]-9618&alias=b9p21p9278.cern.ch&noUDP&sock=startd_3472_14e9>
	SlotName: slot1_11@b9p21p9278.cern.ch
	CondorScratchDir = "/pool/condor/dir_3066422"
	Cpus = 1
	Disk = 3788
	GPUs = 0
	Memory = 3000
...
040 (15654815.014.000) 09/11 16:04:33 Finished transferring input files
...
001 (15654815.015.000) 09/11 16:04:33 Job executing on host: <188.185.215.51:9618?addrs=188.185.215.51-9618+[2001-1458-303-1e--100-2f]-9618&alias=b9p31p7647.cern.ch&noUDP&sock=startd_7638_9c75>
	SlotName: slot1_18@b9p31p7647.cern.ch
	CondorScratchDir = "/pool/condor/dir_3893491"
	Cpus = 1
	Disk = 3781
	GPUs = 0
	Memory = 3000
...
040 (15654815.015.000) 09/11 16:04:33 Finished transferring input files
...
040 (15654815.017.000) 09/11 16:04:34 Started transferring input files
	Transferring to host: <188.185.196.135:9618?addrs=188.185.196.135-9618&alias=b9p16p6625.cern.ch&noUDP&sock=slot1_24_2168713_3fd7_15324>
...
001 (15654815.017.000) 09/11 16:04:34 Job executing on host: <188.185.196.135:9618?addrs=188.185.196.135-9618&alias=b9p16p6625.cern.ch&noUDP&sock=startd_8816_9f06>
	SlotName: slot1_24@b9p16p6625.cern.ch
	CondorScratchDir = "/pool/condor/dir_153540"
	Cpus = 1
	Disk = 3842
	GPUs = 0
	Memory = 3000
...
040 (15654815.017.000) 09/11 16:04:34 Finished transferring input files
...
040 (15654815.016.000) 09/11 16:04:34 Started transferring input files
	Transferring to host: <188.185.210.11:9618?addrs=188.185.210.11-9618+[2001-1458-303-1--100-7]-9618&alias=b9p21p9592.cern.ch&noUDP&sock=slot1_18_3606660_fe61_93755>
...
040 (15654815.016.000) 09/11 16:04:34 Finished transferring input files
...
040 (15654815.018.000) 09/11 16:04:34 Started transferring input files
	Transferring to host: <128.142.192.161:9618?addrs=128.142.192.161-9618+[2001-1458-301-56--100-1d]-9618&alias=b9g18p0292.cern.ch&noUDP&sock=slot1_21_788494_1a79_11305>
...
001 (15654815.016.000) 09/11 16:04:34 Job executing on host: <188.185.210.11:9618?addrs=188.185.210.11-9618+[2001-1458-303-1--100-7]-9618&alias=b9p21p9592.cern.ch&noUDP&sock=startd_3606622_48d6>
	SlotName: slot1_18@b9p21p9592.cern.ch
	CondorScratchDir = "/pool/condor/dir_2421761"
	Cpus = 1
	Disk = 3755
	GPUs = 0
	Memory = 3000
...
040 (15654815.019.000) 09/11 16:04:34 Started transferring input files
	Transferring to host: <188.185.194.155:9618?addrs=188.185.194.155-9618+[2001-1458-303-21--100-97]-9618&alias=b9p20p8436.cern.ch&noUDP&sock=slot1_18_6136_1df3_92888>
...
001 (15654815.018.000) 09/11 16:04:34 Job executing on host: <128.142.192.161:9618?addrs=128.142.192.161-9618+[2001-1458-301-56--100-1d]-9618&alias=b9g18p0292.cern.ch&noUDP&sock=startd_3513_344b>
	SlotName: slot1_21@b9g18p0292.cern.ch
	CondorScratchDir = "/pool/condor/dir_2576426"
	Cpus = 1
	Disk = 3816
	GPUs = 0
	Memory = 3000
...
040 (15654815.018.000) 09/11 16:04:34 Finished transferring input files
...
001 (15654815.019.000) 09/11 16:04:34 Job executing on host: <188.185.194.155:9618?addrs=188.185.194.155-9618+[2001-1458-303-21--100-97]-9618&alias=b9p20p8436.cern.ch&noUDP&sock=startd_5987_2999>
	SlotName: slot1_18@b9p20p8436.cern.ch
	CondorScratchDir = "/pool/condor/dir_871826"
	Cpus = 1
	Disk = 3907
	GPUs = 0
	Memory = 3000
...
040 (15654815.019.000) 09/11 16:04:34 Finished transferring input files
...
006 (15654815.001.000) 09/11 16:04:35 Image size of job updated: 163784
	160  -  MemoryUsage of job (MB)
	163784  -  ResidentSetSize of job (KB)
...
006 (15654815.002.000) 09/11 16:04:35 Image size of job updated: 170708
	167  -  MemoryUsage of job (MB)
	170708  -  ResidentSetSize of job (KB)
...
006 (15654815.004.000) 09/11 16:04:36 Image size of job updated: 170660
	167  -  MemoryUsage of job (MB)
	170660  -  ResidentSetSize of job (KB)
...
006 (15654815.003.000) 09/11 16:04:36 Image size of job updated: 170504
	167  -  MemoryUsage of job (MB)
	170504  -  ResidentSetSize of job (KB)
...
006 (15654815.000.000) 09/11 16:04:36 Image size of job updated: 170620
	167  -  MemoryUsage of job (MB)
	170620  -  ResidentSetSize of job (KB)
...
006 (15654815.008.000) 09/11 16:04:37 Image size of job updated: 163800
	160  -  MemoryUsage of job (MB)
	163800  -  ResidentSetSize of job (KB)
...
006 (15654815.007.000) 09/11 16:04:38 Image size of job updated: 143292
	140  -  MemoryUsage of job (MB)
	143292  -  ResidentSetSize of job (KB)
...
006 (15654815.011.000) 09/11 16:04:38 Image size of job updated: 143628
	141  -  MemoryUsage of job (MB)
	143628  -  ResidentSetSize of job (KB)
...
006 (15654815.009.000) 09/11 16:04:38 Image size of job updated: 170428
	167  -  MemoryUsage of job (MB)
	170428  -  ResidentSetSize of job (KB)
...
006 (15654815.010.000) 09/11 16:04:39 Image size of job updated: 142364
	140  -  MemoryUsage of job (MB)
	142364  -  ResidentSetSize of job (KB)
...
006 (15654815.012.000) 09/11 16:04:39 Image size of job updated: 144944
	142  -  MemoryUsage of job (MB)
	144944  -  ResidentSetSize of job (KB)
...
006 (15654815.014.000) 09/11 16:04:41 Image size of job updated: 212212
	208  -  MemoryUsage of job (MB)
	212212  -  ResidentSetSize of job (KB)
...
006 (15654815.016.000) 09/11 16:04:43 Image size of job updated: 45952
	45  -  MemoryUsage of job (MB)
	45952  -  ResidentSetSize of job (KB)
...
006 (15654815.013.000) 09/11 16:04:46 Image size of job updated: 123984
	122  -  MemoryUsage of job (MB)
	123984  -  ResidentSetSize of job (KB)
...
006 (15654815.015.000) 09/11 16:04:46 Image size of job updated: 141812
	139  -  MemoryUsage of job (MB)
	141812  -  ResidentSetSize of job (KB)
...
006 (15654815.017.000) 09/11 16:04:47 Image size of job updated: 109928
	108  -  MemoryUsage of job (MB)
	109928  -  ResidentSetSize of job (KB)
...
006 (15654815.019.000) 09/11 16:04:48 Image size of job updated: 111856
	110  -  MemoryUsage of job (MB)
	111856  -  ResidentSetSize of job (KB)
...
006 (15654815.018.000) 09/11 16:04:48 Image size of job updated: 162936
	160  -  MemoryUsage of job (MB)
	162936  -  ResidentSetSize of job (KB)
...
006 (15654815.005.000) 09/11 16:09:33 Image size of job updated: 703364
	687  -  MemoryUsage of job (MB)
	703364  -  ResidentSetSize of job (KB)
...
006 (15654815.006.000) 09/11 16:09:33 Image size of job updated: 704072
	688  -  MemoryUsage of job (MB)
	704072  -  ResidentSetSize of job (KB)
...
006 (15654815.001.000) 09/11 16:09:35 Image size of job updated: 771588
	681  -  MemoryUsage of job (MB)
	696760  -  ResidentSetSize of job (KB)
...
006 (15654815.002.000) 09/11 16:09:35 Image size of job updated: 770812
	680  -  MemoryUsage of job (MB)
	695916  -  ResidentSetSize of job (KB)
...
006 (15654815.004.000) 09/11 16:09:37 Image size of job updated: 767008
	676  -  MemoryUsage of job (MB)
	692044  -  ResidentSetSize of job (KB)
...
006 (15654815.003.000) 09/11 16:09:37 Image size of job updated: 771360
	681  -  MemoryUsage of job (MB)
	696488  -  ResidentSetSize of job (KB)
...
006 (15654815.000.000) 09/11 16:09:37 Image size of job updated: 772088
	681  -  MemoryUsage of job (MB)
	697252  -  ResidentSetSize of job (KB)
...
006 (15654815.011.000) 09/11 16:09:38 Image size of job updated: 771500
	681  -  MemoryUsage of job (MB)
	696584  -  ResidentSetSize of job (KB)
...
006 (15654815.007.000) 09/11 16:09:38 Image size of job updated: 767216
	677  -  MemoryUsage of job (MB)
	692356  -  ResidentSetSize of job (KB)
...
006 (15654815.008.000) 09/11 16:09:38 Image size of job updated: 775252
	680  -  MemoryUsage of job (MB)
	695308  -  ResidentSetSize of job (KB)
...
006 (15654815.009.000) 09/11 16:09:39 Image size of job updated: 778212
	688  -  MemoryUsage of job (MB)
	703720  -  ResidentSetSize of job (KB)
...
006 (15654815.010.000) 09/11 16:09:39 Image size of job updated: 766952
	676  -  MemoryUsage of job (MB)
	692052  -  ResidentSetSize of job (KB)
...
006 (15654815.012.000) 09/11 16:09:39 Image size of job updated: 771384
	681  -  MemoryUsage of job (MB)
	696536  -  ResidentSetSize of job (KB)
...
006 (15654815.014.000) 09/11 16:09:41 Image size of job updated: 747424
	730  -  MemoryUsage of job (MB)
	747424  -  ResidentSetSize of job (KB)
...
006 (15654815.016.000) 09/11 16:09:44 Image size of job updated: 1038244
	1014  -  MemoryUsage of job (MB)
	1038244  -  ResidentSetSize of job (KB)
...
006 (15654815.013.000) 09/11 16:09:46 Image size of job updated: 771424
	681  -  MemoryUsage of job (MB)
	696484  -  ResidentSetSize of job (KB)
...
006 (15654815.015.000) 09/11 16:09:46 Image size of job updated: 775156
	679  -  MemoryUsage of job (MB)
	695156  -  ResidentSetSize of job (KB)
...
006 (15654815.017.000) 09/11 16:09:47 Image size of job updated: 775160
	684  -  MemoryUsage of job (MB)
	700160  -  ResidentSetSize of job (KB)
...
006 (15654815.018.000) 09/11 16:09:49 Image size of job updated: 771224
	680  -  MemoryUsage of job (MB)
	696164  -  ResidentSetSize of job (KB)
...
006 (15654815.019.000) 09/11 16:09:49 Image size of job updated: 769804
	679  -  MemoryUsage of job (MB)
	694832  -  ResidentSetSize of job (KB)
...
006 (15654815.001.000) 09/11 16:14:36 Image size of job updated: 1006288
	983  -  MemoryUsage of job (MB)
	1006288  -  ResidentSetSize of job (KB)
...
006 (15654815.002.000) 09/11 16:14:36 Image size of job updated: 1384256
	1352  -  MemoryUsage of job (MB)
	1384256  -  ResidentSetSize of job (KB)
...
006 (15654815.000.000) 09/11 16:14:38 Image size of job updated: 855432
	836  -  MemoryUsage of job (MB)
	855432  -  ResidentSetSize of job (KB)
...
006 (15654815.011.000) 09/11 16:14:38 Image size of job updated: 852288
	833  -  MemoryUsage of job (MB)
	852288  -  ResidentSetSize of job (KB)
...
006 (15654815.007.000) 09/11 16:14:38 Image size of job updated: 836028
	817  -  MemoryUsage of job (MB)
	836028  -  ResidentSetSize of job (KB)
...
006 (15654815.009.000) 09/11 16:14:39 Image size of job updated: 850976
	832  -  MemoryUsage of job (MB)
	850976  -  ResidentSetSize of job (KB)
...
006 (15654815.001.000) 09/11 16:19:36 Image size of job updated: 1619032
	1582  -  MemoryUsage of job (MB)
	1619032  -  ResidentSetSize of job (KB)
...
006 (15654815.002.000) 09/11 16:19:36 Image size of job updated: 1625900
	1352  -  MemoryUsage of job (MB)
	1384256  -  ResidentSetSize of job (KB)
...
006 (15654815.000.000) 09/11 16:19:38 Image size of job updated: 1390612
	1359  -  MemoryUsage of job (MB)
	1390612  -  ResidentSetSize of job (KB)
...
006 (15654815.011.000) 09/11 16:19:39 Image size of job updated: 1378152
	1346  -  MemoryUsage of job (MB)
	1378152  -  ResidentSetSize of job (KB)
...
006 (15654815.007.000) 09/11 16:19:39 Image size of job updated: 1379556
	1348  -  MemoryUsage of job (MB)
	1379556  -  ResidentSetSize of job (KB)
...
006 (15654815.009.000) 09/11 16:19:40 Image size of job updated: 1623616
	1586  -  MemoryUsage of job (MB)
	1623616  -  ResidentSetSize of job (KB)
...
040 (15654815.002.000) 09/11 16:20:25 Started transferring output files
...
040 (15654815.002.000) 09/11 16:20:27 Finished transferring output files
...
005 (15654815.002.000) 09/11 16:20:27 Job terminated.
	(1) Normal termination (return value 0)
		Usr 0 00:14:35, Sys 0 00:00:21  -  Run Remote Usage
		Usr 0 00:00:00, Sys 0 00:00:00  -  Run Local Usage
		Usr 0 00:14:35, Sys 0 00:00:21  -  Total Remote Usage
		Usr 0 00:00:00, Sys 0 00:00:00  -  Total Local Usage
	57360  -  Run Bytes Sent By Job
	1153  -  Run Bytes Received By Job
	57360  -  Total Bytes Sent By Job
	1153  -  Total Bytes Received By Job
	Partitionable Resources :      Usage  Request Allocated 
	   Cpus                 :       0.93        1         1 
	   Disk (KB)            : 4846966           2      3830 
	   GPUs                 :                             0 
	   Memory (MB)          :    1352        3000      3000 

	Job terminated of its own accord at 2025-09-11T14:20:25Z with exit-code 0.
...
006 (15654815.001.000) 09/11 16:21:52 Image size of job updated: 1619776
	1582  -  MemoryUsage of job (MB)
	1619032  -  ResidentSetSize of job (KB)
...
040 (15654815.001.000) 09/11 16:21:52 Started transferring output files
...
040 (15654815.001.000) 09/11 16:21:54 Finished transferring output files
...
005 (15654815.001.000) 09/11 16:21:55 Job terminated.
	(1) Normal termination (return value 0)
		Usr 0 00:16:30, Sys 0 00:00:20  -  Run Remote Usage
		Usr 0 00:00:00, Sys 0 00:00:00  -  Run Local Usage
		Usr 0 00:16:30, Sys 0 00:00:20  -  Total Remote Usage
		Usr 0 00:00:00, Sys 0 00:00:00  -  Total Local Usage
	57359  -  Run Bytes Sent By Job
	1153  -  Run Bytes Received By Job
	57359  -  Total Bytes Sent By Job
	1153  -  Total Bytes Received By Job
	Partitionable Resources :      Usage  Request Allocated 
	   Cpus                 :       0.98        1         1 
	   Disk (KB)            : 4850697           2      3634 
	   GPUs                 :                             0 
	   Memory (MB)          :    1582        3000      3000 

	Job terminated of its own accord at 2025-09-11T14:21:52Z with exit-code 0.
...
006 (15654815.009.000) 09/11 16:24:08 Image size of job updated: 1632144
	1586  -  MemoryUsage of job (MB)
	1623616  -  ResidentSetSize of job (KB)
...
040 (15654815.009.000) 09/11 16:24:09 Started transferring output files
...
040 (15654815.009.000) 09/11 16:24:10 Finished transferring output files
...
005 (15654815.009.000) 09/11 16:24:10 Job terminated.
	(1) Normal termination (return value 0)
		Usr 0 00:17:33, Sys 0 00:00:24  -  Run Remote Usage
		Usr 0 00:00:00, Sys 0 00:00:00  -  Run Local Usage
		Usr 0 00:17:33, Sys 0 00:00:24  -  Total Remote Usage
		Usr 0 00:00:00, Sys 0 00:00:00  -  Total Local Usage
	57359  -  Run Bytes Sent By Job
	1153  -  Run Bytes Received By Job
	57359  -  Total Bytes Sent By Job
	1153  -  Total Bytes Received By Job
	Partitionable Resources :      Usage  Request Allocated 
	   Cpus                 :       0.97        1         1 
	   Disk (KB)            : 4875656           2      3815 
	   GPUs                 :                             0 
	   Memory (MB)          :    1586        3000      3000 

	Job terminated of its own accord at 2025-09-11T14:24:08Z with exit-code 0.
...
006 (15654815.000.000) 09/11 16:24:25 Image size of job updated: 1637048
	1359  -  MemoryUsage of job (MB)
	1390612  -  ResidentSetSize of job (KB)
...
040 (15654815.000.000) 09/11 16:24:25 Started transferring output files
...
040 (15654815.000.000) 09/11 16:24:26 Finished transferring output files
...
005 (15654815.000.000) 09/11 16:24:26 Job terminated.
	(1) Normal termination (return value 0)
		Usr 0 00:17:51, Sys 0 00:00:24  -  Run Remote Usage
		Usr 0 00:00:00, Sys 0 00:00:00  -  Run Local Usage
		Usr 0 00:17:51, Sys 0 00:00:24  -  Total Remote Usage
		Usr 0 00:00:00, Sys 0 00:00:00  -  Total Local Usage
	57337  -  Run Bytes Sent By Job
	1153  -  Run Bytes Received By Job
	57337  -  Total Bytes Sent By Job
	1153  -  Total Bytes Received By Job
	Partitionable Resources :      Usage  Request Allocated 
	   Cpus                 :       0.93        1         1 
	   Disk (KB)            : 4888329           2      3815 
	   GPUs                 :                             0 
	   Memory (MB)          :    1359        3000      3000 

	Job terminated of its own accord at 2025-09-11T14:24:25Z with exit-code 0.
...
006 (15654815.011.000) 09/11 16:24:40 Image size of job updated: 1608308
	1571  -  MemoryUsage of job (MB)
	1608308  -  ResidentSetSize of job (KB)
...
006 (15654815.007.000) 09/11 16:24:40 Image size of job updated: 1609992
	1573  -  MemoryUsage of job (MB)
	1609992  -  ResidentSetSize of job (KB)
...
040 (15654815.007.000) 09/11 16:27:44 Started transferring output files
...
040 (15654815.007.000) 09/11 16:27:46 Finished transferring output files
...
005 (15654815.007.000) 09/11 16:27:46 Job terminated.
	(1) Normal termination (return value 0)
		Usr 0 00:22:41, Sys 0 00:00:16  -  Run Remote Usage
		Usr 0 00:00:00, Sys 0 00:00:00  -  Run Local Usage
		Usr 0 00:22:41, Sys 0 00:00:16  -  Total Remote Usage
		Usr 0 00:00:00, Sys 0 00:00:00  -  Total Local Usage
	57360  -  Run Bytes Sent By Job
	1153  -  Run Bytes Received By Job
	57360  -  Total Bytes Sent By Job
	1153  -  Total Bytes Received By Job
	Partitionable Resources :      Usage  Request Allocated 
	   Cpus                 :       0.99        1         1 
	   Disk (KB)            : 4868613           2      3799 
	   GPUs                 :                             0 
	   Memory (MB)          :    1573        3000      3000 

	Job terminated of its own accord at 2025-09-11T14:27:44Z with exit-code 0.
...
040 (15654815.011.000) 09/11 16:28:08 Started transferring output files
...
040 (15654815.011.000) 09/11 16:28:09 Finished transferring output files
...
005 (15654815.011.000) 09/11 16:28:09 Job terminated.
	(1) Normal termination (return value 0)
		Usr 0 00:23:06, Sys 0 00:00:15  -  Run Remote Usage
		Usr 0 00:00:00, Sys 0 00:00:00  -  Run Local Usage
		Usr 0 00:23:06, Sys 0 00:00:15  -  Total Remote Usage
		Usr 0 00:00:00, Sys 0 00:00:00  -  Total Local Usage
	57360  -  Run Bytes Sent By Job
	1153  -  Run Bytes Received By Job
	57360  -  Total Bytes Sent By Job
	1153  -  Total Bytes Received By Job
	Partitionable Resources :      Usage  Request Allocated 
	   Cpus                 :       0.99        1         1 
	   Disk (KB)            : 4841502           2      3799 
	   GPUs                 :                             0 
	   Memory (MB)          :    1571        3000      3000 

	Job terminated of its own accord at 2025-09-11T14:28:08Z with exit-code 0.
...
006 (15654815.005.000) 09/11 16:34:35 Image size of job updated: 857672
	838  -  MemoryUsage of job (MB)
	857672  -  ResidentSetSize of job (KB)
...
006 (15654815.006.000) 09/11 16:34:35 Image size of job updated: 866132
	846  -  MemoryUsage of job (MB)
	866132  -  ResidentSetSize of job (KB)
...
006 (15654815.004.000) 09/11 16:34:39 Image size of job updated: 998044
	975  -  MemoryUsage of job (MB)
	998044  -  ResidentSetSize of job (KB)
...
006 (15654815.003.000) 09/11 16:34:40 Image size of job updated: 844004
	825  -  MemoryUsage of job (MB)
	844004  -  ResidentSetSize of job (KB)
...
006 (15654815.014.000) 09/11 16:34:45 Image size of job updated: 906264
	886  -  MemoryUsage of job (MB)
	906264  -  ResidentSetSize of job (KB)
...
006 (15654815.016.000) 09/11 16:34:47 Image size of job updated: 1165992
	1139  -  MemoryUsage of job (MB)
	1165992  -  ResidentSetSize of job (KB)
...
006 (15654815.015.000) 09/11 16:34:48 Image size of job updated: 848940
	830  -  MemoryUsage of job (MB)
	848940  -  ResidentSetSize of job (KB)
...
006 (15654815.013.000) 09/11 16:34:50 Image size of job updated: 852948
	833  -  MemoryUsage of job (MB)
	852948  -  ResidentSetSize of job (KB)
...
006 (15654815.005.000) 09/11 16:39:36 Image size of job updated: 1394180
	1362  -  MemoryUsage of job (MB)
	1394180  -  ResidentSetSize of job (KB)
...
006 (15654815.006.000) 09/11 16:39:36 Image size of job updated: 1400124
	1368  -  MemoryUsage of job (MB)
	1400124  -  ResidentSetSize of job (KB)
...
006 (15654815.004.000) 09/11 16:39:40 Image size of job updated: 1624036
	1586  -  MemoryUsage of job (MB)
	1624036  -  ResidentSetSize of job (KB)
...
006 (15654815.003.000) 09/11 16:39:41 Image size of job updated: 1379412
	1348  -  MemoryUsage of job (MB)
	1379412  -  ResidentSetSize of job (KB)
...
006 (15654815.008.000) 09/11 16:39:42 Image size of job updated: 985944
	963  -  MemoryUsage of job (MB)
	985944  -  ResidentSetSize of job (KB)
...
006 (15654815.012.000) 09/11 16:39:43 Image size of job updated: 997880
	975  -  MemoryUsage of job (MB)
	997880  -  ResidentSetSize of job (KB)
...
006 (15654815.010.000) 09/11 16:39:43 Image size of job updated: 1006444
	983  -  MemoryUsage of job (MB)
	1006444  -  ResidentSetSize of job (KB)
...
006 (15654815.014.000) 09/11 16:39:45 Image size of job updated: 1453116
	1420  -  MemoryUsage of job (MB)
	1453116  -  ResidentSetSize of job (KB)
...
006 (15654815.016.000) 09/11 16:39:48 Image size of job updated: 1709288
	1670  -  MemoryUsage of job (MB)
	1709288  -  ResidentSetSize of job (KB)
...
006 (15654815.015.000) 09/11 16:39:48 Image size of job updated: 1387580
	1356  -  MemoryUsage of job (MB)
	1387580  -  ResidentSetSize of job (KB)
...
006 (15654815.013.000) 09/11 16:39:50 Image size of job updated: 1384504
	1353  -  MemoryUsage of job (MB)
	1384504  -  ResidentSetSize of job (KB)
...
006 (15654815.018.000) 09/11 16:39:51 Image size of job updated: 834836
	816  -  MemoryUsage of job (MB)
	834836  -  ResidentSetSize of job (KB)
...
006 (15654815.017.000) 09/11 16:39:51 Image size of job updated: 838480
	819  -  MemoryUsage of job (MB)
	838480  -  ResidentSetSize of job (KB)
...
006 (15654815.019.000) 09/11 16:39:52 Image size of job updated: 844052
	825  -  MemoryUsage of job (MB)
	844052  -  ResidentSetSize of job (KB)
...
006 (15654815.004.000) 09/11 16:42:46 Image size of job updated: 1624048
	1586  -  MemoryUsage of job (MB)
	1624036  -  ResidentSetSize of job (KB)
...
040 (15654815.004.000) 09/11 16:42:46 Started transferring output files
...
040 (15654815.004.000) 09/11 16:42:46 Finished transferring output files
...
005 (15654815.004.000) 09/11 16:42:46 Job terminated.
	(1) Normal termination (return value 0)
		Usr 0 00:17:43, Sys 0 00:00:23  -  Run Remote Usage
		Usr 0 00:00:00, Sys 0 00:00:00  -  Run Local Usage
		Usr 0 00:17:43, Sys 0 00:00:23  -  Total Remote Usage
		Usr 0 00:00:00, Sys 0 00:00:00  -  Total Local Usage
	57359  -  Run Bytes Sent By Job
	1153  -  Run Bytes Received By Job
	57359  -  Total Bytes Sent By Job
	1153  -  Total Bytes Received By Job
	Partitionable Resources :      Usage  Request Allocated 
	   Cpus                 :       0.91        1         1 
	   Disk (KB)            : 4874827           2      3768 
	   GPUs                 :                             0 
	   Memory (MB)          :    1586        3000      3000 

	Job terminated of its own accord at 2025-09-11T14:42:46Z with exit-code 0.
...
006 (15654815.003.000) 09/11 16:44:12 Image size of job updated: 1613564
	1348  -  MemoryUsage of job (MB)
	1379412  -  ResidentSetSize of job (KB)
...
040 (15654815.003.000) 09/11 16:44:12 Started transferring output files
...
040 (15654815.003.000) 09/11 16:44:12 Finished transferring output files
...
005 (15654815.003.000) 09/11 16:44:12 Job terminated.
	(1) Normal termination (return value 0)
		Usr 0 00:16:26, Sys 0 00:00:24  -  Run Remote Usage
		Usr 0 00:00:00, Sys 0 00:00:00  -  Run Local Usage
		Usr 0 00:16:26, Sys 0 00:00:24  -  Total Remote Usage
		Usr 0 00:00:00, Sys 0 00:00:00  -  Total Local Usage
	57360  -  Run Bytes Sent By Job
	1153  -  Run Bytes Received By Job
	57360  -  Total Bytes Sent By Job
	1153  -  Total Bytes Received By Job
	Partitionable Resources :      Usage  Request Allocated 
	   Cpus                 :       0.92        1         1 
	   Disk (KB)            : 4870340           2      3678 
	   GPUs                 :                             0 
	   Memory (MB)          :    1348        3000      3000 

	Job terminated of its own accord at 2025-09-11T14:44:12Z with exit-code 0.
...
040 (15654815.005.000) 09/11 16:44:31 Started transferring output files
...
040 (15654815.005.000) 09/11 16:44:31 Finished transferring output files
...
005 (15654815.005.000) 09/11 16:44:31 Job terminated.
	(1) Normal termination (return value 0)
		Usr 0 00:17:43, Sys 0 00:00:24  -  Run Remote Usage
		Usr 0 00:00:00, Sys 0 00:00:00  -  Run Local Usage
		Usr 0 00:17:43, Sys 0 00:00:24  -  Total Remote Usage
		Usr 0 00:00:00, Sys 0 00:00:00  -  Total Local Usage
	57360  -  Run Bytes Sent By Job
	1153  -  Run Bytes Received By Job
	57360  -  Total Bytes Sent By Job
	1153  -  Total Bytes Received By Job
	Partitionable Resources :      Usage  Request Allocated 
	   Cpus                 :       0.97        1         1 
	   Disk (KB)            : 4843404           2      3684 
	   GPUs                 :                             0 
	   Memory (MB)          :    1362        3000      3000 

	Job terminated of its own accord at 2025-09-11T14:44:31Z with exit-code 0.
...
040 (15654815.006.000) 09/11 16:44:41 Started transferring output files
...
040 (15654815.006.000) 09/11 16:44:41 Finished transferring output files
...
005 (15654815.006.000) 09/11 16:44:41 Job terminated.
	(1) Normal termination (return value 0)
		Usr 0 00:17:48, Sys 0 00:00:24  -  Run Remote Usage
		Usr 0 00:00:00, Sys 0 00:00:00  -  Run Local Usage
		Usr 0 00:17:48, Sys 0 00:00:24  -  Total Remote Usage
		Usr 0 00:00:00, Sys 0 00:00:00  -  Total Local Usage
	57349  -  Run Bytes Sent By Job
	1153  -  Run Bytes Received By Job
	57349  -  Total Bytes Sent By Job
	1153  -  Total Bytes Received By Job
	Partitionable Resources :      Usage  Request Allocated 
	   Cpus                 :       0.98        1         1 
	   Disk (KB)            : 4867083           2      3842 
	   GPUs                 :                             0 
	   Memory (MB)          :    1368        3000      3000 

	Job terminated of its own accord at 2025-09-11T14:44:41Z with exit-code 0.
...
006 (15654815.008.000) 09/11 16:44:43 Image size of job updated: 1595284
	1558  -  MemoryUsage of job (MB)
	1595284  -  ResidentSetSize of job (KB)
...
006 (15654815.012.000) 09/11 16:44:43 Image size of job updated: 1424988
	1392  -  MemoryUsage of job (MB)
	1424988  -  ResidentSetSize of job (KB)
...
006 (15654815.010.000) 09/11 16:44:43 Image size of job updated: 1615884
	1579  -  MemoryUsage of job (MB)
	1615884  -  ResidentSetSize of job (KB)
...
006 (15654815.015.000) 09/11 16:44:49 Image size of job updated: 1621408
	1356  -  MemoryUsage of job (MB)
	1387580  -  ResidentSetSize of job (KB)
...
006 (15654815.013.000) 09/11 16:44:51 Image size of job updated: 1616944
	1580  -  MemoryUsage of job (MB)
	1616944  -  ResidentSetSize of job (KB)
...
006 (15654815.018.000) 09/11 16:44:51 Image size of job updated: 1366336
	1335  -  MemoryUsage of job (MB)
	1366336  -  ResidentSetSize of job (KB)
...
006 (15654815.017.000) 09/11 16:44:52 Image size of job updated: 1355844
	1325  -  MemoryUsage of job (MB)
	1355844  -  ResidentSetSize of job (KB)
...
006 (15654815.019.000) 09/11 16:44:52 Image size of job updated: 1378368
	1347  -  MemoryUsage of job (MB)
	1378368  -  ResidentSetSize of job (KB)
...
040 (15654815.014.000) 09/11 16:45:17 Started transferring output files
...
040 (15654815.014.000) 09/11 16:45:17 Finished transferring output files
...
005 (15654815.014.000) 09/11 16:45:17 Job terminated.
	(1) Normal termination (return value 0)
		Usr 0 00:16:41, Sys 0 00:00:23  -  Run Remote Usage
		Usr 0 00:00:00, Sys 0 00:00:00  -  Run Local Usage
		Usr 0 00:16:41, Sys 0 00:00:23  -  Total Remote Usage
		Usr 0 00:00:00, Sys 0 00:00:00  -  Total Local Usage
	57360  -  Run Bytes Sent By Job
	1153  -  Run Bytes Received By Job
	57360  -  Total Bytes Sent By Job
	1153  -  Total Bytes Received By Job
	Partitionable Resources :      Usage  Request Allocated 
	   Cpus                 :       0.94        1         1 
	   Disk (KB)            : 4877470           2      3788 
	   GPUs                 :                             0 
	   Memory (MB)          :    1420        3000      3000 

	Job terminated of its own accord at 2025-09-11T14:45:17Z with exit-code 0.
...
040 (15654815.015.000) 09/11 16:46:08 Started transferring output files
...
040 (15654815.015.000) 09/11 16:46:08 Finished transferring output files
...
005 (15654815.015.000) 09/11 16:46:08 Job terminated.
	(1) Normal termination (return value 0)
		Usr 0 00:17:19, Sys 0 00:00:25  -  Run Remote Usage
		Usr 0 00:00:00, Sys 0 00:00:00  -  Run Local Usage
		Usr 0 00:17:19, Sys 0 00:00:25  -  Total Remote Usage
		Usr 0 00:00:00, Sys 0 00:00:00  -  Total Local Usage
	57360  -  Run Bytes Sent By Job
	1153  -  Run Bytes Received By Job
	57360  -  Total Bytes Sent By Job
	1153  -  Total Bytes Received By Job
	Partitionable Resources :      Usage  Request Allocated 
	   Cpus                 :       0.93        1         1 
	   Disk (KB)            : 4886028           2      3781 
	   GPUs                 :                             0 
	   Memory (MB)          :    1356        3000      3000 

	Job terminated of its own accord at 2025-09-11T14:46:08Z with exit-code 0.
...
040 (15654815.016.000) 09/11 16:46:23 Started transferring output files
...
040 (15654815.016.000) 09/11 16:46:23 Finished transferring output files
...
005 (15654815.016.000) 09/11 16:46:23 Job terminated.
	(1) Normal termination (return value 0)
		Usr 0 00:18:13, Sys 0 00:00:24  -  Run Remote Usage
		Usr 0 00:00:00, Sys 0 00:00:00  -  Run Local Usage
		Usr 0 00:18:13, Sys 0 00:00:24  -  Total Remote Usage
		Usr 0 00:00:00, Sys 0 00:00:00  -  Total Local Usage
	57360  -  Run Bytes Sent By Job
	1153  -  Run Bytes Received By Job
	57360  -  Total Bytes Sent By Job
	1153  -  Total Bytes Received By Job
	Partitionable Resources :      Usage  Request Allocated 
	   Cpus                 :       0.94        1         1 
	   Disk (KB)            : 4851926           2      3755 
	   GPUs                 :                             0 
	   Memory (MB)          :    1670        3000      3000 

	Job terminated of its own accord at 2025-09-11T14:46:23Z with exit-code 0.
...
040 (15654815.013.000) 09/11 16:48:19 Started transferring output files
...
040 (15654815.013.000) 09/11 16:48:19 Finished transferring output files
...
005 (15654815.013.000) 09/11 16:48:19 Job terminated.
	(1) Normal termination (return value 0)
		Usr 0 00:21:22, Sys 0 00:00:18  -  Run Remote Usage
		Usr 0 00:00:00, Sys 0 00:00:00  -  Run Local Usage
		Usr 0 00:21:22, Sys 0 00:00:18  -  Total Remote Usage
		Usr 0 00:00:00, Sys 0 00:00:00  -  Total Local Usage
	57360  -  Run Bytes Sent By Job
	1153  -  Run Bytes Received By Job
	57360  -  Total Bytes Sent By Job
	1153  -  Total Bytes Received By Job
	Partitionable Resources :      Usage  Request Allocated 
	   Cpus                 :       0.97        1         1 
	   Disk (KB)            : 4869457           2      3815 
	   GPUs                 :                             0 
	   Memory (MB)          :    1580        3000      3000 

	Job terminated of its own accord at 2025-09-11T14:48:19Z with exit-code 0.
...
006 (15654815.008.000) 09/11 16:49:43 Image size of job updated: 1602688
	1558  -  MemoryUsage of job (MB)
	1595284  -  ResidentSetSize of job (KB)
...
006 (15654815.012.000) 09/11 16:49:44 Image size of job updated: 1611728
	1392  -  MemoryUsage of job (MB)
	1424988  -  ResidentSetSize of job (KB)
...
006 (15654815.010.000) 09/11 16:49:44 Image size of job updated: 1615976
	1579  -  MemoryUsage of job (MB)
	1615884  -  ResidentSetSize of job (KB)
...
006 (15654815.017.000) 09/11 16:49:52 Image size of job updated: 1603356
	1325  -  MemoryUsage of job (MB)
	1355844  -  ResidentSetSize of job (KB)
...
006 (15654815.018.000) 09/11 16:49:53 Image size of job updated: 1610208
	1573  -  MemoryUsage of job (MB)
	1610208  -  ResidentSetSize of job (KB)
...
006 (15654815.019.000) 09/11 16:49:53 Image size of job updated: 1626640
	1589  -  MemoryUsage of job (MB)
	1626640  -  ResidentSetSize of job (KB)
...
040 (15654815.010.000) 09/11 16:50:11 Started transferring output files
...
040 (15654815.010.000) 09/11 16:50:11 Finished transferring output files
...
005 (15654815.010.000) 09/11 16:50:11 Job terminated.
	(1) Normal termination (return value 0)
		Usr 0 00:23:15, Sys 0 00:00:16  -  Run Remote Usage
		Usr 0 00:00:00, Sys 0 00:00:00  -  Run Local Usage
		Usr 0 00:23:15, Sys 0 00:00:16  -  Total Remote Usage
		Usr 0 00:00:00, Sys 0 00:00:00  -  Total Local Usage
	57348  -  Run Bytes Sent By Job
	1153  -  Run Bytes Received By Job
	57348  -  Total Bytes Sent By Job
	1153  -  Total Bytes Received By Job
	Partitionable Resources :      Usage  Request Allocated 
	   Cpus                 :       0.99        1         1 
	   Disk (KB)            : 4863534           2      3721 
	   GPUs                 :                             0 
	   Memory (MB)          :    1579        3000      3000 

	Job terminated of its own accord at 2025-09-11T14:50:11Z with exit-code 0.
...
040 (15654815.012.000) 09/11 16:50:38 Started transferring output files
...
040 (15654815.012.000) 09/11 16:50:38 Finished transferring output files
...
005 (15654815.012.000) 09/11 16:50:38 Job terminated.
	(1) Normal termination (return value 0)
		Usr 0 00:23:34, Sys 0 00:00:16  -  Run Remote Usage
		Usr 0 00:00:00, Sys 0 00:00:00  -  Run Local Usage
		Usr 0 00:23:34, Sys 0 00:00:16  -  Total Remote Usage
		Usr 0 00:00:00, Sys 0 00:00:00  -  Total Local Usage
	57348  -  Run Bytes Sent By Job
	1153  -  Run Bytes Received By Job
	57348  -  Total Bytes Sent By Job
	1153  -  Total Bytes Received By Job
	Partitionable Resources :      Usage  Request Allocated 
	   Cpus                 :       0.99        1         1 
	   Disk (KB)            : 4865748           2      3721 
	   GPUs                 :                             0 
	   Memory (MB)          :    1392        3000      3000 

	Job terminated of its own accord at 2025-09-11T14:50:38Z with exit-code 0.
...
040 (15654815.008.000) 09/11 16:50:46 Started transferring output files
...
040 (15654815.008.000) 09/11 16:50:46 Finished transferring output files
...
005 (15654815.008.000) 09/11 16:50:46 Job terminated.
	(1) Normal termination (return value 0)
		Usr 0 00:23:26, Sys 0 00:00:16  -  Run Remote Usage
		Usr 0 00:00:00, Sys 0 00:00:00  -  Run Local Usage
		Usr 0 00:23:26, Sys 0 00:00:16  -  Total Remote Usage
		Usr 0 00:00:00, Sys 0 00:00:00  -  Total Local Usage
	57359  -  Run Bytes Sent By Job
	1153  -  Run Bytes Received By Job
	57359  -  Total Bytes Sent By Job
	1153  -  Total Bytes Received By Job
	Partitionable Resources :      Usage  Request Allocated 
	   Cpus                 :       0.99        1         1 
	   Disk (KB)            : 4877836           2      3721 
	   GPUs                 :                             0 
	   Memory (MB)          :    1558        3000      3000 

	Job terminated of its own accord at 2025-09-11T14:50:46Z with exit-code 0.
...
040 (15654815.017.000) 09/11 16:51:32 Started transferring output files
...
040 (15654815.017.000) 09/11 16:51:32 Finished transferring output files
...
005 (15654815.017.000) 09/11 16:51:32 Job terminated.
	(1) Normal termination (return value 0)
		Usr 0 00:24:46, Sys 0 00:00:18  -  Run Remote Usage
		Usr 0 00:00:00, Sys 0 00:00:00  -  Run Local Usage
		Usr 0 00:24:46, Sys 0 00:00:18  -  Total Remote Usage
		Usr 0 00:00:00, Sys 0 00:00:00  -  Total Local Usage
	57359  -  Run Bytes Sent By Job
	1153  -  Run Bytes Received By Job
	57359  -  Total Bytes Sent By Job
	1153  -  Total Bytes Received By Job
	Partitionable Resources :      Usage  Request Allocated 
	   Cpus                 :       0.99        1         1 
	   Disk (KB)            : 4865549           2      3842 
	   GPUs                 :                             0 
	   Memory (MB)          :    1325        3000      3000 

	Job terminated of its own accord at 2025-09-11T14:51:32Z with exit-code 0.
...
006 (15654815.018.000) 09/11 16:52:10 Image size of job updated: 1610212
	1573  -  MemoryUsage of job (MB)
	1610208  -  ResidentSetSize of job (KB)
...
040 (15654815.018.000) 09/11 16:52:10 Started transferring output files
...
040 (15654815.018.000) 09/11 16:52:10 Finished transferring output files
...
005 (15654815.018.000) 09/11 16:52:10 Job terminated.
	(1) Normal termination (return value 0)
		Usr 0 00:24:01, Sys 0 00:00:28  -  Run Remote Usage
		Usr 0 00:00:00, Sys 0 00:00:00  -  Run Local Usage
		Usr 0 00:24:01, Sys 0 00:00:28  -  Total Remote Usage
		Usr 0 00:00:00, Sys 0 00:00:00  -  Total Local Usage
	57360  -  Run Bytes Sent By Job
	1153  -  Run Bytes Received By Job
	57360  -  Total Bytes Sent By Job
	1153  -  Total Bytes Received By Job
	Partitionable Resources :      Usage  Request Allocated 
	   Cpus                 :       0.95        1         1 
	   Disk (KB)            : 4875459           2      3816 
	   GPUs                 :                             0 
	   Memory (MB)          :    1573        3000      3000 

	Job terminated of its own accord at 2025-09-11T14:52:10Z with exit-code 0.
...
040 (15654815.019.000) 09/11 16:53:42 Started transferring output files
...
040 (15654815.019.000) 09/11 16:53:42 Finished transferring output files
...
005 (15654815.019.000) 09/11 16:53:42 Job terminated.
	(1) Normal termination (return value 0)
		Usr 0 00:26:38, Sys 0 00:00:19  -  Run Remote Usage
		Usr 0 00:00:00, Sys 0 00:00:00  -  Run Local Usage
		Usr 0 00:26:38, Sys 0 00:00:19  -  Total Remote Usage
		Usr 0 00:00:00, Sys 0 00:00:00  -  Total Local Usage
	57359  -  Run Bytes Sent By Job
	1153  -  Run Bytes Received By Job
	57359  -  Total Bytes Sent By Job
	1153  -  Total Bytes Received By Job
	Partitionable Resources :      Usage  Request Allocated 
	   Cpus                 :       0.98        1         1 
	   Disk (KB)            : 4862243           2      3907 
	   GPUs                 :                             0 
	   Memory (MB)          :    1589        3000      3000 

	Job terminated of its own accord at 2025-09-11T14:53:42Z with exit-code 0.
...
