000 (15649358.000.000) 09/09 14:31:48 Job submitted from host: <137.138.44.75:9618?addrs=137.138.44.75-9618+[2001-1458-d00-1a--b]-9618&alias=bigbird14.cern.ch&noUDP&sock=schedd_2076396_86fa>
...
000 (15649358.001.000) 09/09 14:31:48 Job submitted from host: <137.138.44.75:9618?addrs=137.138.44.75-9618+[2001-1458-d00-1a--b]-9618&alias=bigbird14.cern.ch&noUDP&sock=schedd_2076396_86fa>
...
000 (15649358.002.000) 09/09 14:31:48 Job submitted from host: <137.138.44.75:9618?addrs=137.138.44.75-9618+[2001-1458-d00-1a--b]-9618&alias=bigbird14.cern.ch&noUDP&sock=schedd_2076396_86fa>
...
000 (15649358.003.000) 09/09 14:31:48 Job submitted from host: <137.138.44.75:9618?addrs=137.138.44.75-9618+[2001-1458-d00-1a--b]-9618&alias=bigbird14.cern.ch&noUDP&sock=schedd_2076396_86fa>
...
000 (15649358.004.000) 09/09 14:31:48 Job submitted from host: <137.138.44.75:9618?addrs=137.138.44.75-9618+[2001-1458-d00-1a--b]-9618&alias=bigbird14.cern.ch&noUDP&sock=schedd_2076396_86fa>
...
000 (15649358.005.000) 09/09 14:31:48 Job submitted from host: <137.138.44.75:9618?addrs=137.138.44.75-9618+[2001-1458-d00-1a--b]-9618&alias=bigbird14.cern.ch&noUDP&sock=schedd_2076396_86fa>
...
000 (15649358.006.000) 09/09 14:31:48 Job submitted from host: <137.138.44.75:9618?addrs=137.138.44.75-9618+[2001-1458-d00-1a--b]-9618&alias=bigbird14.cern.ch&noUDP&sock=schedd_2076396_86fa>
...
000 (15649358.007.000) 09/09 14:31:48 Job submitted from host: <137.138.44.75:9618?addrs=137.138.44.75-9618+[2001-1458-d00-1a--b]-9618&alias=bigbird14.cern.ch&noUDP&sock=schedd_2076396_86fa>
...
000 (15649358.008.000) 09/09 14:31:48 Job submitted from host: <137.138.44.75:9618?addrs=137.138.44.75-9618+[2001-1458-d00-1a--b]-9618&alias=bigbird14.cern.ch&noUDP&sock=schedd_2076396_86fa>
...
000 (15649358.009.000) 09/09 14:31:48 Job submitted from host: <137.138.44.75:9618?addrs=137.138.44.75-9618+[2001-1458-d00-1a--b]-9618&alias=bigbird14.cern.ch&noUDP&sock=schedd_2076396_86fa>
...
000 (15649358.010.000) 09/09 14:31:48 Job submitted from host: <137.138.44.75:9618?addrs=137.138.44.75-9618+[2001-1458-d00-1a--b]-9618&alias=bigbird14.cern.ch&noUDP&sock=schedd_2076396_86fa>
...
000 (15649358.011.000) 09/09 14:31:48 Job submitted from host: <137.138.44.75:9618?addrs=137.138.44.75-9618+[2001-1458-d00-1a--b]-9618&alias=bigbird14.cern.ch&noUDP&sock=schedd_2076396_86fa>
...
000 (15649358.012.000) 09/09 14:31:48 Job submitted from host: <137.138.44.75:9618?addrs=137.138.44.75-9618+[2001-1458-d00-1a--b]-9618&alias=bigbird14.cern.ch&noUDP&sock=schedd_2076396_86fa>
...
000 (15649358.013.000) 09/09 14:31:48 Job submitted from host: <137.138.44.75:9618?addrs=137.138.44.75-9618+[2001-1458-d00-1a--b]-9618&alias=bigbird14.cern.ch&noUDP&sock=schedd_2076396_86fa>
...
000 (15649358.014.000) 09/09 14:31:48 Job submitted from host: <137.138.44.75:9618?addrs=137.138.44.75-9618+[2001-1458-d00-1a--b]-9618&alias=bigbird14.cern.ch&noUDP&sock=schedd_2076396_86fa>
...
000 (15649358.015.000) 09/09 14:31:48 Job submitted from host: <137.138.44.75:9618?addrs=137.138.44.75-9618+[2001-1458-d00-1a--b]-9618&alias=bigbird14.cern.ch&noUDP&sock=schedd_2076396_86fa>
...
000 (15649358.016.000) 09/09 14:31:48 Job submitted from host: <137.138.44.75:9618?addrs=137.138.44.75-9618+[2001-1458-d00-1a--b]-9618&alias=bigbird14.cern.ch&noUDP&sock=schedd_2076396_86fa>
...
000 (15649358.017.000) 09/09 14:31:48 Job submitted from host: <137.138.44.75:9618?addrs=137.138.44.75-9618+[2001-1458-d00-1a--b]-9618&alias=bigbird14.cern.ch&noUDP&sock=schedd_2076396_86fa>
...
000 (15649358.018.000) 09/09 14:31:48 Job submitted from host: <137.138.44.75:9618?addrs=137.138.44.75-9618+[2001-1458-d00-1a--b]-9618&alias=bigbird14.cern.ch&noUDP&sock=schedd_2076396_86fa>
...
000 (15649358.019.000) 09/09 14:31:48 Job submitted from host: <137.138.44.75:9618?addrs=137.138.44.75-9618+[2001-1458-d00-1a--b]-9618&alias=bigbird14.cern.ch&noUDP&sock=schedd_2076396_86fa>
...
040 (15649358.002.000) 09/09 14:32:34 Started transferring input files
	Transferring to host: <188.185.212.49:9618?addrs=188.185.212.49-9618+[2001-1458-303-18--100-2d]-9618&alias=b9p25p4064.cern.ch&noUDP&sock=slot1_11_1367713_499b_93573>
...
040 (15649358.001.000) 09/09 14:32:34 Started transferring input files
	Transferring to host: <188.185.215.47:9618?addrs=188.185.215.47-9618+[2001-1458-303-1e--100-2b]-9618&alias=b9p31p6172.cern.ch&noUDP&sock=slot1_35_3094712_508f_572>
...
001 (15649358.002.000) 09/09 14:32:34 Job executing on host: <188.185.212.49:9618?addrs=188.185.212.49-9618+[2001-1458-303-18--100-2d]-9618&alias=b9p25p4064.cern.ch&noUDP&sock=startd_1367675_dec2>
	SlotName: slot1_11@b9p25p4064.cern.ch
	CondorScratchDir = "/pool/condor/dir_1097929"
	Cpus = 1
	Disk = 3849
	GPUs = 0
	Memory = 3000
...
040 (15649358.002.000) 09/09 14:32:34 Finished transferring input files
...
001 (15649358.001.000) 09/09 14:32:34 Job executing on host: <188.185.215.47:9618?addrs=188.185.215.47-9618+[2001-1458-303-1e--100-2b]-9618&alias=b9p31p6172.cern.ch&noUDP&sock=startd_6412_ad59>
	SlotName: slot1_35@b9p31p6172.cern.ch
	CondorScratchDir = "/pool/condor/dir_4172062"
	Cpus = 1
	Disk = 3789
	GPUs = 0
	Memory = 3000
...
040 (15649358.001.000) 09/09 14:32:34 Finished transferring input files
...
040 (15649358.003.000) 09/09 14:32:35 Started transferring input files
	Transferring to host: <188.185.206.58:9618?addrs=188.185.206.58-9618+[2001-1458-303-b--100-37]-9618&alias=b9p05p1136.cern.ch&noUDP&sock=slot1_31_800116_da92_19381>
...
040 (15649358.003.000) 09/09 14:32:35 Finished transferring input files
...
040 (15649358.004.000) 09/09 14:32:36 Started transferring input files
	Transferring to host: <188.185.193.113:9618?addrs=188.185.193.113-9618+[2001-1458-303-20--100-6d]-9618&alias=b9p19p9894.cern.ch&noUDP&sock=slot1_5_5137_3b2a_90984>
...
001 (15649358.003.000) 09/09 14:32:36 Job executing on host: <188.185.206.58:9618?addrs=188.185.206.58-9618+[2001-1458-303-b--100-37]-9618&alias=b9p05p1136.cern.ch&noUDP&sock=startd_9228_380b>
	SlotName: slot1_31@b9p05p1136.cern.ch
	CondorScratchDir = "/pool/condor/dir_3290136"
	Cpus = 1
	Disk = 3661
	GPUs = 0
	Memory = 3000
...
040 (15649358.005.000) 09/09 14:32:36 Started transferring input files
	Transferring to host: <188.185.210.22:9618?addrs=188.185.210.22-9618+[2001-1458-303-1--100-12]-9618&alias=b9p21p4724.cern.ch&noUDP&sock=slot1_17_8279_0dea_112161>
...
001 (15649358.004.000) 09/09 14:32:36 Job executing on host: <188.185.193.113:9618?addrs=188.185.193.113-9618+[2001-1458-303-20--100-6d]-9618&alias=b9p19p9894.cern.ch&noUDP&sock=startd_4427_21db>
	SlotName: slot1_5@b9p19p9894.cern.ch
	CondorScratchDir = "/pool/condor/dir_1499352"
	Cpus = 1
	Disk = 3670
	GPUs = 0
	Memory = 3000
...
040 (15649358.004.000) 09/09 14:32:36 Finished transferring input files
...
001 (15649358.005.000) 09/09 14:32:36 Job executing on host: <188.185.210.22:9618?addrs=188.185.210.22-9618+[2001-1458-303-1--100-12]-9618&alias=b9p21p4724.cern.ch&noUDP&sock=startd_7494_d6d2>
	SlotName: slot1_17@b9p21p4724.cern.ch
	CondorScratchDir = "/pool/condor/dir_3195300"
	Cpus = 1
	Disk = 3786
	GPUs = 0
	Memory = 3000
...
040 (15649358.005.000) 09/09 14:32:36 Finished transferring input files
...
040 (15649358.006.000) 09/09 14:32:36 Started transferring input files
	Transferring to host: <188.185.211.60:9618?addrs=188.185.211.60-9618+[2001-1458-303-16--100-38]-9618&alias=b9p23p7261.cern.ch&noUDP&sock=slot1_11_6891_1531_115574>
...
001 (15649358.006.000) 09/09 14:32:36 Job executing on host: <188.185.211.60:9618?addrs=188.185.211.60-9618+[2001-1458-303-16--100-38]-9618&alias=b9p23p7261.cern.ch&noUDP&sock=startd_6428_a6dd>
	SlotName: slot1_11@b9p23p7261.cern.ch
	CondorScratchDir = "/pool/condor/dir_3007604"
	Cpus = 1
	Disk = 3833
	GPUs = 0
	Memory = 3000
...
040 (15649358.006.000) 09/09 14:32:36 Finished transferring input files
...
040 (15649358.007.000) 09/09 14:32:36 Started transferring input files
	Transferring to host: <188.185.210.218:9618?addrs=188.185.210.218-9618+[2001-1458-303-15--100-56]-9618&alias=b9p22p6817.cern.ch&noUDP&sock=slot1_8_8402_b80f_112515>
...
040 (15649358.007.000) 09/09 14:32:36 Finished transferring input files
...
001 (15649358.007.000) 09/09 14:32:36 Job executing on host: <188.185.210.218:9618?addrs=188.185.210.218-9618+[2001-1458-303-15--100-56]-9618&alias=b9p22p6817.cern.ch&noUDP&sock=startd_8347_ed1b>
	SlotName: slot1_8@b9p22p6817.cern.ch
	CondorScratchDir = "/pool/condor/dir_2729083"
	Cpus = 1
	Disk = 3834
	GPUs = 0
	Memory = 3000
...
040 (15649358.008.000) 09/09 14:32:37 Started transferring input files
	Transferring to host: <128.142.196.44:9618?addrs=128.142.196.44-9618+[2001-1458-301-3c--100-2a]-9618&alias=b9g32p0061.cern.ch&noUDP&sock=slot1_7_142467_a3ba_2990>
...
001 (15649358.008.000) 09/09 14:32:37 Job executing on host: <128.142.196.44:9618?addrs=128.142.196.44-9618+[2001-1458-301-3c--100-2a]-9618&alias=b9g32p0061.cern.ch&noUDP&sock=startd_2840_950e>
	SlotName: slot1_7@b9g32p0061.cern.ch
	CondorScratchDir = "/pool/condor/dir_2893390"
	Cpus = 1
	Disk = 3809
	GPUs = 0
	Memory = 3000
...
040 (15649358.008.000) 09/09 14:32:37 Finished transferring input files
...
040 (15649358.009.000) 09/09 14:32:37 Started transferring input files
	Transferring to host: <188.185.210.92:9618?addrs=188.185.210.92-9618+[2001-1458-303-1--100-58]-9618&alias=b9p21p4629.cern.ch&noUDP&sock=slot1_47_3335_8f21_111514>
...
040 (15649358.009.000) 09/09 14:32:37 Finished transferring input files
...
001 (15649358.009.000) 09/09 14:32:37 Job executing on host: <188.185.210.92:9618?addrs=188.185.210.92-9618+[2001-1458-303-1--100-58]-9618&alias=b9p21p4629.cern.ch&noUDP&sock=startd_3264_6936>
	SlotName: slot1_47@b9p21p4629.cern.ch
	CondorScratchDir = "/pool/condor/dir_2623279"
	Cpus = 1
	Disk = 3807
	GPUs = 0
	Memory = 3000
...
040 (15649358.010.000) 09/09 14:32:37 Started transferring input files
	Transferring to host: <188.185.210.54:9618?addrs=188.185.210.54-9618+[2001-1458-303-1--100-32]-9618&alias=b9p21p3078.cern.ch&noUDP&sock=slot1_9_7834_82f8_115129>
...
040 (15649358.010.000) 09/09 14:32:37 Finished transferring input files
...
001 (15649358.010.000) 09/09 14:32:37 Job executing on host: <188.185.210.54:9618?addrs=188.185.210.54-9618+[2001-1458-303-1--100-32]-9618&alias=b9p21p3078.cern.ch&noUDP&sock=startd_6966_acd1>
	SlotName: slot1_9@b9p21p3078.cern.ch
	CondorScratchDir = "/pool/condor/dir_998859"
	Cpus = 1
	Disk = 3027836
	Memory = 3000
...
040 (15649358.011.000) 09/09 14:32:37 Started transferring input files
	Transferring to host: <188.185.212.185:9618?addrs=188.185.212.185-9618+[2001-1458-303-19--100-35]-9618&alias=b9p26p4565.cern.ch&noUDP&sock=slot1_42_8346_430c_110510>
...
040 (15649358.011.000) 09/09 14:32:37 Finished transferring input files
...
001 (15649358.011.000) 09/09 14:32:37 Job executing on host: <188.185.212.185:9618?addrs=188.185.212.185-9618+[2001-1458-303-19--100-35]-9618&alias=b9p26p4565.cern.ch&noUDP&sock=startd_7667_80b5>
	SlotName: slot1_42@b9p26p4565.cern.ch
	CondorScratchDir = "/pool/condor/dir_1761603"
	Cpus = 1
	Disk = 3854
	GPUs = 0
	Memory = 3000
...
040 (15649358.000.000) 09/09 14:32:38 Started transferring input files
	Transferring to host: <188.185.195.68:9618?addrs=188.185.195.68-9618+[2001-1458-303-22--100-40]-9618&alias=b9p17p8519.cern.ch&noUDP&sock=slot1_22_4799_145c_100388>
...
040 (15649358.013.000) 09/09 14:32:38 Started transferring input files
	Transferring to host: <188.185.211.39:9618?addrs=188.185.211.39-9618+[2001-1458-303-16--100-23]-9618&alias=b9p23p1835.cern.ch&noUDP&sock=slot1_21_8437_6130_112783>
...
040 (15649358.000.000) 09/09 14:32:38 Finished transferring input files
...
040 (15649358.013.000) 09/09 14:32:38 Finished transferring input files
...
001 (15649358.013.000) 09/09 14:32:38 Job executing on host: <188.185.211.39:9618?addrs=188.185.211.39-9618+[2001-1458-303-16--100-23]-9618&alias=b9p23p1835.cern.ch&noUDP&sock=startd_8384_4e1c>
	SlotName: slot1_21@b9p23p1835.cern.ch
	CondorScratchDir = "/pool/condor/dir_1824412"
	Cpus = 1
	Disk = 3914
	GPUs = 0
	Memory = 3000
...
001 (15649358.000.000) 09/09 14:32:38 Job executing on host: <188.185.195.68:9618?addrs=188.185.195.68-9618+[2001-1458-303-22--100-40]-9618&alias=b9p17p8519.cern.ch&noUDP&sock=startd_3963_dde9>
	SlotName: slot1_22@b9p17p8519.cern.ch
	CondorScratchDir = "/pool/condor/dir_738888"
	Cpus = 1
	Disk = 3624
	GPUs = 0
	Memory = 3000
...
040 (15649358.012.000) 09/09 14:32:38 Started transferring input files
	Transferring to host: <188.185.194.109:9618?addrs=188.185.194.109-9618+[2001-1458-303-21--100-69]-9618&alias=b9p20p6161.cern.ch&noUDP&sock=slot1_21_684233_cc09_73380>
...
040 (15649358.012.000) 09/09 14:32:38 Finished transferring input files
...
001 (15649358.012.000) 09/09 14:32:38 Job executing on host: <188.185.194.109:9618?addrs=188.185.194.109-9618+[2001-1458-303-21--100-69]-9618&alias=b9p20p6161.cern.ch&noUDP&sock=startd_3364_00af>
	SlotName: slot1_21@b9p20p6161.cern.ch
	CondorScratchDir = "/pool/condor/dir_600161"
	Cpus = 1
	Disk = 3883
	GPUs = 0
	Memory = 3000
...
040 (15649358.014.000) 09/09 14:32:39 Started transferring input files
	Transferring to host: <188.185.211.103:9618?addrs=188.185.211.103-9618+[2001-1458-303-16--100-63]-9618&alias=b9p23p0218.cern.ch&noUDP&sock=slot1_14_4715_e4d9_111238>
...
040 (15649358.014.000) 09/09 14:32:39 Finished transferring input files
...
001 (15649358.014.000) 09/09 14:32:39 Job executing on host: <188.185.211.103:9618?addrs=188.185.211.103-9618+[2001-1458-303-16--100-63]-9618&alias=b9p23p0218.cern.ch&noUDP&sock=startd_4012_7a0d>
	SlotName: slot1_14@b9p23p0218.cern.ch
	CondorScratchDir = "/pool/condor/dir_1033523"
	Cpus = 1
	Disk = 3879
	GPUs = 0
	Memory = 3000
...
040 (15649358.016.000) 09/09 14:32:39 Started transferring input files
	Transferring to host: <188.185.210.63:9618?addrs=188.185.210.63-9618+[2001-1458-303-1--100-3b]-9618&alias=b9p21p3315.cern.ch&noUDP&sock=slot1_27_7684_d2b2_108141>
...
040 (15649358.016.000) 09/09 14:32:39 Finished transferring input files
...
001 (15649358.016.000) 09/09 14:32:39 Job executing on host: <188.185.210.63:9618?addrs=188.185.210.63-9618+[2001-1458-303-1--100-3b]-9618&alias=b9p21p3315.cern.ch&noUDP&sock=startd_6621_08a4>
	SlotName: slot1_27@b9p21p3315.cern.ch
	CondorScratchDir = "/pool/condor/dir_3623898"
	Cpus = 1
	Disk = 3901
	GPUs = 0
	Memory = 3000
...
040 (15649358.015.000) 09/09 14:32:39 Started transferring input files
	Transferring to host: <188.185.204.137:9618?addrs=188.185.204.137-9618+[2001-1458-303-8--100-7d]-9618&alias=b9p02p1188.cern.ch&noUDP&sock=slot1_17_8191_0ce6_91121>
...
040 (15649358.015.000) 09/09 14:32:39 Finished transferring input files
...
001 (15649358.015.000) 09/09 14:32:39 Job executing on host: <188.185.204.137:9618?addrs=188.185.204.137-9618+[2001-1458-303-8--100-7d]-9618&alias=b9p02p1188.cern.ch&noUDP&sock=startd_7401_0c83>
	SlotName: slot1_17@b9p02p1188.cern.ch
	CondorScratchDir = "/pool/condor/dir_1110984"
	Cpus = 1
	Disk = 3755
	GPUs = 0
	Memory = 3000
...
040 (15649358.018.000) 09/09 14:32:40 Started transferring input files
	Transferring to host: <188.185.214.182:9618?addrs=188.185.214.182-9618+[2001-1458-303-1d--100-32]-9618&alias=b9p30p9629.cern.ch&noUDP&sock=slot1_12_11248_fbc2_93955>
...
001 (15649358.018.000) 09/09 14:32:40 Job executing on host: <188.185.214.182:9618?addrs=188.185.214.182-9618+[2001-1458-303-1d--100-32]-9618&alias=b9p30p9629.cern.ch&noUDP&sock=startd_11195_6ad5>
	SlotName: slot1_12@b9p30p9629.cern.ch
	CondorScratchDir = "/pool/condor/dir_2519682"
	Cpus = 1
	Disk = 3937
	GPUs = 0
	Memory = 3000
...
040 (15649358.018.000) 09/09 14:32:40 Finished transferring input files
...
040 (15649358.019.000) 09/09 14:32:40 Started transferring input files
	Transferring to host: <188.185.212.68:9618?addrs=188.185.212.68-9618+[2001-1458-303-18--100-40]-9618&alias=b9p25p6239.cern.ch&noUDP&sock=slot1_30_4030584_cd37_93238>
...
040 (15649358.019.000) 09/09 14:32:40 Finished transferring input files
...
001 (15649358.019.000) 09/09 14:32:40 Job executing on host: <188.185.212.68:9618?addrs=188.185.212.68-9618+[2001-1458-303-18--100-40]-9618&alias=b9p25p6239.cern.ch&noUDP&sock=startd_8242_e7a9>
	SlotName: slot1_30@b9p25p6239.cern.ch
	CondorScratchDir = "/pool/condor/dir_1825865"
	Cpus = 1
	Disk = 3816
	GPUs = 0
	Memory = 3000
...
040 (15649358.017.000) 09/09 14:32:40 Started transferring input files
	Transferring to host: <128.142.161.74:9618?addrs=128.142.161.74-9618+[2001-1458-301-b8--100-8]-9618&alias=b9g03p5829.cern.ch&noUDP&sock=slot1_8_3548775_c64f_4362>
...
040 (15649358.017.000) 09/09 14:32:40 Finished transferring input files
...
001 (15649358.017.000) 09/09 14:32:40 Job executing on host: <128.142.161.74:9618?addrs=128.142.161.74-9618+[2001-1458-301-b8--100-8]-9618&alias=b9g03p5829.cern.ch&noUDP&sock=startd_6600_a127>
	SlotName: slot1_8@b9g03p5829.cern.ch
	CondorScratchDir = "/pool/condor/dir_166251"
	Cpus = 1
	Disk = 3864
	GPUs = 0
	Memory = 3000
...
006 (15649358.005.000) 09/09 14:32:44 Image size of job updated: 237972
	233  -  MemoryUsage of job (MB)
	237972  -  ResidentSetSize of job (KB)
...
006 (15649358.009.000) 09/09 14:32:45 Image size of job updated: 208272
	204  -  MemoryUsage of job (MB)
	208272  -  ResidentSetSize of job (KB)
...
006 (15649358.013.000) 09/09 14:32:46 Image size of job updated: 243612
	238  -  MemoryUsage of job (MB)
	243612  -  ResidentSetSize of job (KB)
...
006 (15649358.000.000) 09/09 14:32:46 Image size of job updated: 378004
	370  -  MemoryUsage of job (MB)
	378004  -  ResidentSetSize of job (KB)
...
006 (15649358.010.000) 09/09 14:32:46 Image size of job updated: 348468
	341  -  MemoryUsage of job (MB)
	348468  -  ResidentSetSize of job (KB)
...
006 (15649358.014.000) 09/09 14:32:47 Image size of job updated: 243636
	238  -  MemoryUsage of job (MB)
	243636  -  ResidentSetSize of job (KB)
...
006 (15649358.016.000) 09/09 14:32:47 Image size of job updated: 268740
	263  -  MemoryUsage of job (MB)
	268740  -  ResidentSetSize of job (KB)
...
006 (15649358.001.000) 09/09 14:32:48 Image size of job updated: 167860
	164  -  MemoryUsage of job (MB)
	167860  -  ResidentSetSize of job (KB)
...
006 (15649358.002.000) 09/09 14:32:48 Image size of job updated: 170700
	167  -  MemoryUsage of job (MB)
	170700  -  ResidentSetSize of job (KB)
...
006 (15649358.003.000) 09/09 14:32:49 Image size of job updated: 170384
	167  -  MemoryUsage of job (MB)
	170384  -  ResidentSetSize of job (KB)
...
006 (15649358.004.000) 09/09 14:32:49 Image size of job updated: 170704
	167  -  MemoryUsage of job (MB)
	170704  -  ResidentSetSize of job (KB)
...
006 (15649358.008.000) 09/09 14:32:50 Image size of job updated: 140600
	138  -  MemoryUsage of job (MB)
	140600  -  ResidentSetSize of job (KB)
...
006 (15649358.006.000) 09/09 14:32:50 Image size of job updated: 170672
	167  -  MemoryUsage of job (MB)
	170672  -  ResidentSetSize of job (KB)
...
006 (15649358.007.000) 09/09 14:32:50 Image size of job updated: 170728
	167  -  MemoryUsage of job (MB)
	170728  -  ResidentSetSize of job (KB)
...
006 (15649358.012.000) 09/09 14:32:51 Image size of job updated: 824
	1  -  MemoryUsage of job (MB)
	560  -  ResidentSetSize of job (KB)
...
006 (15649358.011.000) 09/09 14:32:51 Image size of job updated: 170620
	167  -  MemoryUsage of job (MB)
	170620  -  ResidentSetSize of job (KB)
...
006 (15649358.015.000) 09/09 14:32:52 Image size of job updated: 144612
	142  -  MemoryUsage of job (MB)
	144612  -  ResidentSetSize of job (KB)
...
006 (15649358.018.000) 09/09 14:32:53 Image size of job updated: 170684
	167  -  MemoryUsage of job (MB)
	170684  -  ResidentSetSize of job (KB)
...
006 (15649358.019.000) 09/09 14:32:53 Image size of job updated: 168680
	165  -  MemoryUsage of job (MB)
	168680  -  ResidentSetSize of job (KB)
...
006 (15649358.017.000) 09/09 14:32:53 Image size of job updated: 134064
	131  -  MemoryUsage of job (MB)
	134064  -  ResidentSetSize of job (KB)
...
006 (15649358.005.000) 09/09 14:37:44 Image size of job updated: 356728
	349  -  MemoryUsage of job (MB)
	356728  -  ResidentSetSize of job (KB)
...
006 (15649358.009.000) 09/09 14:37:45 Image size of job updated: 333644
	326  -  MemoryUsage of job (MB)
	333644  -  ResidentSetSize of job (KB)
...
006 (15649358.013.000) 09/09 14:37:46 Image size of job updated: 380376
	372  -  MemoryUsage of job (MB)
	380376  -  ResidentSetSize of job (KB)
...
006 (15649358.000.000) 09/09 14:37:46 Image size of job updated: 641360
	627  -  MemoryUsage of job (MB)
	641360  -  ResidentSetSize of job (KB)
...
006 (15649358.014.000) 09/09 14:37:47 Image size of job updated: 370896
	363  -  MemoryUsage of job (MB)
	370896  -  ResidentSetSize of job (KB)
...
006 (15649358.016.000) 09/09 14:37:47 Image size of job updated: 389948
	381  -  MemoryUsage of job (MB)
	389948  -  ResidentSetSize of job (KB)
...
006 (15649358.010.000) 09/09 14:37:47 Image size of job updated: 2210996
	1855  -  MemoryUsage of job (MB)
	1898564  -  ResidentSetSize of job (KB)
...
006 (15649358.001.000) 09/09 14:37:49 Image size of job updated: 767052
	296  -  MemoryUsage of job (MB)
	302208  -  ResidentSetSize of job (KB)
...
006 (15649358.002.000) 09/09 14:37:49 Image size of job updated: 769904
	282  -  MemoryUsage of job (MB)
	288172  -  ResidentSetSize of job (KB)
...
006 (15649358.003.000) 09/09 14:37:49 Image size of job updated: 768624
	322  -  MemoryUsage of job (MB)
	329516  -  ResidentSetSize of job (KB)
...
006 (15649358.004.000) 09/09 14:37:49 Image size of job updated: 771404
	272  -  MemoryUsage of job (MB)
	277832  -  ResidentSetSize of job (KB)
...
006 (15649358.008.000) 09/09 14:37:50 Image size of job updated: 774860
	245  -  MemoryUsage of job (MB)
	250080  -  ResidentSetSize of job (KB)
...
006 (15649358.006.000) 09/09 14:37:51 Image size of job updated: 770144
	281  -  MemoryUsage of job (MB)
	287176  -  ResidentSetSize of job (KB)
...
006 (15649358.007.000) 09/09 14:37:51 Image size of job updated: 769436
	285  -  MemoryUsage of job (MB)
	290928  -  ResidentSetSize of job (KB)
...
006 (15649358.012.000) 09/09 14:37:51 Image size of job updated: 768488
	678  -  MemoryUsage of job (MB)
	693636  -  ResidentSetSize of job (KB)
...
006 (15649358.015.000) 09/09 14:37:52 Image size of job updated: 777148
	306  -  MemoryUsage of job (MB)
	312592  -  ResidentSetSize of job (KB)
...
006 (15649358.011.000) 09/09 14:37:52 Image size of job updated: 775260
	291  -  MemoryUsage of job (MB)
	297940  -  ResidentSetSize of job (KB)
...
006 (15649358.018.000) 09/09 14:37:53 Image size of job updated: 769368
	273  -  MemoryUsage of job (MB)
	279216  -  ResidentSetSize of job (KB)
...
006 (15649358.017.000) 09/09 14:37:53 Image size of job updated: 776184
	257  -  MemoryUsage of job (MB)
	262776  -  ResidentSetSize of job (KB)
...
006 (15649358.019.000) 09/09 14:37:53 Image size of job updated: 763724
	291  -  MemoryUsage of job (MB)
	297792  -  ResidentSetSize of job (KB)
...
006 (15649358.005.000) 09/09 14:42:45 Image size of job updated: 457328
	447  -  MemoryUsage of job (MB)
	457328  -  ResidentSetSize of job (KB)
...
006 (15649358.009.000) 09/09 14:42:46 Image size of job updated: 869780
	850  -  MemoryUsage of job (MB)
	869780  -  ResidentSetSize of job (KB)
...
006 (15649358.013.000) 09/09 14:42:47 Image size of job updated: 955168
	933  -  MemoryUsage of job (MB)
	955168  -  ResidentSetSize of job (KB)
...
006 (15649358.000.000) 09/09 14:42:47 Image size of job updated: 963768
	942  -  MemoryUsage of job (MB)
	963768  -  ResidentSetSize of job (KB)
...
006 (15649358.010.000) 09/09 14:42:48 Image size of job updated: 2742336
	2679  -  MemoryUsage of job (MB)
	2742336  -  ResidentSetSize of job (KB)
...
006 (15649358.014.000) 09/09 14:42:48 Image size of job updated: 957128
	935  -  MemoryUsage of job (MB)
	957128  -  ResidentSetSize of job (KB)
...
006 (15649358.016.000) 09/09 14:42:48 Image size of job updated: 929620
	908  -  MemoryUsage of job (MB)
	929620  -  ResidentSetSize of job (KB)
...
006 (15649358.001.000) 09/09 14:42:49 Image size of job updated: 853440
	834  -  MemoryUsage of job (MB)
	853440  -  ResidentSetSize of job (KB)
...
006 (15649358.002.000) 09/09 14:42:49 Image size of job updated: 845484
	826  -  MemoryUsage of job (MB)
	845484  -  ResidentSetSize of job (KB)
...
006 (15649358.003.000) 09/09 14:42:50 Image size of job updated: 1432552
	1399  -  MemoryUsage of job (MB)
	1432552  -  ResidentSetSize of job (KB)
...
006 (15649358.008.000) 09/09 14:42:50 Image size of job updated: 774860
	349  -  MemoryUsage of job (MB)
	356928  -  ResidentSetSize of job (KB)
...
006 (15649358.004.000) 09/09 14:42:50 Image size of job updated: 771404
	434  -  MemoryUsage of job (MB)
	444048  -  ResidentSetSize of job (KB)
...
006 (15649358.006.000) 09/09 14:42:51 Image size of job updated: 822920
	804  -  MemoryUsage of job (MB)
	822920  -  ResidentSetSize of job (KB)
...
006 (15649358.007.000) 09/09 14:42:51 Image size of job updated: 849564
	830  -  MemoryUsage of job (MB)
	849564  -  ResidentSetSize of job (KB)
...
006 (15649358.011.000) 09/09 14:42:53 Image size of job updated: 847860
	828  -  MemoryUsage of job (MB)
	847816  -  ResidentSetSize of job (KB)
...
006 (15649358.015.000) 09/09 14:42:53 Image size of job updated: 1016960
	994  -  MemoryUsage of job (MB)
	1016960  -  ResidentSetSize of job (KB)
...
006 (15649358.018.000) 09/09 14:42:54 Image size of job updated: 769368
	604  -  MemoryUsage of job (MB)
	617836  -  ResidentSetSize of job (KB)
...
006 (15649358.017.000) 09/09 14:42:54 Image size of job updated: 776184
	365  -  MemoryUsage of job (MB)
	373688  -  ResidentSetSize of job (KB)
...
006 (15649358.019.000) 09/09 14:42:54 Image size of job updated: 847068
	828  -  MemoryUsage of job (MB)
	847068  -  ResidentSetSize of job (KB)
...
006 (15649358.003.000) 09/09 14:44:59 Image size of job updated: 1664624
	1399  -  MemoryUsage of job (MB)
	1432552  -  ResidentSetSize of job (KB)
...
040 (15649358.003.000) 09/09 14:44:59 Started transferring output files
...
040 (15649358.003.000) 09/09 14:44:59 Finished transferring output files
...
005 (15649358.003.000) 09/09 14:44:59 Job terminated.
	(1) Normal termination (return value 50)
		Usr 0 00:06:20, Sys 0 00:00:11  -  Run Remote Usage
		Usr 0 00:00:00, Sys 0 00:00:00  -  Run Local Usage
		Usr 0 00:06:20, Sys 0 00:00:11  -  Total Remote Usage
		Usr 0 00:00:00, Sys 0 00:00:00  -  Total Local Usage
	57186  -  Run Bytes Sent By Job
	1153  -  Run Bytes Received By Job
	57186  -  Total Bytes Sent By Job
	1153  -  Total Bytes Received By Job
	Partitionable Resources :      Usage  Request Allocated 
	   Cpus                 :       0.02        1         1 
	   Disk (KB)            : 2677990           2      3661 
	   GPUs                 :                             0 
	   Memory (MB)          :    1399        3000      3000 

	Job terminated of its own accord at 2025-09-09T12:44:59Z with exit-code 50.
...
006 (15649358.015.000) 09/09 14:46:13 Image size of job updated: 1622932
	994  -  MemoryUsage of job (MB)
	1016960  -  ResidentSetSize of job (KB)
...
040 (15649358.015.000) 09/09 14:46:13 Started transferring output files
...
040 (15649358.015.000) 09/09 14:46:13 Finished transferring output files
...
005 (15649358.015.000) 09/09 14:46:13 Job terminated.
	(1) Normal termination (return value 0)
		Usr 0 00:06:44, Sys 0 00:00:13  -  Run Remote Usage
		Usr 0 00:00:00, Sys 0 00:00:00  -  Run Local Usage
		Usr 0 00:06:44, Sys 0 00:00:13  -  Total Remote Usage
		Usr 0 00:00:00, Sys 0 00:00:00  -  Total Local Usage
	56993  -  Run Bytes Sent By Job
	1153  -  Run Bytes Received By Job
	56993  -  Total Bytes Sent By Job
	1153  -  Total Bytes Received By Job
	Partitionable Resources :      Usage  Request Allocated 
	   Cpus                 :       0.66        1         1 
	   Disk (KB)            : 2557753           2      3755 
	   GPUs                 :                             0 
	   Memory (MB)          :     994        3000      3000 

	Job terminated of its own accord at 2025-09-09T12:46:13Z with exit-code 0.
...
006 (15649358.001.000) 09/09 14:46:59 Image size of job updated: 1632012
	834  -  MemoryUsage of job (MB)
	853440  -  ResidentSetSize of job (KB)
...
040 (15649358.001.000) 09/09 14:47:01 Started transferring output files
...
040 (15649358.001.000) 09/09 14:47:01 Finished transferring output files
...
005 (15649358.001.000) 09/09 14:47:01 Job terminated.
	(1) Normal termination (return value 0)
		Usr 0 00:06:49, Sys 0 00:00:12  -  Run Remote Usage
		Usr 0 00:00:00, Sys 0 00:00:00  -  Run Local Usage
		Usr 0 00:06:49, Sys 0 00:00:12  -  Total Remote Usage
		Usr 0 00:00:00, Sys 0 00:00:00  -  Total Local Usage
	57167  -  Run Bytes Sent By Job
	1153  -  Run Bytes Received By Job
	57167  -  Total Bytes Sent By Job
	1153  -  Total Bytes Received By Job
	Partitionable Resources :      Usage  Request Allocated 
	   Cpus                 :       0.01        1         1 
	   Disk (KB)            : 2573913           2      3789 
	   GPUs                 :                             0 
	   Memory (MB)          :     834        3000      3000 

	Job terminated of its own accord at 2025-09-09T12:46:59Z with exit-code 0.
...
040 (15649358.013.000) 09/09 14:47:02 Started transferring output files
...
040 (15649358.013.000) 09/09 14:47:02 Finished transferring output files
...
005 (15649358.013.000) 09/09 14:47:02 Job terminated.
	(1) Normal termination (return value 0)
		Usr 0 00:07:34, Sys 0 00:00:12  -  Run Remote Usage
		Usr 0 00:00:00, Sys 0 00:00:00  -  Run Local Usage
		Usr 0 00:07:34, Sys 0 00:00:12  -  Total Remote Usage
		Usr 0 00:00:00, Sys 0 00:00:00  -  Total Local Usage
	57226  -  Run Bytes Sent By Job
	1153  -  Run Bytes Received By Job
	57226  -  Total Bytes Sent By Job
	1153  -  Total Bytes Received By Job
	Partitionable Resources :      Usage  Request Allocated 
	   Cpus                 :       0.01        1         1 
	   Disk (KB)            : 2869761           2      3914 
	   GPUs                 :                             0 
	   Memory (MB)          :     933        3000      3000 

	Job terminated of its own accord at 2025-09-09T12:47:01Z with exit-code 0.
...
006 (15649358.011.000) 09/09 14:47:34 Image size of job updated: 1514576
	828  -  MemoryUsage of job (MB)
	847824  -  ResidentSetSize of job (KB)
...
040 (15649358.011.000) 09/09 14:47:34 Started transferring output files
...
040 (15649358.011.000) 09/09 14:47:34 Finished transferring output files
...
005 (15649358.011.000) 09/09 14:47:34 Job terminated.
	(1) Normal termination (return value 0)
		Usr 0 00:07:48, Sys 0 00:00:12  -  Run Remote Usage
		Usr 0 00:00:00, Sys 0 00:00:00  -  Run Local Usage
		Usr 0 00:07:48, Sys 0 00:00:12  -  Total Remote Usage
		Usr 0 00:00:00, Sys 0 00:00:00  -  Total Local Usage
	57337  -  Run Bytes Sent By Job
	1153  -  Run Bytes Received By Job
	57337  -  Total Bytes Sent By Job
	1153  -  Total Bytes Received By Job
	Partitionable Resources :      Usage  Request Allocated 
	   Cpus                 :       0.01        1         1 
	   Disk (KB)            : 3004075           2      3854 
	   GPUs                 :                             0 
	   Memory (MB)          :     828        3000      3000 

	Job terminated of its own accord at 2025-09-09T12:47:34Z with exit-code 0.
...
006 (15649358.019.000) 09/09 14:47:38 Image size of job updated: 1629924
	828  -  MemoryUsage of job (MB)
	847068  -  ResidentSetSize of job (KB)
...
040 (15649358.019.000) 09/09 14:47:38 Started transferring output files
...
040 (15649358.019.000) 09/09 14:47:38 Finished transferring output files
...
005 (15649358.019.000) 09/09 14:47:38 Job terminated.
	(1) Normal termination (return value 0)
		Usr 0 00:07:46, Sys 0 00:00:13  -  Run Remote Usage
		Usr 0 00:00:00, Sys 0 00:00:00  -  Run Local Usage
		Usr 0 00:07:46, Sys 0 00:00:13  -  Total Remote Usage
		Usr 0 00:00:00, Sys 0 00:00:00  -  Total Local Usage
	57167  -  Run Bytes Sent By Job
	1153  -  Run Bytes Received By Job
	57167  -  Total Bytes Sent By Job
	1153  -  Total Bytes Received By Job
	Partitionable Resources :      Usage  Request Allocated 
	   Cpus                 :       0.01        1         1 
	   Disk (KB)            : 2904314           2      3816 
	   GPUs                 :                             0 
	   Memory (MB)          :     828        3000      3000 

	Job terminated of its own accord at 2025-09-09T12:47:38Z with exit-code 0.
...
006 (15649358.005.000) 09/09 14:47:46 Image size of job updated: 1717296
	1678  -  MemoryUsage of job (MB)
	1717296  -  ResidentSetSize of job (KB)
...
006 (15649358.009.000) 09/09 14:47:47 Image size of job updated: 1688508
	1649  -  MemoryUsage of job (MB)
	1688508  -  ResidentSetSize of job (KB)
...
006 (15649358.010.000) 09/09 14:47:48 Image size of job updated: 5239420
	3930  -  MemoryUsage of job (MB)
	4023824  -  ResidentSetSize of job (KB)
...
006 (15649358.000.000) 09/09 14:47:48 Image size of job updated: 1702532
	1663  -  MemoryUsage of job (MB)
	1702532  -  ResidentSetSize of job (KB)
...
006 (15649358.014.000) 09/09 14:47:49 Image size of job updated: 1892608
	1849  -  MemoryUsage of job (MB)
	1892608  -  ResidentSetSize of job (KB)
...
006 (15649358.002.000) 09/09 14:47:50 Image size of job updated: 1624596
	826  -  MemoryUsage of job (MB)
	845484  -  ResidentSetSize of job (KB)
...
006 (15649358.008.000) 09/09 14:47:51 Image size of job updated: 1401368
	1369  -  MemoryUsage of job (MB)
	1401368  -  ResidentSetSize of job (KB)
...
006 (15649358.004.000) 09/09 14:47:51 Image size of job updated: 1443448
	1410  -  MemoryUsage of job (MB)
	1443448  -  ResidentSetSize of job (KB)
...
006 (15649358.006.000) 09/09 14:47:51 Image size of job updated: 1614176
	804  -  MemoryUsage of job (MB)
	822920  -  ResidentSetSize of job (KB)
...
006 (15649358.012.000) 09/09 14:47:52 Image size of job updated: 1378016
	1346  -  MemoryUsage of job (MB)
	1378016  -  ResidentSetSize of job (KB)
...
006 (15649358.007.000) 09/09 14:47:52 Image size of job updated: 1652764
	830  -  MemoryUsage of job (MB)
	849564  -  ResidentSetSize of job (KB)
...
006 (15649358.017.000) 09/09 14:47:54 Image size of job updated: 1388644
	1357  -  MemoryUsage of job (MB)
	1388644  -  ResidentSetSize of job (KB)
...
006 (15649358.018.000) 09/09 14:47:54 Image size of job updated: 1573752
	1537  -  MemoryUsage of job (MB)
	1573752  -  ResidentSetSize of job (KB)
...
040 (15649358.010.000) 09/09 14:48:06 Started transferring output files
...
040 (15649358.010.000) 09/09 14:48:06 Finished transferring output files
...
005 (15649358.010.000) 09/09 14:48:06 Job terminated.
	(1) Normal termination (return value 0)
		Usr 0 00:08:21, Sys 0 00:00:13  -  Run Remote Usage
		Usr 0 00:00:00, Sys 0 00:00:00  -  Run Local Usage
		Usr 0 00:08:21, Sys 0 00:00:13  -  Total Remote Usage
		Usr 0 00:00:00, Sys 0 00:00:00  -  Total Local Usage
	57224  -  Run Bytes Sent By Job
	1153  -  Run Bytes Received By Job
	57224  -  Total Bytes Sent By Job
	1153  -  Total Bytes Received By Job
	Partitionable Resources :      Usage  Request Allocated 
	   Cpus                 :       0.99        1         1 
	   Disk (KB)            : 3156896           2   3027836 
	   Memory (MB)          :    3930        3000      3000 

	Job terminated of its own accord at 2025-09-09T12:48:06Z with exit-code 0.
...
040 (15649358.014.000) 09/09 14:48:10 Started transferring output files
...
040 (15649358.014.000) 09/09 14:48:10 Finished transferring output files
...
005 (15649358.014.000) 09/09 14:48:10 Job terminated.
	(1) Normal termination (return value 0)
		Usr 0 00:08:24, Sys 0 00:00:13  -  Run Remote Usage
		Usr 0 00:00:00, Sys 0 00:00:00  -  Run Local Usage
		Usr 0 00:08:24, Sys 0 00:00:13  -  Total Remote Usage
		Usr 0 00:00:00, Sys 0 00:00:00  -  Total Local Usage
	57281  -  Run Bytes Sent By Job
	1153  -  Run Bytes Received By Job
	57281  -  Total Bytes Sent By Job
	1153  -  Total Bytes Received By Job
	Partitionable Resources :      Usage  Request Allocated 
	   Cpus                 :       0.01        1         1 
	   Disk (KB)            : 3115642           2      3879 
	   GPUs                 :                             0 
	   Memory (MB)          :    1849        3000      3000 

	Job terminated of its own accord at 2025-09-09T12:48:10Z with exit-code 0.
...
040 (15649358.007.000) 09/09 14:48:15 Started transferring output files
...
040 (15649358.007.000) 09/09 14:48:15 Finished transferring output files
...
005 (15649358.007.000) 09/09 14:48:15 Job terminated.
	(1) Normal termination (return value 0)
		Usr 0 00:08:27, Sys 0 00:00:12  -  Run Remote Usage
		Usr 0 00:00:00, Sys 0 00:00:00  -  Run Local Usage
		Usr 0 00:08:27, Sys 0 00:00:12  -  Total Remote Usage
		Usr 0 00:00:00, Sys 0 00:00:00  -  Total Local Usage
	57230  -  Run Bytes Sent By Job
	1153  -  Run Bytes Received By Job
	57230  -  Total Bytes Sent By Job
	1153  -  Total Bytes Received By Job
	Partitionable Resources :      Usage  Request Allocated 
	   Cpus                 :       0.94        1         1 
	   Disk (KB)            : 3241364           2      3834 
	   GPUs                 :                             0 
	   Memory (MB)          :     830        3000      3000 

	Job terminated of its own accord at 2025-09-09T12:48:15Z with exit-code 0.
...
040 (15649358.016.000) 09/09 14:48:25 Started transferring output files
...
040 (15649358.016.000) 09/09 14:48:25 Finished transferring output files
...
005 (15649358.016.000) 09/09 14:48:25 Job terminated.
	(1) Normal termination (return value 0)
		Usr 0 00:08:36, Sys 0 00:00:14  -  Run Remote Usage
		Usr 0 00:00:00, Sys 0 00:00:00  -  Run Local Usage
		Usr 0 00:08:36, Sys 0 00:00:14  -  Total Remote Usage
		Usr 0 00:00:00, Sys 0 00:00:00  -  Total Local Usage
	57229  -  Run Bytes Sent By Job
	1153  -  Run Bytes Received By Job
	57229  -  Total Bytes Sent By Job
	1153  -  Total Bytes Received By Job
	Partitionable Resources :      Usage  Request Allocated 
	   Cpus                 :       0.01        1         1 
	   Disk (KB)            : 3222808           2      3901 
	   GPUs                 :                             0 
	   Memory (MB)          :     908        3000      3000 

	Job terminated of its own accord at 2025-09-09T12:48:25Z with exit-code 0.
...
040 (15649358.006.000) 09/09 14:48:32 Started transferring output files
...
040 (15649358.006.000) 09/09 14:48:32 Finished transferring output files
...
005 (15649358.006.000) 09/09 14:48:33 Job terminated.
	(1) Normal termination (return value 50)
		Usr 0 00:08:42, Sys 0 00:00:13  -  Run Remote Usage
		Usr 0 00:00:00, Sys 0 00:00:00  -  Run Local Usage
		Usr 0 00:08:42, Sys 0 00:00:13  -  Total Remote Usage
		Usr 0 00:00:00, Sys 0 00:00:00  -  Total Local Usage
	57361  -  Run Bytes Sent By Job
	1153  -  Run Bytes Received By Job
	57361  -  Total Bytes Sent By Job
	1153  -  Total Bytes Received By Job
	Partitionable Resources :      Usage  Request Allocated 
	   Cpus                 :       0.01        1         1 
	   Disk (KB)            : 3337814           2      3833 
	   GPUs                 :                             0 
	   Memory (MB)          :     804        3000      3000 

	Job terminated of its own accord at 2025-09-09T12:48:32Z with exit-code 50.
...
040 (15649358.002.000) 09/09 14:48:35 Started transferring output files
...
040 (15649358.002.000) 09/09 14:48:35 Finished transferring output files
...
005 (15649358.002.000) 09/09 14:48:35 Job terminated.
	(1) Normal termination (return value 0)
		Usr 0 00:08:44, Sys 0 00:00:13  -  Run Remote Usage
		Usr 0 00:00:00, Sys 0 00:00:00  -  Run Local Usage
		Usr 0 00:08:44, Sys 0 00:00:13  -  Total Remote Usage
		Usr 0 00:00:00, Sys 0 00:00:00  -  Total Local Usage
	57171  -  Run Bytes Sent By Job
	1153  -  Run Bytes Received By Job
	57171  -  Total Bytes Sent By Job
	1153  -  Total Bytes Received By Job
	Partitionable Resources :      Usage  Request Allocated 
	   Cpus                 :       0.01        1         1 
	   Disk (KB)            : 3186366           2      3849 
	   GPUs                 :                             0 
	   Memory (MB)          :     826        3000      3000 

	Job terminated of its own accord at 2025-09-09T12:48:35Z with exit-code 0.
...
040 (15649358.005.000) 09/09 14:48:49 Started transferring output files
...
040 (15649358.005.000) 09/09 14:48:49 Finished transferring output files
...
005 (15649358.005.000) 09/09 14:48:49 Job terminated.
	(1) Normal termination (return value 0)
		Usr 0 00:09:09, Sys 0 00:00:13  -  Run Remote Usage
		Usr 0 00:00:00, Sys 0 00:00:00  -  Run Local Usage
		Usr 0 00:09:09, Sys 0 00:00:13  -  Total Remote Usage
		Usr 0 00:00:00, Sys 0 00:00:00  -  Total Local Usage
	57003  -  Run Bytes Sent By Job
	1153  -  Run Bytes Received By Job
	57003  -  Total Bytes Sent By Job
	1153  -  Total Bytes Received By Job
	Partitionable Resources :      Usage  Request Allocated 
	   Cpus                 :       0.61        1         1 
	   Disk (KB)            : 3405730           2      3786 
	   GPUs                 :                             0 
	   Memory (MB)          :    1678        3000      3000 

	Job terminated of its own accord at 2025-09-09T12:48:48Z with exit-code 0.
...
040 (15649358.009.000) 09/09 14:48:55 Started transferring output files
...
040 (15649358.009.000) 09/09 14:48:55 Finished transferring output files
...
005 (15649358.009.000) 09/09 14:48:55 Job terminated.
	(1) Normal termination (return value 0)
		Usr 0 00:09:08, Sys 0 00:00:14  -  Run Remote Usage
		Usr 0 00:00:00, Sys 0 00:00:00  -  Run Local Usage
		Usr 0 00:09:08, Sys 0 00:00:14  -  Total Remote Usage
		Usr 0 00:00:00, Sys 0 00:00:00  -  Total Local Usage
	57058  -  Run Bytes Sent By Job
	1153  -  Run Bytes Received By Job
	57058  -  Total Bytes Sent By Job
	1153  -  Total Bytes Received By Job
	Partitionable Resources :      Usage  Request Allocated 
	   Cpus                 :       0.01        1         1 
	   Disk (KB)            : 3226911           2      3807 
	   GPUs                 :                             0 
	   Memory (MB)          :    1649        3000      3000 

	Job terminated of its own accord at 2025-09-09T12:48:55Z with exit-code 0.
...
040 (15649358.018.000) 09/09 14:49:10 Started transferring output files
...
040 (15649358.018.000) 09/09 14:49:10 Finished transferring output files
...
005 (15649358.018.000) 09/09 14:49:10 Job terminated.
	(1) Normal termination (return value 0)
		Usr 0 00:09:20, Sys 0 00:00:14  -  Run Remote Usage
		Usr 0 00:00:00, Sys 0 00:00:00  -  Run Local Usage
		Usr 0 00:09:20, Sys 0 00:00:14  -  Total Remote Usage
		Usr 0 00:00:00, Sys 0 00:00:00  -  Total Local Usage
	57232  -  Run Bytes Sent By Job
	1153  -  Run Bytes Received By Job
	57232  -  Total Bytes Sent By Job
	1153  -  Total Bytes Received By Job
	Partitionable Resources :      Usage  Request Allocated 
	   Cpus                 :       0.99        1         1 
	   Disk (KB)            : 3537840           2      3937 
	   GPUs                 :                             0 
	   Memory (MB)          :    1537        3000      3000 

	Job terminated of its own accord at 2025-09-09T12:49:10Z with exit-code 0.
...
006 (15649358.004.000) 09/09 14:50:52 Image size of job updated: 1639864
	1410  -  MemoryUsage of job (MB)
	1443448  -  ResidentSetSize of job (KB)
...
040 (15649358.004.000) 09/09 14:50:52 Started transferring output files
...
040 (15649358.004.000) 09/09 14:50:52 Finished transferring output files
...
005 (15649358.004.000) 09/09 14:50:52 Job terminated.
	(1) Normal termination (return value 0)
		Usr 0 00:11:54, Sys 0 00:00:09  -  Run Remote Usage
		Usr 0 00:00:00, Sys 0 00:00:00  -  Run Local Usage
		Usr 0 00:11:54, Sys 0 00:00:09  -  Total Remote Usage
		Usr 0 00:00:00, Sys 0 00:00:00  -  Total Local Usage
	57290  -  Run Bytes Sent By Job
	1153  -  Run Bytes Received By Job
	57290  -  Total Bytes Sent By Job
	1153  -  Total Bytes Received By Job
	Partitionable Resources :      Usage  Request Allocated 
	   Cpus                 :       0.99        1         1 
	   Disk (KB)            : 3595582           2      3670 
	   GPUs                 :                             0 
	   Memory (MB)          :    1410        3000      3000 

	Job terminated of its own accord at 2025-09-09T12:50:52Z with exit-code 0.
...
006 (15649358.012.000) 09/09 14:50:53 Image size of job updated: 1619224
	1346  -  MemoryUsage of job (MB)
	1378016  -  ResidentSetSize of job (KB)
...
040 (15649358.012.000) 09/09 14:50:53 Started transferring output files
...
040 (15649358.012.000) 09/09 14:50:53 Finished transferring output files
...
005 (15649358.012.000) 09/09 14:50:53 Job terminated.
	(1) Normal termination (return value 0)
		Usr 0 00:13:04, Sys 0 00:00:13  -  Run Remote Usage
		Usr 0 00:00:00, Sys 0 00:00:00  -  Run Local Usage
		Usr 0 00:13:04, Sys 0 00:00:13  -  Total Remote Usage
		Usr 0 00:00:00, Sys 0 00:00:00  -  Total Local Usage
	57056  -  Run Bytes Sent By Job
	1153  -  Run Bytes Received By Job
	57056  -  Total Bytes Sent By Job
	1153  -  Total Bytes Received By Job
	Partitionable Resources :      Usage  Request Allocated 
	   Cpus                 :       0.86        1         1 
	   Disk (KB)            : 3177886           2      3883 
	   GPUs                 :                             0 
	   Memory (MB)          :    1346        3000      3000 

	Job terminated of its own accord at 2025-09-09T12:50:53Z with exit-code 0.
...
006 (15649358.008.000) 09/09 14:51:18 Image size of job updated: 1644064
	1369  -  MemoryUsage of job (MB)
	1401368  -  ResidentSetSize of job (KB)
...
040 (15649358.008.000) 09/09 14:51:18 Started transferring output files
...
040 (15649358.008.000) 09/09 14:51:18 Finished transferring output files
...
005 (15649358.008.000) 09/09 14:51:18 Job terminated.
	(1) Normal termination (return value 0)
		Usr 0 00:12:04, Sys 0 00:00:17  -  Run Remote Usage
		Usr 0 00:00:00, Sys 0 00:00:00  -  Run Local Usage
		Usr 0 00:12:04, Sys 0 00:00:17  -  Total Remote Usage
		Usr 0 00:00:00, Sys 0 00:00:00  -  Total Local Usage
	57231  -  Run Bytes Sent By Job
	1153  -  Run Bytes Received By Job
	57231  -  Total Bytes Sent By Job
	1153  -  Total Bytes Received By Job
	Partitionable Resources :      Usage  Request Allocated 
	   Cpus                 :       0.95        1         1 
	   Disk (KB)            : 3361844           2      3809 
	   GPUs                 :                             0 
	   Memory (MB)          :    1369        3000      3000 

	Job terminated of its own accord at 2025-09-09T12:51:18Z with exit-code 0.
...
006 (15649358.017.000) 09/09 14:51:25 Image size of job updated: 1629372
	1357  -  MemoryUsage of job (MB)
	1388644  -  ResidentSetSize of job (KB)
...
040 (15649358.017.000) 09/09 14:51:25 Started transferring output files
...
040 (15649358.017.000) 09/09 14:51:25 Finished transferring output files
...
005 (15649358.017.000) 09/09 14:51:25 Job terminated.
	(1) Normal termination (return value 0)
		Usr 0 00:12:26, Sys 0 00:00:11  -  Run Remote Usage
		Usr 0 00:00:00, Sys 0 00:00:00  -  Run Local Usage
		Usr 0 00:12:26, Sys 0 00:00:11  -  Total Remote Usage
		Usr 0 00:00:00, Sys 0 00:00:00  -  Total Local Usage
	57003  -  Run Bytes Sent By Job
	1153  -  Run Bytes Received By Job
	57003  -  Total Bytes Sent By Job
	1153  -  Total Bytes Received By Job
	Partitionable Resources :      Usage  Request Allocated 
	   Cpus                 :       0.91        1         1 
	   Disk (KB)            : 3076544           2      3864 
	   GPUs                 :                             0 
	   Memory (MB)          :    1357        3000      3000 

	Job terminated of its own accord at 2025-09-09T12:51:25Z with exit-code 0.
...
040 (15649358.000.000) 09/09 14:52:00 Started transferring output files
...
040 (15649358.000.000) 09/09 14:52:00 Finished transferring output files
...
005 (15649358.000.000) 09/09 14:52:00 Job terminated.
	(1) Normal termination (return value 0)
		Usr 0 00:13:33, Sys 0 00:00:14  -  Run Remote Usage
		Usr 0 00:00:00, Sys 0 00:00:00  -  Run Local Usage
		Usr 0 00:13:33, Sys 0 00:00:14  -  Total Remote Usage
		Usr 0 00:00:00, Sys 0 00:00:00  -  Total Local Usage
	57341  -  Run Bytes Sent By Job
	1153  -  Run Bytes Received By Job
	57341  -  Total Bytes Sent By Job
	1153  -  Total Bytes Received By Job
	Partitionable Resources :      Usage  Request Allocated 
	   Cpus                 :       0.99        1         1 
	   Disk (KB)            : 3333434           2      3624 
	   GPUs                 :                             0 
	   Memory (MB)          :    1663        3000      3000 

	Job terminated of its own accord at 2025-09-09T12:52:00Z with exit-code 0.
...
