000 (15432182.000.000) 07/29 11:26:50 Job submitted from host: <137.138.44.75:9618?addrs=137.138.44.75-9618+[2001-1458-d00-1a--b]-9618&alias=bigbird14.cern.ch&noUDP&sock=schedd_5425_ad5f>
...
000 (15432182.001.000) 07/29 11:26:50 Job submitted from host: <137.138.44.75:9618?addrs=137.138.44.75-9618+[2001-1458-d00-1a--b]-9618&alias=bigbird14.cern.ch&noUDP&sock=schedd_5425_ad5f>
...
000 (15432182.002.000) 07/29 11:26:50 Job submitted from host: <137.138.44.75:9618?addrs=137.138.44.75-9618+[2001-1458-d00-1a--b]-9618&alias=bigbird14.cern.ch&noUDP&sock=schedd_5425_ad5f>
...
000 (15432182.003.000) 07/29 11:26:50 Job submitted from host: <137.138.44.75:9618?addrs=137.138.44.75-9618+[2001-1458-d00-1a--b]-9618&alias=bigbird14.cern.ch&noUDP&sock=schedd_5425_ad5f>
...
040 (15432182.002.000) 07/29 11:48:15 Started transferring input files
	Transferring to host: <188.185.214.24:9618?addrs=188.185.214.24-9618+[2001-1458-303-1c--100-14]-9618&alias=b9p29p9589.cern.ch&noUDP&sock=slot1_16_8621_0638_71409>
...
040 (15432182.002.000) 07/29 11:48:15 Finished transferring input files
...
001 (15432182.002.000) 07/29 11:48:15 Job executing on host: <188.185.214.24:9618?addrs=188.185.214.24-9618+[2001-1458-303-1c--100-14]-9618&alias=b9p29p9589.cern.ch&noUDP&sock=startd_7647_c8d0>
	SlotName: slot1_16@b9p29p9589.cern.ch
	CondorScratchDir = "/pool/condor/dir_958338"
	Cpus = 1
	Disk = 3844
	GPUs = 0
	Memory = 3000
...
040 (15432182.003.000) 07/29 11:48:15 Started transferring input files
	Transferring to host: <188.185.214.48:9618?addrs=188.185.214.48-9618+[2001-1458-303-1c--100-2c]-9618&alias=b9p29p4214.cern.ch&noUDP&sock=slot1_15_8423_83f0_72366>
...
040 (15432182.003.000) 07/29 11:48:15 Finished transferring input files
...
001 (15432182.003.000) 07/29 11:48:15 Job executing on host: <188.185.214.48:9618?addrs=188.185.214.48-9618+[2001-1458-303-1c--100-2c]-9618&alias=b9p29p4214.cern.ch&noUDP&sock=startd_8351_ab7c>
	SlotName: slot1_15@b9p29p4214.cern.ch
	CondorScratchDir = "/pool/condor/dir_3182954"
	Cpus = 1
	Disk = 3865
	GPUs = 0
	Memory = 3000
...
040 (15432182.000.000) 07/29 11:48:16 Started transferring input files
	Transferring to host: <188.185.210.225:9618?addrs=188.185.210.225-9618+[2001-1458-303-15--100-5d]-9618&alias=b9p22p2530.cern.ch&noUDP&sock=slot1_31_8465_1bb1_75039>
...
040 (15432182.000.000) 07/29 11:48:16 Finished transferring input files
...
001 (15432182.000.000) 07/29 11:48:16 Job executing on host: <188.185.210.225:9618?addrs=188.185.210.225-9618+[2001-1458-303-15--100-5d]-9618&alias=b9p22p2530.cern.ch&noUDP&sock=startd_8372_12f9>
	SlotName: slot1_31@b9p22p2530.cern.ch
	CondorScratchDir = "/pool/condor/dir_2225490"
	Cpus = 1
	Disk = 3848
	GPUs = 0
	Memory = 3000
...
040 (15432182.001.000) 07/29 11:48:16 Started transferring input files
	Transferring to host: <188.185.213.176:9618?addrs=188.185.213.176-9618+[2001-1458-303-1b--100-2c]-9618&alias=b9p28p9743.cern.ch&noUDP&sock=slot1_14_3804216_1142_49027>
...
040 (15432182.001.000) 07/29 11:48:16 Finished transferring input files
...
001 (15432182.001.000) 07/29 11:48:16 Job executing on host: <188.185.213.176:9618?addrs=188.185.213.176-9618+[2001-1458-303-1b--100-2c]-9618&alias=b9p28p9743.cern.ch&noUDP&sock=startd_3804136_75c3>
	SlotName: slot1_14@b9p28p9743.cern.ch
	CondorScratchDir = "/pool/condor/dir_3905281"
	Cpus = 1
	Disk = 3748
	GPUs = 0
	Memory = 3000
...
006 (15432182.000.000) 07/29 11:48:24 Image size of job updated: 162804
	159  -  MemoryUsage of job (MB)
	162804  -  ResidentSetSize of job (KB)
...
006 (15432182.002.000) 07/29 11:48:24 Image size of job updated: 419792
	410  -  MemoryUsage of job (MB)
	419792  -  ResidentSetSize of job (KB)
...
006 (15432182.003.000) 07/29 11:48:24 Image size of job updated: 442164
	432  -  MemoryUsage of job (MB)
	442164  -  ResidentSetSize of job (KB)
...
006 (15432182.001.000) 07/29 11:48:25 Image size of job updated: 188432
	185  -  MemoryUsage of job (MB)
	188432  -  ResidentSetSize of job (KB)
...
006 (15432182.000.000) 07/29 11:53:24 Image size of job updated: 629940
	616  -  MemoryUsage of job (MB)
	629940  -  ResidentSetSize of job (KB)
...
006 (15432182.002.000) 07/29 11:53:25 Image size of job updated: 693808
	678  -  MemoryUsage of job (MB)
	693808  -  ResidentSetSize of job (KB)
...
006 (15432182.003.000) 07/29 11:53:25 Image size of job updated: 639836
	625  -  MemoryUsage of job (MB)
	639836  -  ResidentSetSize of job (KB)
...
006 (15432182.001.000) 07/29 11:53:26 Image size of job updated: 403444
	394  -  MemoryUsage of job (MB)
	403444  -  ResidentSetSize of job (KB)
...
006 (15432182.000.000) 07/29 11:58:25 Image size of job updated: 677768
	662  -  MemoryUsage of job (MB)
	677768  -  ResidentSetSize of job (KB)
...
006 (15432182.002.000) 07/29 11:58:26 Image size of job updated: 740900
	724  -  MemoryUsage of job (MB)
	740900  -  ResidentSetSize of job (KB)
...
006 (15432182.003.000) 07/29 11:58:26 Image size of job updated: 687424
	672  -  MemoryUsage of job (MB)
	687424  -  ResidentSetSize of job (KB)
...
006 (15432182.001.000) 07/29 11:58:27 Image size of job updated: 700320
	684  -  MemoryUsage of job (MB)
	700320  -  ResidentSetSize of job (KB)
...
006 (15432182.003.000) 07/29 12:03:32 Image size of job updated: 710196
	694  -  MemoryUsage of job (MB)
	710196  -  ResidentSetSize of job (KB)
...
006 (15432182.002.000) 07/29 12:03:32 Image size of job updated: 763912
	747  -  MemoryUsage of job (MB)
	763912  -  ResidentSetSize of job (KB)
...
006 (15432182.000.000) 07/29 12:03:32 Image size of job updated: 700580
	685  -  MemoryUsage of job (MB)
	700580  -  ResidentSetSize of job (KB)
...
006 (15432182.001.000) 07/29 12:03:32 Image size of job updated: 723336
	707  -  MemoryUsage of job (MB)
	723336  -  ResidentSetSize of job (KB)
...
006 (15432182.000.000) 07/29 12:08:25 Image size of job updated: 725652
	709  -  MemoryUsage of job (MB)
	725652  -  ResidentSetSize of job (KB)
...
006 (15432182.002.000) 07/29 12:08:26 Image size of job updated: 1247628
	1219  -  MemoryUsage of job (MB)
	1247628  -  ResidentSetSize of job (KB)
...
006 (15432182.003.000) 07/29 12:08:27 Image size of job updated: 735524
	719  -  MemoryUsage of job (MB)
	735524  -  ResidentSetSize of job (KB)
...
006 (15432182.001.000) 07/29 12:08:28 Image size of job updated: 748636
	732  -  MemoryUsage of job (MB)
	748636  -  ResidentSetSize of job (KB)
...
006 (15432182.000.000) 07/29 12:13:25 Image size of job updated: 753464
	736  -  MemoryUsage of job (MB)
	753464  -  ResidentSetSize of job (KB)
...
006 (15432182.003.000) 07/29 12:13:27 Image size of job updated: 821492
	803  -  MemoryUsage of job (MB)
	821492  -  ResidentSetSize of job (KB)
...
006 (15432182.001.000) 07/29 12:13:28 Image size of job updated: 776636
	759  -  MemoryUsage of job (MB)
	776636  -  ResidentSetSize of job (KB)
...
040 (15432182.002.000) 07/29 12:14:07 Started transferring output files
...
040 (15432182.002.000) 07/29 12:14:08 Finished transferring output files
...
005 (15432182.002.000) 07/29 12:14:09 Job terminated.
	(1) Normal termination (return value 0)
		Usr 0 00:11:18, Sys 0 00:00:17  -  Run Remote Usage
		Usr 0 00:00:00, Sys 0 00:00:00  -  Run Local Usage
		Usr 0 00:11:18, Sys 0 00:00:17  -  Total Remote Usage
		Usr 0 00:00:00, Sys 0 00:00:00  -  Total Local Usage
	68782  -  Run Bytes Sent By Job
	1153  -  Run Bytes Received By Job
	68782  -  Total Bytes Sent By Job
	1153  -  Total Bytes Received By Job
	Partitionable Resources :      Usage  Request Allocated 
	   Cpus                 :       0.99        1         1 
	   Disk (KB)            : 4177248           2      3844 
	   GPUs                 :                             0 
	   Memory (MB)          :    1219        3000      3000 

	Job terminated of its own accord at 2025-07-29T10:14:06Z with exit-code 0.
...
006 (15432182.000.000) 07/29 12:18:25 Image size of job updated: 1765264
	1724  -  MemoryUsage of job (MB)
	1765264  -  ResidentSetSize of job (KB)
...
006 (15432182.003.000) 07/29 12:18:27 Image size of job updated: 2034040
	1987  -  MemoryUsage of job (MB)
	2034040  -  ResidentSetSize of job (KB)
...
006 (15432182.001.000) 07/29 12:18:28 Image size of job updated: 1234520
	1206  -  MemoryUsage of job (MB)
	1234520  -  ResidentSetSize of job (KB)
...
040 (15432182.003.000) 07/29 12:21:36 Started transferring output files
...
040 (15432182.003.000) 07/29 12:21:37 Finished transferring output files
...
005 (15432182.003.000) 07/29 12:21:37 Job terminated.
	(1) Normal termination (return value 0)
		Usr 0 00:11:37, Sys 0 00:00:19  -  Run Remote Usage
		Usr 0 00:00:00, Sys 0 00:00:00  -  Run Local Usage
		Usr 0 00:11:37, Sys 0 00:00:19  -  Total Remote Usage
		Usr 0 00:00:00, Sys 0 00:00:00  -  Total Local Usage
	69082  -  Run Bytes Sent By Job
	1153  -  Run Bytes Received By Job
	69082  -  Total Bytes Sent By Job
	1153  -  Total Bytes Received By Job
	Partitionable Resources :      Usage  Request Allocated 
	   Cpus                 :       0.00        1         1 
	   Disk (KB)            : 4281805           2      3865 
	   GPUs                 :                             0 
	   Memory (MB)          :    1987        3000      3000 

	Job terminated of its own accord at 2025-07-29T10:21:36Z with exit-code 0.
...
040 (15432182.000.000) 07/29 12:23:11 Started transferring output files
...
040 (15432182.000.000) 07/29 12:23:11 Finished transferring output files
...
005 (15432182.000.000) 07/29 12:23:11 Job terminated.
	(1) Normal termination (return value 0)
		Usr 0 00:12:20, Sys 0 00:00:17  -  Run Remote Usage
		Usr 0 00:00:00, Sys 0 00:00:00  -  Run Local Usage
		Usr 0 00:12:20, Sys 0 00:00:17  -  Total Remote Usage
		Usr 0 00:00:00, Sys 0 00:00:00  -  Total Local Usage
	69265  -  Run Bytes Sent By Job
	1153  -  Run Bytes Received By Job
	69265  -  Total Bytes Sent By Job
	1153  -  Total Bytes Received By Job
	Partitionable Resources :      Usage  Request Allocated 
	   Cpus                 :       0.99        1         1 
	   Disk (KB)            : 4234163           2      3848 
	   GPUs                 :                             0 
	   Memory (MB)          :    1724        3000      3000 

	Job terminated of its own accord at 2025-07-29T10:23:11Z with exit-code 0.
...
006 (15432182.001.000) 07/29 12:23:29 Image size of job updated: 1994580
	1948  -  MemoryUsage of job (MB)
	1994580  -  ResidentSetSize of job (KB)
...
040 (15432182.001.000) 07/29 12:26:04 Started transferring output files
...
040 (15432182.001.000) 07/29 12:26:04 Finished transferring output files
...
005 (15432182.001.000) 07/29 12:26:04 Job terminated.
	(1) Normal termination (return value 0)
		Usr 0 00:14:18, Sys 0 00:00:24  -  Run Remote Usage
		Usr 0 00:00:00, Sys 0 00:00:00  -  Run Local Usage
		Usr 0 00:14:18, Sys 0 00:00:24  -  Total Remote Usage
		Usr 0 00:00:00, Sys 0 00:00:00  -  Total Local Usage
	69445  -  Run Bytes Sent By Job
	1153  -  Run Bytes Received By Job
	69445  -  Total Bytes Sent By Job
	1153  -  Total Bytes Received By Job
	Partitionable Resources :      Usage  Request Allocated 
	   Cpus                 :       0.91        1         1 
	   Disk (KB)            : 4305833           2      3748 
	   GPUs                 :                             0 
	   Memory (MB)          :    1948        3000      3000 

	Job terminated of its own accord at 2025-07-29T10:26:04Z with exit-code 0.
...
