000 (15670996.000.000) 09/16 19:21:50 Job submitted from host: <137.138.44.75:9618?addrs=137.138.44.75-9618+[2001-1458-d00-1a--b]-9618&alias=bigbird14.cern.ch&noUDP&sock=schedd_2076396_86fa>
...
000 (15670996.001.000) 09/16 19:21:50 Job submitted from host: <137.138.44.75:9618?addrs=137.138.44.75-9618+[2001-1458-d00-1a--b]-9618&alias=bigbird14.cern.ch&noUDP&sock=schedd_2076396_86fa>
...
000 (15670996.002.000) 09/16 19:21:50 Job submitted from host: <137.138.44.75:9618?addrs=137.138.44.75-9618+[2001-1458-d00-1a--b]-9618&alias=bigbird14.cern.ch&noUDP&sock=schedd_2076396_86fa>
...
000 (15670996.003.000) 09/16 19:21:50 Job submitted from host: <137.138.44.75:9618?addrs=137.138.44.75-9618+[2001-1458-d00-1a--b]-9618&alias=bigbird14.cern.ch&noUDP&sock=schedd_2076396_86fa>
...
000 (15670996.004.000) 09/16 19:21:50 Job submitted from host: <137.138.44.75:9618?addrs=137.138.44.75-9618+[2001-1458-d00-1a--b]-9618&alias=bigbird14.cern.ch&noUDP&sock=schedd_2076396_86fa>
...
000 (15670996.005.000) 09/16 19:21:50 Job submitted from host: <137.138.44.75:9618?addrs=137.138.44.75-9618+[2001-1458-d00-1a--b]-9618&alias=bigbird14.cern.ch&noUDP&sock=schedd_2076396_86fa>
...
000 (15670996.006.000) 09/16 19:21:50 Job submitted from host: <137.138.44.75:9618?addrs=137.138.44.75-9618+[2001-1458-d00-1a--b]-9618&alias=bigbird14.cern.ch&noUDP&sock=schedd_2076396_86fa>
...
000 (15670996.007.000) 09/16 19:21:50 Job submitted from host: <137.138.44.75:9618?addrs=137.138.44.75-9618+[2001-1458-d00-1a--b]-9618&alias=bigbird14.cern.ch&noUDP&sock=schedd_2076396_86fa>
...
000 (15670996.008.000) 09/16 19:21:50 Job submitted from host: <137.138.44.75:9618?addrs=137.138.44.75-9618+[2001-1458-d00-1a--b]-9618&alias=bigbird14.cern.ch&noUDP&sock=schedd_2076396_86fa>
...
000 (15670996.009.000) 09/16 19:21:50 Job submitted from host: <137.138.44.75:9618?addrs=137.138.44.75-9618+[2001-1458-d00-1a--b]-9618&alias=bigbird14.cern.ch&noUDP&sock=schedd_2076396_86fa>
...
000 (15670996.010.000) 09/16 19:21:50 Job submitted from host: <137.138.44.75:9618?addrs=137.138.44.75-9618+[2001-1458-d00-1a--b]-9618&alias=bigbird14.cern.ch&noUDP&sock=schedd_2076396_86fa>
...
000 (15670996.011.000) 09/16 19:21:50 Job submitted from host: <137.138.44.75:9618?addrs=137.138.44.75-9618+[2001-1458-d00-1a--b]-9618&alias=bigbird14.cern.ch&noUDP&sock=schedd_2076396_86fa>
...
000 (15670996.012.000) 09/16 19:21:50 Job submitted from host: <137.138.44.75:9618?addrs=137.138.44.75-9618+[2001-1458-d00-1a--b]-9618&alias=bigbird14.cern.ch&noUDP&sock=schedd_2076396_86fa>
...
000 (15670996.013.000) 09/16 19:21:50 Job submitted from host: <137.138.44.75:9618?addrs=137.138.44.75-9618+[2001-1458-d00-1a--b]-9618&alias=bigbird14.cern.ch&noUDP&sock=schedd_2076396_86fa>
...
000 (15670996.014.000) 09/16 19:21:50 Job submitted from host: <137.138.44.75:9618?addrs=137.138.44.75-9618+[2001-1458-d00-1a--b]-9618&alias=bigbird14.cern.ch&noUDP&sock=schedd_2076396_86fa>
...
000 (15670996.015.000) 09/16 19:21:50 Job submitted from host: <137.138.44.75:9618?addrs=137.138.44.75-9618+[2001-1458-d00-1a--b]-9618&alias=bigbird14.cern.ch&noUDP&sock=schedd_2076396_86fa>
...
000 (15670996.016.000) 09/16 19:21:50 Job submitted from host: <137.138.44.75:9618?addrs=137.138.44.75-9618+[2001-1458-d00-1a--b]-9618&alias=bigbird14.cern.ch&noUDP&sock=schedd_2076396_86fa>
...
000 (15670996.017.000) 09/16 19:21:50 Job submitted from host: <137.138.44.75:9618?addrs=137.138.44.75-9618+[2001-1458-d00-1a--b]-9618&alias=bigbird14.cern.ch&noUDP&sock=schedd_2076396_86fa>
...
000 (15670996.018.000) 09/16 19:21:50 Job submitted from host: <137.138.44.75:9618?addrs=137.138.44.75-9618+[2001-1458-d00-1a--b]-9618&alias=bigbird14.cern.ch&noUDP&sock=schedd_2076396_86fa>
...
000 (15670996.019.000) 09/16 19:21:50 Job submitted from host: <137.138.44.75:9618?addrs=137.138.44.75-9618+[2001-1458-d00-1a--b]-9618&alias=bigbird14.cern.ch&noUDP&sock=schedd_2076396_86fa>
...
040 (15670996.000.000) 09/16 19:26:01 Started transferring input files
	Transferring to host: <188.185.193.72:9618?addrs=188.185.193.72-9618+[2001-1458-303-20--100-44]-9618&alias=b9p19p1459.cern.ch&noUDP&sock=slot1_22_4100_9220_74416>
...
040 (15670996.000.000) 09/16 19:26:01 Finished transferring input files
...
040 (15670996.002.000) 09/16 19:26:01 Started transferring input files
	Transferring to host: <188.185.193.92:9618?addrs=188.185.193.92-9618+[2001-1458-303-20--100-58]-9618&alias=b9p19p1708.cern.ch&noUDP&sock=slot1_12_2864228_7c72_94141>
...
001 (15670996.000.000) 09/16 19:26:01 Job executing on host: <188.185.193.72:9618?addrs=188.185.193.72-9618+[2001-1458-303-20--100-44]-9618&alias=b9p19p1459.cern.ch&noUDP&sock=startd_3515_937c>
	SlotName: slot1_22@b9p19p1459.cern.ch
	CondorScratchDir = "/pool/condor/dir_530864"
	Cpus = 1
	Disk = 3857
	GPUs = 0
	Memory = 3000
...
001 (15670996.002.000) 09/16 19:26:01 Job executing on host: <188.185.193.92:9618?addrs=188.185.193.92-9618+[2001-1458-303-20--100-58]-9618&alias=b9p19p1708.cern.ch&noUDP&sock=startd_2864155_ada3>
	SlotName: slot1_12@b9p19p1708.cern.ch
	CondorScratchDir = "/pool/condor/dir_655322"
	Cpus = 1
	Disk = 3806
	GPUs = 0
	Memory = 3000
...
040 (15670996.002.000) 09/16 19:26:01 Finished transferring input files
...
040 (15670996.001.000) 09/16 19:26:01 Started transferring input files
	Transferring to host: <188.185.195.104:9618?addrs=188.185.195.104-9618+[2001-1458-303-22--100-64]-9618&alias=b9p17p4322.cern.ch&noUDP&sock=slot1_32_1751483_f851_113754>
...
001 (15670996.001.000) 09/16 19:26:01 Job executing on host: <188.185.195.104:9618?addrs=188.185.195.104-9618+[2001-1458-303-22--100-64]-9618&alias=b9p17p4322.cern.ch&noUDP&sock=startd_8611_021c>
	SlotName: slot1_32@b9p17p4322.cern.ch
	CondorScratchDir = "/pool/condor/dir_4053577"
	Cpus = 1
	Disk = 3819
	GPUs = 0
	Memory = 3000
...
040 (15670996.001.000) 09/16 19:26:01 Finished transferring input files
...
040 (15670996.003.000) 09/16 19:26:02 Started transferring input files
	Transferring to host: <188.185.192.24:9618?addrs=188.185.192.24-9618+[2001-1458-303-1f--100-14]-9618&alias=b9p13p3802.cern.ch&noUDP&sock=slot1_20_8867_5a82_116814>
...
040 (15670996.003.000) 09/16 19:26:02 Finished transferring input files
...
001 (15670996.003.000) 09/16 19:26:02 Job executing on host: <188.185.192.24:9618?addrs=188.185.192.24-9618+[2001-1458-303-1f--100-14]-9618&alias=b9p13p3802.cern.ch&noUDP&sock=startd_8783_fc66>
	SlotName: slot1_20@b9p13p3802.cern.ch
	CondorScratchDir = "/pool/condor/dir_643643"
	Cpus = 1
	Disk = 3901
	GPUs = 0
	Memory = 3000
...
040 (15670996.005.000) 09/16 19:26:02 Started transferring input files
	Transferring to host: <188.185.196.144:9618?addrs=188.185.196.144-9618+[2001-1458-303-23--100-8c]-9618&alias=b9p16p8472.cern.ch&noUDP&sock=slot1_30_8020_90bf_103353>
...
040 (15670996.005.000) 09/16 19:26:02 Finished transferring input files
...
001 (15670996.005.000) 09/16 19:26:02 Job executing on host: <188.185.196.144:9618?addrs=188.185.196.144-9618+[2001-1458-303-23--100-8c]-9618&alias=b9p16p8472.cern.ch&noUDP&sock=startd_7062_85e8>
	SlotName: slot1_30@b9p16p8472.cern.ch
	CondorScratchDir = "/pool/condor/dir_753772"
	Cpus = 1
	Disk = 3810
	GPUs = 0
	Memory = 3000
...
040 (15670996.004.000) 09/16 19:26:02 Started transferring input files
	Transferring to host: <188.185.194.180:9618?addrs=188.185.194.180-9618+[2001-1458-303-21--100-b0]-9618&alias=b9p20p2473.cern.ch&noUDP&sock=slot1_34_7507_1c4a_75922>
...
001 (15670996.004.000) 09/16 19:26:02 Job executing on host: <188.185.194.180:9618?addrs=188.185.194.180-9618+[2001-1458-303-21--100-b0]-9618&alias=b9p20p2473.cern.ch&noUDP&sock=startd_6224_b98b>
	SlotName: slot1_34@b9p20p2473.cern.ch
	CondorScratchDir = "/pool/condor/dir_1900351"
	Cpus = 1
	Disk = 3828
	GPUs = 0
	Memory = 3000
...
040 (15670996.004.000) 09/16 19:26:02 Finished transferring input files
...
040 (15670996.007.000) 09/16 19:26:03 Started transferring input files
	Transferring to host: <188.185.194.112:9618?addrs=188.185.194.112-9618+[2001-1458-303-21--100-6c]-9618&alias=b9p20p9323.cern.ch&noUDP&sock=slot1_16_6457_4a60_97972>
...
040 (15670996.008.000) 09/16 19:26:03 Started transferring input files
	Transferring to host: <188.185.193.188:9618?addrs=188.185.193.188-9618+[2001-1458-303-20--100-b8]-9618&alias=b9p19p2034.cern.ch&noUDP&sock=slot1_24_7529_9c8b_92229>
...
040 (15670996.008.000) 09/16 19:26:03 Finished transferring input files
...
001 (15670996.007.000) 09/16 19:26:03 Job executing on host: <188.185.194.112:9618?addrs=188.185.194.112-9618+[2001-1458-303-21--100-6c]-9618&alias=b9p20p9323.cern.ch&noUDP&sock=startd_4888_5704>
	SlotName: slot1_16@b9p20p9323.cern.ch
	CondorScratchDir = "/pool/condor/dir_2223562"
	Cpus = 1
	Disk = 3914
	GPUs = 0
	Memory = 3000
...
040 (15670996.007.000) 09/16 19:26:03 Finished transferring input files
...
001 (15670996.008.000) 09/16 19:26:03 Job executing on host: <188.185.193.188:9618?addrs=188.185.193.188-9618+[2001-1458-303-20--100-b8]-9618&alias=b9p19p2034.cern.ch&noUDP&sock=startd_6829_b457>
	SlotName: slot1_24@b9p19p2034.cern.ch
	CondorScratchDir = "/pool/condor/dir_190330"
	Cpus = 1
	Disk = 3837
	GPUs = 0
	Memory = 3000
...
040 (15670996.006.000) 09/16 19:26:03 Started transferring input files
	Transferring to host: <188.185.196.132:9618?addrs=188.185.196.132-9618+[2001-1458-303-23--100-80]-9618&alias=b9p16p6169.cern.ch&noUDP&sock=slot1_26_11756_ea57_27162>
...
040 (15670996.006.000) 09/16 19:26:03 Finished transferring input files
...
001 (15670996.006.000) 09/16 19:26:03 Job executing on host: <188.185.196.132:9618?addrs=188.185.196.132-9618+[2001-1458-303-23--100-80]-9618&alias=b9p16p6169.cern.ch&noUDP&sock=startd_11696_0fc7>
	SlotName: slot1_26@b9p16p6169.cern.ch
	CondorScratchDir = "/pool/condor/dir_265470"
	Cpus = 1
	Disk = 3822
	GPUs = 0
	Memory = 3000
...
040 (15670996.011.000) 09/16 19:26:04 Started transferring input files
	Transferring to host: <188.185.215.141:9618?addrs=188.185.215.141-9618+[2001-1458-303-26--100-9]-9618&alias=b9p18p4670.cern.ch&noUDP&sock=slot1_9_2275194_bf21_94397>
...
001 (15670996.011.000) 09/16 19:26:04 Job executing on host: <188.185.215.141:9618?addrs=188.185.215.141-9618+[2001-1458-303-26--100-9]-9618&alias=b9p18p4670.cern.ch&noUDP&sock=startd_2275156_5ae8>
	SlotName: slot1_9@b9p18p4670.cern.ch
	CondorScratchDir = "/pool/condor/dir_1520464"
	Cpus = 1
	Disk = 3909
	GPUs = 0
	Memory = 3000
...
040 (15670996.011.000) 09/16 19:26:04 Finished transferring input files
...
040 (15670996.010.000) 09/16 19:26:04 Started transferring input files
	Transferring to host: <188.185.192.110:9618?addrs=188.185.192.110-9618+[2001-1458-303-1f--100-6a]-9618&alias=b9p13p9473.cern.ch&noUDP&sock=slot1_39_8806_5f9f_120200>
...
040 (15670996.010.000) 09/16 19:26:04 Finished transferring input files
...
001 (15670996.010.000) 09/16 19:26:04 Job executing on host: <188.185.192.110:9618?addrs=188.185.192.110-9618+[2001-1458-303-1f--100-6a]-9618&alias=b9p13p9473.cern.ch&noUDP&sock=startd_8663_ad09>
	SlotName: slot1_39@b9p13p9473.cern.ch
	CondorScratchDir = "/pool/condor/dir_2029601"
	Cpus = 1
	Disk = 3897
	GPUs = 0
	Memory = 3000
...
040 (15670996.009.000) 09/16 19:26:04 Started transferring input files
	Transferring to host: <188.185.194.174:9618?addrs=188.185.194.174-9618+[2001-1458-303-21--100-aa]-9618&alias=b9p20p3948.cern.ch&noUDP&sock=slot1_37_4499_b3d0_99673>
...
040 (15670996.009.000) 09/16 19:26:04 Finished transferring input files
...
001 (15670996.009.000) 09/16 19:26:04 Job executing on host: <188.185.194.174:9618?addrs=188.185.194.174-9618+[2001-1458-303-21--100-aa]-9618&alias=b9p20p3948.cern.ch&noUDP&sock=startd_3828_44a0>
	SlotName: slot1_37@b9p20p3948.cern.ch
	CondorScratchDir = "/pool/condor/dir_1885422"
	Cpus = 1
	Disk = 3770
	GPUs = 0
	Memory = 3000
...
040 (15670996.012.000) 09/16 19:26:05 Started transferring input files
	Transferring to host: <128.142.161.112:9618?addrs=128.142.161.112-9618+[2001-1458-301-b8--100-2e]-9618&alias=b9g03p5951.cern.ch&noUDP&sock=slot1_33_6962_1bd4_95412>
...
040 (15670996.012.000) 09/16 19:26:05 Finished transferring input files
...
040 (15670996.014.000) 09/16 19:26:05 Started transferring input files
	Transferring to host: <188.185.192.156:9618?addrs=188.185.192.156-9618+[2001-1458-303-1f--100-98]-9618&alias=b9p13p3671.cern.ch&noUDP&sock=slot1_14_7214_aa5e_100879>
...
040 (15670996.014.000) 09/16 19:26:05 Finished transferring input files
...
001 (15670996.012.000) 09/16 19:26:05 Job executing on host: <128.142.161.112:9618?addrs=128.142.161.112-9618+[2001-1458-301-b8--100-2e]-9618&alias=b9g03p5951.cern.ch&noUDP&sock=startd_5351_eb5d>
	SlotName: slot1_33@b9g03p5951.cern.ch
	CondorScratchDir = "/pool/condor/dir_3759884"
	Cpus = 1
	Disk = 3750
	GPUs = 0
	Memory = 3000
...
001 (15670996.014.000) 09/16 19:26:05 Job executing on host: <188.185.192.156:9618?addrs=188.185.192.156-9618+[2001-1458-303-1f--100-98]-9618&alias=b9p13p3671.cern.ch&noUDP&sock=startd_5616_aff6>
	SlotName: slot1_14@b9p13p3671.cern.ch
	CondorScratchDir = "/pool/condor/dir_1548908"
	Cpus = 1
	Disk = 3895
	GPUs = 0
	Memory = 3000
...
040 (15670996.013.000) 09/16 19:26:05 Started transferring input files
	Transferring to host: <188.185.195.12:9618?addrs=188.185.195.12-9618+[2001-1458-303-22--100-8]-9618&alias=b9p17p6034.cern.ch&noUDP&sock=slot1_31_678879_6b6f_92804>
...
040 (15670996.013.000) 09/16 19:26:05 Finished transferring input files
...
001 (15670996.013.000) 09/16 19:26:05 Job executing on host: <188.185.195.12:9618?addrs=188.185.195.12-9618+[2001-1458-303-22--100-8]-9618&alias=b9p17p6034.cern.ch&noUDP&sock=startd_7368_69e3>
	SlotName: slot1_31@b9p17p6034.cern.ch
	CondorScratchDir = "/pool/condor/dir_3763261"
	Cpus = 1
	Disk = 3797
	GPUs = 0
	Memory = 3000
...
040 (15670996.017.000) 09/16 19:26:06 Started transferring input files
	Transferring to host: <188.185.193.58:9618?addrs=188.185.193.58-9618+[2001-1458-303-20--100-36]-9618&alias=b9p19p9651.cern.ch&noUDP&sock=slot1_24_4990_a804_99036>
...
040 (15670996.016.000) 09/16 19:26:06 Started transferring input files
	Transferring to host: <188.185.192.68:9618?addrs=188.185.192.68-9618+[2001-1458-303-1f--100-40]-9618&alias=b9p13p8682.cern.ch&noUDP&sock=slot1_9_8841_08c1_118458>
...
040 (15670996.015.000) 09/16 19:26:06 Started transferring input files
	Transferring to host: <128.142.51.212:9618?addrs=128.142.51.212-9618+[2001-1458-301-3--100-11]-9618&alias=b9g02p4657.cern.ch&noUDP&sock=slot1_4_2333646_77ea_139958>
...
001 (15670996.017.000) 09/16 19:26:06 Job executing on host: <188.185.193.58:9618?addrs=188.185.193.58-9618+[2001-1458-303-20--100-36]-9618&alias=b9p19p9651.cern.ch&noUDP&sock=startd_4460_c47b>
	SlotName: slot1_24@b9p19p9651.cern.ch
	CondorScratchDir = "/pool/condor/dir_546715"
	Cpus = 1
	Disk = 3791
	GPUs = 0
	Memory = 3000
...
040 (15670996.017.000) 09/16 19:26:06 Finished transferring input files
...
001 (15670996.016.000) 09/16 19:26:06 Job executing on host: <188.185.192.68:9618?addrs=188.185.192.68-9618+[2001-1458-303-1f--100-40]-9618&alias=b9p13p8682.cern.ch&noUDP&sock=startd_8793_d858>
	SlotName: slot1_9@b9p13p8682.cern.ch
	CondorScratchDir = "/pool/condor/dir_972089"
	Cpus = 1
	Disk = 3814
	GPUs = 0
	Memory = 3000
...
040 (15670996.016.000) 09/16 19:26:06 Finished transferring input files
...
001 (15670996.015.000) 09/16 19:26:06 Job executing on host: <128.142.51.212:9618?addrs=128.142.51.212-9618+[2001-1458-301-3--100-11]-9618&alias=b9g02p4657.cern.ch&noUDP&sock=startd_4767_580e>
	SlotName: slot1_4@b9g02p4657.cern.ch
	CondorScratchDir = "/pool/condor/dir_4083326"
	Cpus = 1
	Disk = 3833
	GPUs = 0
	Memory = 3000
...
040 (15670996.015.000) 09/16 19:26:06 Finished transferring input files
...
040 (15670996.018.000) 09/16 19:26:07 Started transferring input files
	Transferring to host: <188.185.194.65:9618?addrs=188.185.194.65-9618+[2001-1458-303-21--100-3d]-9618&alias=b9p20p1449.cern.ch&noUDP&sock=slot1_5_1004661_4f6f_80989>
...
040 (15670996.018.000) 09/16 19:26:07 Finished transferring input files
...
001 (15670996.018.000) 09/16 19:26:07 Job executing on host: <188.185.194.65:9618?addrs=188.185.194.65-9618+[2001-1458-303-21--100-3d]-9618&alias=b9p20p1449.cern.ch&noUDP&sock=startd_6640_10f1>
	SlotName: slot1_5@b9p20p1449.cern.ch
	CondorScratchDir = "/pool/condor/dir_253212"
	Cpus = 1
	Disk = 3802
	GPUs = 0
	Memory = 3000
...
040 (15670996.019.000) 09/16 19:26:07 Started transferring input files
	Transferring to host: <188.185.193.41:9618?addrs=188.185.193.41-9618+[2001-1458-303-20--100-25]-9618&alias=b9p19p3381.cern.ch&noUDP&sock=slot1_15_223969_2bed_58577>
...
040 (15670996.019.000) 09/16 19:26:07 Finished transferring input files
...
001 (15670996.019.000) 09/16 19:26:07 Job executing on host: <188.185.193.41:9618?addrs=188.185.193.41-9618+[2001-1458-303-20--100-25]-9618&alias=b9p19p3381.cern.ch&noUDP&sock=startd_4680_ab51>
	SlotName: slot1_15@b9p19p3381.cern.ch
	CondorScratchDir = "/pool/condor/dir_2921890"
	Cpus = 1
	Disk = 3858
	GPUs = 0
	Memory = 3000
...
006 (15670996.005.000) 09/16 19:26:10 Image size of job updated: 333296
	326  -  MemoryUsage of job (MB)
	333296  -  ResidentSetSize of job (KB)
...
006 (15670996.013.000) 09/16 19:26:14 Image size of job updated: 418452
	409  -  MemoryUsage of job (MB)
	418452  -  ResidentSetSize of job (KB)
...
006 (15670996.000.000) 09/16 19:26:15 Image size of job updated: 110828
	109  -  MemoryUsage of job (MB)
	110828  -  ResidentSetSize of job (KB)
...
006 (15670996.003.000) 09/16 19:26:15 Image size of job updated: 89164
	88  -  MemoryUsage of job (MB)
	89164  -  ResidentSetSize of job (KB)
...
006 (15670996.004.000) 09/16 19:26:15 Image size of job updated: 40340
	25  -  MemoryUsage of job (MB)
	25176  -  ResidentSetSize of job (KB)
...
006 (15670996.002.000) 09/16 19:26:15 Image size of job updated: 117380
	115  -  MemoryUsage of job (MB)
	117380  -  ResidentSetSize of job (KB)
...
006 (15670996.001.000) 09/16 19:26:15 Image size of job updated: 23732
	24  -  MemoryUsage of job (MB)
	23732  -  ResidentSetSize of job (KB)
...
006 (15670996.007.000) 09/16 19:26:16 Image size of job updated: 114556
	112  -  MemoryUsage of job (MB)
	114556  -  ResidentSetSize of job (KB)
...
006 (15670996.008.000) 09/16 19:26:16 Image size of job updated: 15000
	15  -  MemoryUsage of job (MB)
	15000  -  ResidentSetSize of job (KB)
...
006 (15670996.006.000) 09/16 19:26:16 Image size of job updated: 39664
	39  -  MemoryUsage of job (MB)
	39664  -  ResidentSetSize of job (KB)
...
006 (15670996.011.000) 09/16 19:26:18 Image size of job updated: 132944
	130  -  MemoryUsage of job (MB)
	132944  -  ResidentSetSize of job (KB)
...
006 (15670996.010.000) 09/16 19:26:18 Image size of job updated: 115940
	114  -  MemoryUsage of job (MB)
	115940  -  ResidentSetSize of job (KB)
...
006 (15670996.009.000) 09/16 19:26:18 Image size of job updated: 112020
	110  -  MemoryUsage of job (MB)
	112020  -  ResidentSetSize of job (KB)
...
006 (15670996.014.000) 09/16 19:26:19 Image size of job updated: 111724
	110  -  MemoryUsage of job (MB)
	111724  -  ResidentSetSize of job (KB)
...
006 (15670996.012.000) 09/16 19:26:19 Image size of job updated: 15100
	2  -  MemoryUsage of job (MB)
	1652  -  ResidentSetSize of job (KB)
...
006 (15670996.018.000) 09/16 19:26:20 Image size of job updated: 70088
	69  -  MemoryUsage of job (MB)
	70088  -  ResidentSetSize of job (KB)
...
006 (15670996.019.000) 09/16 19:26:20 Image size of job updated: 85404
	84  -  MemoryUsage of job (MB)
	85404  -  ResidentSetSize of job (KB)
...
006 (15670996.016.000) 09/16 19:26:20 Image size of job updated: 112916
	111  -  MemoryUsage of job (MB)
	112916  -  ResidentSetSize of job (KB)
...
006 (15670996.017.000) 09/16 19:26:20 Image size of job updated: 105432
	103  -  MemoryUsage of job (MB)
	105432  -  ResidentSetSize of job (KB)
...
006 (15670996.015.000) 09/16 19:26:20 Image size of job updated: 112916
	111  -  MemoryUsage of job (MB)
	112916  -  ResidentSetSize of job (KB)
...
006 (15670996.005.000) 09/16 19:31:10 Image size of job updated: 635152
	621  -  MemoryUsage of job (MB)
	635152  -  ResidentSetSize of job (KB)
...
006 (15670996.013.000) 09/16 19:31:15 Image size of job updated: 645488
	631  -  MemoryUsage of job (MB)
	645488  -  ResidentSetSize of job (KB)
...
006 (15670996.000.000) 09/16 19:31:15 Image size of job updated: 770384
	259  -  MemoryUsage of job (MB)
	264960  -  ResidentSetSize of job (KB)
...
006 (15670996.007.000) 09/16 19:31:16 Image size of job updated: 777224
	299  -  MemoryUsage of job (MB)
	306056  -  ResidentSetSize of job (KB)
...
006 (15670996.004.000) 09/16 19:31:15 Image size of job updated: 774780
	252  -  MemoryUsage of job (MB)
	257472  -  ResidentSetSize of job (KB)
...
006 (15670996.001.000) 09/16 19:31:16 Image size of job updated: 774064
	247  -  MemoryUsage of job (MB)
	252316  -  ResidentSetSize of job (KB)
...
006 (15670996.006.000) 09/16 19:31:16 Image size of job updated: 775244
	245  -  MemoryUsage of job (MB)
	250004  -  ResidentSetSize of job (KB)
...
006 (15670996.002.000) 09/16 19:31:16 Image size of job updated: 772728
	281  -  MemoryUsage of job (MB)
	287100  -  ResidentSetSize of job (KB)
...
006 (15670996.008.000) 09/16 19:31:16 Image size of job updated: 773748
	254  -  MemoryUsage of job (MB)
	259528  -  ResidentSetSize of job (KB)
...
006 (15670996.003.000) 09/16 19:31:15 Image size of job updated: 771956
	262  -  MemoryUsage of job (MB)
	267656  -  ResidentSetSize of job (KB)
...
006 (15670996.009.000) 09/16 19:31:19 Image size of job updated: 773864
	252  -  MemoryUsage of job (MB)
	257056  -  ResidentSetSize of job (KB)
...
006 (15670996.011.000) 09/16 19:31:19 Image size of job updated: 775616
	272  -  MemoryUsage of job (MB)
	278112  -  ResidentSetSize of job (KB)
...
006 (15670996.014.000) 09/16 19:31:20 Image size of job updated: 767352
	256  -  MemoryUsage of job (MB)
	261544  -  ResidentSetSize of job (KB)
...
006 (15670996.010.000) 09/16 19:31:19 Image size of job updated: 774044
	256  -  MemoryUsage of job (MB)
	261716  -  ResidentSetSize of job (KB)
...
006 (15670996.012.000) 09/16 19:31:20 Image size of job updated: 775416
	253  -  MemoryUsage of job (MB)
	258480  -  ResidentSetSize of job (KB)
...
006 (15670996.018.000) 09/16 19:31:20 Image size of job updated: 764332
	251  -  MemoryUsage of job (MB)
	256972  -  ResidentSetSize of job (KB)
...
006 (15670996.019.000) 09/16 19:31:20 Image size of job updated: 783656
	253  -  MemoryUsage of job (MB)
	258956  -  ResidentSetSize of job (KB)
...
006 (15670996.016.000) 09/16 19:31:21 Image size of job updated: 772096
	252  -  MemoryUsage of job (MB)
	257244  -  ResidentSetSize of job (KB)
...
006 (15670996.017.000) 09/16 19:31:21 Image size of job updated: 777932
	260  -  MemoryUsage of job (MB)
	265728  -  ResidentSetSize of job (KB)
...
006 (15670996.015.000) 09/16 19:31:21 Image size of job updated: 769264
	256  -  MemoryUsage of job (MB)
	261420  -  ResidentSetSize of job (KB)
...
006 (15670996.005.000) 09/16 19:36:11 Image size of job updated: 648440
	634  -  MemoryUsage of job (MB)
	648440  -  ResidentSetSize of job (KB)
...
006 (15670996.013.000) 09/16 19:36:15 Image size of job updated: 654424
	640  -  MemoryUsage of job (MB)
	654424  -  ResidentSetSize of job (KB)
...
006 (15670996.000.000) 09/16 19:36:15 Image size of job updated: 770384
	272  -  MemoryUsage of job (MB)
	278180  -  ResidentSetSize of job (KB)
...
006 (15670996.003.000) 09/16 19:36:16 Image size of job updated: 771956
	275  -  MemoryUsage of job (MB)
	280892  -  ResidentSetSize of job (KB)
...
006 (15670996.004.000) 09/16 19:36:16 Image size of job updated: 774780
	265  -  MemoryUsage of job (MB)
	270680  -  ResidentSetSize of job (KB)
...
006 (15670996.001.000) 09/16 19:36:16 Image size of job updated: 774064
	260  -  MemoryUsage of job (MB)
	266024  -  ResidentSetSize of job (KB)
...
006 (15670996.002.000) 09/16 19:36:16 Image size of job updated: 772728
	294  -  MemoryUsage of job (MB)
	300304  -  ResidentSetSize of job (KB)
...
006 (15670996.006.000) 09/16 19:36:17 Image size of job updated: 775244
	258  -  MemoryUsage of job (MB)
	263200  -  ResidentSetSize of job (KB)
...
006 (15670996.007.000) 09/16 19:36:17 Image size of job updated: 777224
	312  -  MemoryUsage of job (MB)
	319376  -  ResidentSetSize of job (KB)
...
006 (15670996.008.000) 09/16 19:36:17 Image size of job updated: 773748
	267  -  MemoryUsage of job (MB)
	272736  -  ResidentSetSize of job (KB)
...
006 (15670996.009.000) 09/16 19:36:19 Image size of job updated: 773864
	264  -  MemoryUsage of job (MB)
	270292  -  ResidentSetSize of job (KB)
...
006 (15670996.012.000) 09/16 19:36:20 Image size of job updated: 775416
	266  -  MemoryUsage of job (MB)
	271456  -  ResidentSetSize of job (KB)
...
006 (15670996.011.000) 09/16 19:36:20 Image size of job updated: 775616
	285  -  MemoryUsage of job (MB)
	291320  -  ResidentSetSize of job (KB)
...
006 (15670996.014.000) 09/16 19:36:20 Image size of job updated: 767352
	269  -  MemoryUsage of job (MB)
	274752  -  ResidentSetSize of job (KB)
...
006 (15670996.010.000) 09/16 19:36:20 Image size of job updated: 774044
	269  -  MemoryUsage of job (MB)
	274440  -  ResidentSetSize of job (KB)
...
006 (15670996.018.000) 09/16 19:36:21 Image size of job updated: 764332
	264  -  MemoryUsage of job (MB)
	270212  -  ResidentSetSize of job (KB)
...
006 (15670996.019.000) 09/16 19:36:21 Image size of job updated: 783656
	266  -  MemoryUsage of job (MB)
	272164  -  ResidentSetSize of job (KB)
...
006 (15670996.016.000) 09/16 19:36:22 Image size of job updated: 772096
	264  -  MemoryUsage of job (MB)
	270188  -  ResidentSetSize of job (KB)
...
006 (15670996.015.000) 09/16 19:36:22 Image size of job updated: 769264
	269  -  MemoryUsage of job (MB)
	274624  -  ResidentSetSize of job (KB)
...
006 (15670996.017.000) 09/16 19:36:22 Image size of job updated: 777932
	273  -  MemoryUsage of job (MB)
	278940  -  ResidentSetSize of job (KB)
...
006 (15670996.001.000) 09/16 19:42:24 Image size of job updated: 774064
	274  -  MemoryUsage of job (MB)
	279740  -  ResidentSetSize of job (KB)
...
006 (15670996.002.000) 09/16 19:42:24 Image size of job updated: 772728
	307  -  MemoryUsage of job (MB)
	313776  -  ResidentSetSize of job (KB)
...
006 (15670996.000.000) 09/16 19:42:24 Image size of job updated: 770384
	285  -  MemoryUsage of job (MB)
	291384  -  ResidentSetSize of job (KB)
...
006 (15670996.004.000) 09/16 19:42:24 Image size of job updated: 774780
	278  -  MemoryUsage of job (MB)
	284136  -  ResidentSetSize of job (KB)
...
006 (15670996.005.000) 09/16 19:42:24 Image size of job updated: 657392
	642  -  MemoryUsage of job (MB)
	657392  -  ResidentSetSize of job (KB)
...
006 (15670996.003.000) 09/16 19:42:24 Image size of job updated: 771956
	288  -  MemoryUsage of job (MB)
	294080  -  ResidentSetSize of job (KB)
...
006 (15670996.008.000) 09/16 19:42:24 Image size of job updated: 773748
	280  -  MemoryUsage of job (MB)
	286168  -  ResidentSetSize of job (KB)
...
006 (15670996.006.000) 09/16 19:42:24 Image size of job updated: 775244
	271  -  MemoryUsage of job (MB)
	276668  -  ResidentSetSize of job (KB)
...
006 (15670996.007.000) 09/16 19:42:24 Image size of job updated: 777224
	325  -  MemoryUsage of job (MB)
	332720  -  ResidentSetSize of job (KB)
...
006 (15670996.010.000) 09/16 19:42:24 Image size of job updated: 774044
	282  -  MemoryUsage of job (MB)
	287888  -  ResidentSetSize of job (KB)
...
006 (15670996.011.000) 09/16 19:42:25 Image size of job updated: 775616
	298  -  MemoryUsage of job (MB)
	304560  -  ResidentSetSize of job (KB)
...
006 (15670996.009.000) 09/16 19:42:25 Image size of job updated: 773864
	278  -  MemoryUsage of job (MB)
	284008  -  ResidentSetSize of job (KB)
...
006 (15670996.013.000) 09/16 19:42:25 Image size of job updated: 662148
	647  -  MemoryUsage of job (MB)
	662148  -  ResidentSetSize of job (KB)
...
006 (15670996.012.000) 09/16 19:42:25 Image size of job updated: 775416
	279  -  MemoryUsage of job (MB)
	284904  -  ResidentSetSize of job (KB)
...
006 (15670996.014.000) 09/16 19:42:25 Image size of job updated: 767352
	282  -  MemoryUsage of job (MB)
	288212  -  ResidentSetSize of job (KB)
...
006 (15670996.016.000) 09/16 19:42:26 Image size of job updated: 772096
	277  -  MemoryUsage of job (MB)
	283416  -  ResidentSetSize of job (KB)
...
006 (15670996.017.000) 09/16 19:42:26 Image size of job updated: 777932
	286  -  MemoryUsage of job (MB)
	292404  -  ResidentSetSize of job (KB)
...
006 (15670996.015.000) 09/16 19:42:26 Image size of job updated: 769264
	282  -  MemoryUsage of job (MB)
	288080  -  ResidentSetSize of job (KB)
...
006 (15670996.018.000) 09/16 19:42:27 Image size of job updated: 764332
	277  -  MemoryUsage of job (MB)
	283420  -  ResidentSetSize of job (KB)
...
006 (15670996.019.000) 09/16 19:42:27 Image size of job updated: 783656
	279  -  MemoryUsage of job (MB)
	285624  -  ResidentSetSize of job (KB)
...
006 (15670996.005.000) 09/16 19:46:12 Image size of job updated: 672144
	657  -  MemoryUsage of job (MB)
	672144  -  ResidentSetSize of job (KB)
...
006 (15670996.013.000) 09/16 19:46:16 Image size of job updated: 677036
	662  -  MemoryUsage of job (MB)
	677036  -  ResidentSetSize of job (KB)
...
006 (15670996.000.000) 09/16 19:46:16 Image size of job updated: 770384
	299  -  MemoryUsage of job (MB)
	306096  -  ResidentSetSize of job (KB)
...
006 (15670996.002.000) 09/16 19:46:17 Image size of job updated: 772728
	321  -  MemoryUsage of job (MB)
	328468  -  ResidentSetSize of job (KB)
...
006 (15670996.001.000) 09/16 19:46:17 Image size of job updated: 774064
	289  -  MemoryUsage of job (MB)
	294948  -  ResidentSetSize of job (KB)
...
006 (15670996.004.000) 09/16 19:46:17 Image size of job updated: 774780
	292  -  MemoryUsage of job (MB)
	298852  -  ResidentSetSize of job (KB)
...
006 (15670996.003.000) 09/16 19:46:17 Image size of job updated: 771956
	302  -  MemoryUsage of job (MB)
	308552  -  ResidentSetSize of job (KB)
...
006 (15670996.006.000) 09/16 19:46:18 Image size of job updated: 775244
	285  -  MemoryUsage of job (MB)
	291364  -  ResidentSetSize of job (KB)
...
006 (15670996.008.000) 09/16 19:46:18 Image size of job updated: 773748
	294  -  MemoryUsage of job (MB)
	300888  -  ResidentSetSize of job (KB)
...
006 (15670996.007.000) 09/16 19:46:18 Image size of job updated: 777224
	340  -  MemoryUsage of job (MB)
	347412  -  ResidentSetSize of job (KB)
...
006 (15670996.009.000) 09/16 19:46:21 Image size of job updated: 773864
	292  -  MemoryUsage of job (MB)
	298480  -  ResidentSetSize of job (KB)
...
006 (15670996.010.000) 09/16 19:46:22 Image size of job updated: 774044
	296  -  MemoryUsage of job (MB)
	302592  -  ResidentSetSize of job (KB)
...
006 (15670996.012.000) 09/16 19:46:22 Image size of job updated: 775416
	293  -  MemoryUsage of job (MB)
	299868  -  ResidentSetSize of job (KB)
...
006 (15670996.014.000) 09/16 19:46:22 Image size of job updated: 767352
	296  -  MemoryUsage of job (MB)
	302912  -  ResidentSetSize of job (KB)
...
006 (15670996.018.000) 09/16 19:46:22 Image size of job updated: 764332
	292  -  MemoryUsage of job (MB)
	298396  -  ResidentSetSize of job (KB)
...
006 (15670996.019.000) 09/16 19:46:22 Image size of job updated: 783656
	294  -  MemoryUsage of job (MB)
	300336  -  ResidentSetSize of job (KB)
...
006 (15670996.011.000) 09/16 19:46:22 Image size of job updated: 775616
	312  -  MemoryUsage of job (MB)
	319252  -  ResidentSetSize of job (KB)
...
006 (15670996.016.000) 09/16 19:46:23 Image size of job updated: 772096
	292  -  MemoryUsage of job (MB)
	298116  -  ResidentSetSize of job (KB)
...
006 (15670996.017.000) 09/16 19:46:23 Image size of job updated: 777932
	300  -  MemoryUsage of job (MB)
	307112  -  ResidentSetSize of job (KB)
...
006 (15670996.015.000) 09/16 19:46:23 Image size of job updated: 769264
	296  -  MemoryUsage of job (MB)
	302784  -  ResidentSetSize of job (KB)
...
006 (15670996.000.000) 09/16 19:51:17 Image size of job updated: 770384
	314  -  MemoryUsage of job (MB)
	320800  -  ResidentSetSize of job (KB)
...
006 (15670996.004.000) 09/16 19:51:18 Image size of job updated: 774780
	307  -  MemoryUsage of job (MB)
	313552  -  ResidentSetSize of job (KB)
...
006 (15670996.003.000) 09/16 19:51:18 Image size of job updated: 771956
	316  -  MemoryUsage of job (MB)
	323248  -  ResidentSetSize of job (KB)
...
006 (15670996.006.000) 09/16 19:51:18 Image size of job updated: 775244
	299  -  MemoryUsage of job (MB)
	306084  -  ResidentSetSize of job (KB)
...
006 (15670996.008.000) 09/16 19:51:18 Image size of job updated: 773748
	309  -  MemoryUsage of job (MB)
	315808  -  ResidentSetSize of job (KB)
...
006 (15670996.007.000) 09/16 19:51:18 Image size of job updated: 777224
	354  -  MemoryUsage of job (MB)
	362128  -  ResidentSetSize of job (KB)
...
006 (15670996.002.000) 09/16 19:51:18 Image size of job updated: 772728
	336  -  MemoryUsage of job (MB)
	343188  -  ResidentSetSize of job (KB)
...
006 (15670996.001.000) 09/16 19:51:18 Image size of job updated: 774064
	303  -  MemoryUsage of job (MB)
	310152  -  ResidentSetSize of job (KB)
...
006 (15670996.009.000) 09/16 19:51:21 Image size of job updated: 773864
	306  -  MemoryUsage of job (MB)
	313200  -  ResidentSetSize of job (KB)
...
006 (15670996.010.000) 09/16 19:51:22 Image size of job updated: 774044
	310  -  MemoryUsage of job (MB)
	317048  -  ResidentSetSize of job (KB)
...
006 (15670996.012.000) 09/16 19:51:22 Image size of job updated: 775416
	308  -  MemoryUsage of job (MB)
	314560  -  ResidentSetSize of job (KB)
...
006 (15670996.014.000) 09/16 19:51:22 Image size of job updated: 767352
	310  -  MemoryUsage of job (MB)
	317372  -  ResidentSetSize of job (KB)
...
006 (15670996.018.000) 09/16 19:51:22 Image size of job updated: 764332
	306  -  MemoryUsage of job (MB)
	313108  -  ResidentSetSize of job (KB)
...
006 (15670996.019.000) 09/16 19:51:22 Image size of job updated: 783656
	308  -  MemoryUsage of job (MB)
	315036  -  ResidentSetSize of job (KB)
...
006 (15670996.011.000) 09/16 19:51:22 Image size of job updated: 775616
	327  -  MemoryUsage of job (MB)
	333992  -  ResidentSetSize of job (KB)
...
006 (15670996.016.000) 09/16 19:51:24 Image size of job updated: 772096
	306  -  MemoryUsage of job (MB)
	312576  -  ResidentSetSize of job (KB)
...
006 (15670996.017.000) 09/16 19:51:24 Image size of job updated: 777932
	315  -  MemoryUsage of job (MB)
	321692  -  ResidentSetSize of job (KB)
...
006 (15670996.015.000) 09/16 19:51:24 Image size of job updated: 769264
	311  -  MemoryUsage of job (MB)
	317492  -  ResidentSetSize of job (KB)
...
006 (15670996.000.000) 09/16 19:56:17 Image size of job updated: 770384
	328  -  MemoryUsage of job (MB)
	335264  -  ResidentSetSize of job (KB)
...
006 (15670996.004.000) 09/16 19:56:18 Image size of job updated: 774780
	321  -  MemoryUsage of job (MB)
	328024  -  ResidentSetSize of job (KB)
...
006 (15670996.003.000) 09/16 19:56:18 Image size of job updated: 771956
	330  -  MemoryUsage of job (MB)
	337472  -  ResidentSetSize of job (KB)
...
006 (15670996.006.000) 09/16 19:56:18 Image size of job updated: 775244
	314  -  MemoryUsage of job (MB)
	320528  -  ResidentSetSize of job (KB)
...
006 (15670996.008.000) 09/16 19:56:18 Image size of job updated: 773748
	323  -  MemoryUsage of job (MB)
	330528  -  ResidentSetSize of job (KB)
...
006 (15670996.007.000) 09/16 19:56:18 Image size of job updated: 777224
	368  -  MemoryUsage of job (MB)
	376824  -  ResidentSetSize of job (KB)
...
006 (15670996.002.000) 09/16 19:56:19 Image size of job updated: 772728
	350  -  MemoryUsage of job (MB)
	357880  -  ResidentSetSize of job (KB)
...
006 (15670996.001.000) 09/16 19:56:19 Image size of job updated: 774064
	318  -  MemoryUsage of job (MB)
	325100  -  ResidentSetSize of job (KB)
...
006 (15670996.009.000) 09/16 19:56:22 Image size of job updated: 773864
	321  -  MemoryUsage of job (MB)
	327916  -  ResidentSetSize of job (KB)
...
006 (15670996.010.000) 09/16 19:56:22 Image size of job updated: 774044
	324  -  MemoryUsage of job (MB)
	331756  -  ResidentSetSize of job (KB)
...
006 (15670996.012.000) 09/16 19:56:22 Image size of job updated: 775416
	322  -  MemoryUsage of job (MB)
	329040  -  ResidentSetSize of job (KB)
...
006 (15670996.014.000) 09/16 19:56:22 Image size of job updated: 767352
	325  -  MemoryUsage of job (MB)
	332076  -  ResidentSetSize of job (KB)
...
006 (15670996.019.000) 09/16 19:56:23 Image size of job updated: 783656
	323  -  MemoryUsage of job (MB)
	329752  -  ResidentSetSize of job (KB)
...
006 (15670996.011.000) 09/16 19:56:23 Image size of job updated: 775616
	341  -  MemoryUsage of job (MB)
	348440  -  ResidentSetSize of job (KB)
...
006 (15670996.018.000) 09/16 19:56:23 Image size of job updated: 764332
	321  -  MemoryUsage of job (MB)
	327832  -  ResidentSetSize of job (KB)
...
006 (15670996.016.000) 09/16 19:56:24 Image size of job updated: 772096
	320  -  MemoryUsage of job (MB)
	327036  -  ResidentSetSize of job (KB)
...
006 (15670996.017.000) 09/16 19:56:24 Image size of job updated: 777932
	329  -  MemoryUsage of job (MB)
	336400  -  ResidentSetSize of job (KB)
...
006 (15670996.015.000) 09/16 19:56:24 Image size of job updated: 769264
	325  -  MemoryUsage of job (MB)
	332196  -  ResidentSetSize of job (KB)
...
006 (15670996.000.000) 09/16 20:01:17 Image size of job updated: 770384
	342  -  MemoryUsage of job (MB)
	349716  -  ResidentSetSize of job (KB)
...
006 (15670996.004.000) 09/16 20:01:18 Image size of job updated: 774780
	335  -  MemoryUsage of job (MB)
	342468  -  ResidentSetSize of job (KB)
...
006 (15670996.003.000) 09/16 20:01:18 Image size of job updated: 771956
	344  -  MemoryUsage of job (MB)
	351920  -  ResidentSetSize of job (KB)
...
006 (15670996.006.000) 09/16 20:01:19 Image size of job updated: 775244
	328  -  MemoryUsage of job (MB)
	335004  -  ResidentSetSize of job (KB)
...
006 (15670996.008.000) 09/16 20:01:19 Image size of job updated: 773748
	338  -  MemoryUsage of job (MB)
	345196  -  ResidentSetSize of job (KB)
...
006 (15670996.007.000) 09/16 20:01:19 Image size of job updated: 1608488
	368  -  MemoryUsage of job (MB)
	376824  -  ResidentSetSize of job (KB)
...
006 (15670996.002.000) 09/16 20:01:19 Image size of job updated: 772728
	364  -  MemoryUsage of job (MB)
	372100  -  ResidentSetSize of job (KB)
...
006 (15670996.001.000) 09/16 20:01:19 Image size of job updated: 774064
	332  -  MemoryUsage of job (MB)
	339816  -  ResidentSetSize of job (KB)
...
040 (15670996.007.000) 09/16 20:01:20 Started transferring output files
...
006 (15670996.009.000) 09/16 20:01:22 Image size of job updated: 773864
	335  -  MemoryUsage of job (MB)
	342388  -  ResidentSetSize of job (KB)
...
006 (15670996.010.000) 09/16 20:01:23 Image size of job updated: 774044
	339  -  MemoryUsage of job (MB)
	346212  -  ResidentSetSize of job (KB)
...
006 (15670996.012.000) 09/16 20:01:23 Image size of job updated: 775416
	336  -  MemoryUsage of job (MB)
	343480  -  ResidentSetSize of job (KB)
...
006 (15670996.014.000) 09/16 20:01:23 Image size of job updated: 767352
	339  -  MemoryUsage of job (MB)
	346536  -  ResidentSetSize of job (KB)
...
006 (15670996.011.000) 09/16 20:01:23 Image size of job updated: 775616
	355  -  MemoryUsage of job (MB)
	362932  -  ResidentSetSize of job (KB)
...
006 (15670996.019.000) 09/16 20:01:23 Image size of job updated: 783656
	337  -  MemoryUsage of job (MB)
	344204  -  ResidentSetSize of job (KB)
...
006 (15670996.018.000) 09/16 20:01:24 Image size of job updated: 764332
	335  -  MemoryUsage of job (MB)
	342292  -  ResidentSetSize of job (KB)
...
040 (15670996.007.000) 09/16 20:01:24 Finished transferring output files
...
005 (15670996.007.000) 09/16 20:01:24 Job terminated.
	(1) Normal termination (return value 0)
		Usr 0 00:03:42, Sys 0 00:00:07  -  Run Remote Usage
		Usr 0 00:00:00, Sys 0 00:00:00  -  Run Local Usage
		Usr 0 00:03:42, Sys 0 00:00:07  -  Total Remote Usage
		Usr 0 00:00:00, Sys 0 00:00:00  -  Total Local Usage
	57347  -  Run Bytes Sent By Job
	1153  -  Run Bytes Received By Job
	57347  -  Total Bytes Sent By Job
	1153  -  Total Bytes Received By Job
	Partitionable Resources :     Usage  Request Allocated 
	   Cpus                 :      0.99        1         1 
	   Disk (KB)            : 970181           2      3914 
	   GPUs                 :                            0 
	   Memory (MB)          :    368        3000      3000 

	Job terminated of its own accord at 2025-09-16T18:01:19Z with exit-code 0.
...
006 (15670996.016.000) 09/16 20:01:24 Image size of job updated: 772096
	334  -  MemoryUsage of job (MB)
	341488  -  ResidentSetSize of job (KB)
...
006 (15670996.017.000) 09/16 20:01:24 Image size of job updated: 777932
	343  -  MemoryUsage of job (MB)
	350728  -  ResidentSetSize of job (KB)
...
006 (15670996.015.000) 09/16 20:01:24 Image size of job updated: 769264
	339  -  MemoryUsage of job (MB)
	346656  -  ResidentSetSize of job (KB)
...
006 (15670996.000.000) 09/16 20:06:18 Image size of job updated: 770384
	356  -  MemoryUsage of job (MB)
	364176  -  ResidentSetSize of job (KB)
...
006 (15670996.004.000) 09/16 20:06:19 Image size of job updated: 774780
	349  -  MemoryUsage of job (MB)
	357192  -  ResidentSetSize of job (KB)
...
006 (15670996.003.000) 09/16 20:06:19 Image size of job updated: 771956
	358  -  MemoryUsage of job (MB)
	366136  -  ResidentSetSize of job (KB)
...
006 (15670996.006.000) 09/16 20:06:19 Image size of job updated: 775244
	342  -  MemoryUsage of job (MB)
	349196  -  ResidentSetSize of job (KB)
...
006 (15670996.008.000) 09/16 20:06:19 Image size of job updated: 773748
	352  -  MemoryUsage of job (MB)
	359664  -  ResidentSetSize of job (KB)
...
006 (15670996.002.000) 09/16 20:06:19 Image size of job updated: 1110104
	1085  -  MemoryUsage of job (MB)
	1110104  -  ResidentSetSize of job (KB)
...
006 (15670996.001.000) 09/16 20:06:20 Image size of job updated: 774064
	347  -  MemoryUsage of job (MB)
	354752  -  ResidentSetSize of job (KB)
...
006 (15670996.009.000) 09/16 20:06:22 Image size of job updated: 773864
	349  -  MemoryUsage of job (MB)
	356596  -  ResidentSetSize of job (KB)
...
006 (15670996.010.000) 09/16 20:06:23 Image size of job updated: 774044
	352  -  MemoryUsage of job (MB)
	360436  -  ResidentSetSize of job (KB)
...
006 (15670996.012.000) 09/16 20:06:23 Image size of job updated: 775416
	350  -  MemoryUsage of job (MB)
	357708  -  ResidentSetSize of job (KB)
...
006 (15670996.014.000) 09/16 20:06:23 Image size of job updated: 767352
	353  -  MemoryUsage of job (MB)
	360740  -  ResidentSetSize of job (KB)
...
006 (15670996.011.000) 09/16 20:06:23 Image size of job updated: 775616
	369  -  MemoryUsage of job (MB)
	377124  -  ResidentSetSize of job (KB)
...
006 (15670996.019.000) 09/16 20:06:23 Image size of job updated: 783656
	351  -  MemoryUsage of job (MB)
	358424  -  ResidentSetSize of job (KB)
...
006 (15670996.018.000) 09/16 20:06:24 Image size of job updated: 764332
	349  -  MemoryUsage of job (MB)
	356772  -  ResidentSetSize of job (KB)
...
006 (15670996.016.000) 09/16 20:06:25 Image size of job updated: 772096
	348  -  MemoryUsage of job (MB)
	355692  -  ResidentSetSize of job (KB)
...
006 (15670996.017.000) 09/16 20:06:25 Image size of job updated: 777932
	357  -  MemoryUsage of job (MB)
	364932  -  ResidentSetSize of job (KB)
...
006 (15670996.015.000) 09/16 20:06:25 Image size of job updated: 769264
	353  -  MemoryUsage of job (MB)
	360868  -  ResidentSetSize of job (KB)
...
006 (15670996.002.000) 09/16 20:08:27 Image size of job updated: 1633096
	1085  -  MemoryUsage of job (MB)
	1110148  -  ResidentSetSize of job (KB)
...
040 (15670996.002.000) 09/16 20:08:27 Started transferring output files
...
040 (15670996.002.000) 09/16 20:08:30 Finished transferring output files
...
005 (15670996.002.000) 09/16 20:08:30 Job terminated.
	(1) Normal termination (return value 0)
		Usr 0 00:04:16, Sys 0 00:00:09  -  Run Remote Usage
		Usr 0 00:00:00, Sys 0 00:00:00  -  Run Local Usage
		Usr 0 00:04:16, Sys 0 00:00:09  -  Total Remote Usage
		Usr 0 00:00:00, Sys 0 00:00:00  -  Total Local Usage
	57345  -  Run Bytes Sent By Job
	1153  -  Run Bytes Received By Job
	57345  -  Total Bytes Sent By Job
	1153  -  Total Bytes Received By Job
	Partitionable Resources :     Usage  Request Allocated 
	   Cpus                 :      0.00        1         1 
	   Disk (KB)            : 993572           2      3806 
	   GPUs                 :                            0 
	   Memory (MB)          :   1085        3000      3000 

	Job terminated of its own accord at 2025-09-16T18:08:27Z with exit-code 0.
...
006 (15670996.000.000) 09/16 20:11:19 Image size of job updated: 770384
	370  -  MemoryUsage of job (MB)
	378876  -  ResidentSetSize of job (KB)
...
006 (15670996.004.000) 09/16 20:11:19 Image size of job updated: 774780
	364  -  MemoryUsage of job (MB)
	372372  -  ResidentSetSize of job (KB)
...
006 (15670996.003.000) 09/16 20:11:19 Image size of job updated: 771956
	372  -  MemoryUsage of job (MB)
	380836  -  ResidentSetSize of job (KB)
...
006 (15670996.006.000) 09/16 20:11:19 Image size of job updated: 775244
	356  -  MemoryUsage of job (MB)
	364164  -  ResidentSetSize of job (KB)
...
006 (15670996.008.000) 09/16 20:11:19 Image size of job updated: 773748
	366  -  MemoryUsage of job (MB)
	374588  -  ResidentSetSize of job (KB)
...
006 (15670996.001.000) 09/16 20:11:21 Image size of job updated: 774064
	362  -  MemoryUsage of job (MB)
	369972  -  ResidentSetSize of job (KB)
...
006 (15670996.009.000) 09/16 20:11:23 Image size of job updated: 773864
	363  -  MemoryUsage of job (MB)
	371568  -  ResidentSetSize of job (KB)
...
006 (15670996.012.000) 09/16 20:11:23 Image size of job updated: 775416
	364  -  MemoryUsage of job (MB)
	372640  -  ResidentSetSize of job (KB)
...
006 (15670996.010.000) 09/16 20:11:23 Image size of job updated: 774044
	367  -  MemoryUsage of job (MB)
	375132  -  ResidentSetSize of job (KB)
...
006 (15670996.014.000) 09/16 20:11:23 Image size of job updated: 767352
	367  -  MemoryUsage of job (MB)
	375444  -  ResidentSetSize of job (KB)
...
006 (15670996.019.000) 09/16 20:11:24 Image size of job updated: 783656
	365  -  MemoryUsage of job (MB)
	373120  -  ResidentSetSize of job (KB)
...
006 (15670996.011.000) 09/16 20:11:24 Image size of job updated: 1633832
	369  -  MemoryUsage of job (MB)
	377124  -  ResidentSetSize of job (KB)
...
006 (15670996.018.000) 09/16 20:11:25 Image size of job updated: 764332
	364  -  MemoryUsage of job (MB)
	371732  -  ResidentSetSize of job (KB)
...
006 (15670996.016.000) 09/16 20:11:26 Image size of job updated: 772096
	362  -  MemoryUsage of job (MB)
	370648  -  ResidentSetSize of job (KB)
...
006 (15670996.017.000) 09/16 20:11:26 Image size of job updated: 777932
	371  -  MemoryUsage of job (MB)
	379640  -  ResidentSetSize of job (KB)
...
006 (15670996.015.000) 09/16 20:11:26 Image size of job updated: 769264
	367  -  MemoryUsage of job (MB)
	375576  -  ResidentSetSize of job (KB)
...
040 (15670996.011.000) 09/16 20:12:44 Started transferring output files
...
040 (15670996.011.000) 09/16 20:13:20 Finished transferring output files
...
005 (15670996.011.000) 09/16 20:13:20 Job terminated.
	(1) Normal termination (return value 0)
		Usr 0 00:04:42, Sys 0 00:00:09  -  Run Remote Usage
		Usr 0 00:00:00, Sys 0 00:00:00  -  Run Local Usage
		Usr 0 00:04:42, Sys 0 00:00:09  -  Total Remote Usage
		Usr 0 00:00:00, Sys 0 00:00:00  -  Total Local Usage
	57346  -  Run Bytes Sent By Job
	1153  -  Run Bytes Received By Job
	57346  -  Total Bytes Sent By Job
	1153  -  Total Bytes Received By Job
	Partitionable Resources :      Usage  Request Allocated 
	   Cpus                 :       0.99        1         1 
	   Disk (KB)            : 1080816           2      3909 
	   GPUs                 :                             0 
	   Memory (MB)          :     369        3000      3000 

	Job terminated of its own accord at 2025-09-16T18:11:58Z with exit-code 0.
...
006 (15670996.003.000) 09/16 20:15:57 Image size of job updated: 1635160
	372  -  MemoryUsage of job (MB)
	380836  -  ResidentSetSize of job (KB)
...
040 (15670996.003.000) 09/16 20:15:57 Started transferring output files
...
040 (15670996.003.000) 09/16 20:16:00 Finished transferring output files
...
005 (15670996.003.000) 09/16 20:16:00 Job terminated.
	(1) Normal termination (return value 0)
		Usr 0 00:05:07, Sys 0 00:00:11  -  Run Remote Usage
		Usr 0 00:00:00, Sys 0 00:00:00  -  Run Local Usage
		Usr 0 00:05:07, Sys 0 00:00:11  -  Total Remote Usage
		Usr 0 00:00:00, Sys 0 00:00:00  -  Total Local Usage
	57342  -  Run Bytes Sent By Job
	1153  -  Run Bytes Received By Job
	57342  -  Total Bytes Sent By Job
	1153  -  Total Bytes Received By Job
	Partitionable Resources :     Usage  Request Allocated 
	   Cpus                 :      0.00        1         1 
	   Disk (KB)            : 989514           2      3901 
	   GPUs                 :                            0 
	   Memory (MB)          :    372        3000      3000 

	Job terminated of its own accord at 2025-09-16T18:15:57Z with exit-code 0.
...
006 (15670996.005.000) 09/16 20:16:15 Image size of job updated: 1400416
	1368  -  MemoryUsage of job (MB)
	1400416  -  ResidentSetSize of job (KB)
...
006 (15670996.013.000) 09/16 20:16:19 Image size of job updated: 1478856
	1445  -  MemoryUsage of job (MB)
	1478856  -  ResidentSetSize of job (KB)
...
006 (15670996.000.000) 09/16 20:16:19 Image size of job updated: 1583660
	370  -  MemoryUsage of job (MB)
	378876  -  ResidentSetSize of job (KB)
...
006 (15670996.004.000) 09/16 20:16:19 Image size of job updated: 1023952
	1000  -  MemoryUsage of job (MB)
	1023952  -  ResidentSetSize of job (KB)
...
006 (15670996.014.000) 09/16 20:16:19 Image size of job updated: 1587952
	367  -  MemoryUsage of job (MB)
	375444  -  ResidentSetSize of job (KB)
...
040 (15670996.014.000) 09/16 20:16:19 Started transferring output files
...
006 (15670996.008.000) 09/16 20:16:20 Image size of job updated: 1045392
	1021  -  MemoryUsage of job (MB)
	1045392  -  ResidentSetSize of job (KB)
...
006 (15670996.006.000) 09/16 20:16:20 Image size of job updated: 775244
	373  -  MemoryUsage of job (MB)
	381348  -  ResidentSetSize of job (KB)
...
040 (15670996.014.000) 09/16 20:16:21 Finished transferring output files
...
005 (15670996.014.000) 09/16 20:16:21 Job terminated.
	(1) Normal termination (return value 0)
		Usr 0 00:04:44, Sys 0 00:00:09  -  Run Remote Usage
		Usr 0 00:00:00, Sys 0 00:00:00  -  Run Local Usage
		Usr 0 00:04:44, Sys 0 00:00:09  -  Total Remote Usage
		Usr 0 00:00:00, Sys 0 00:00:00  -  Total Local Usage
	57342  -  Run Bytes Sent By Job
	1153  -  Run Bytes Received By Job
	57342  -  Total Bytes Sent By Job
	1153  -  Total Bytes Received By Job
	Partitionable Resources :     Usage  Request Allocated 
	   Cpus                 :      0.99        1         1 
	   Disk (KB)            : 989783           2      3895 
	   GPUs                 :                            0 
	   Memory (MB)          :    367        3000      3000 

	Job terminated of its own accord at 2025-09-16T18:16:19Z with exit-code 0.
...
006 (15670996.001.000) 09/16 20:16:21 Image size of job updated: 1011964
	989  -  MemoryUsage of job (MB)
	1011964  -  ResidentSetSize of job (KB)
...
006 (15670996.009.000) 09/16 20:16:23 Image size of job updated: 1033560
	1010  -  MemoryUsage of job (MB)
	1033560  -  ResidentSetSize of job (KB)
...
006 (15670996.012.000) 09/16 20:16:24 Image size of job updated: 1027928
	1004  -  MemoryUsage of job (MB)
	1027928  -  ResidentSetSize of job (KB)
...
006 (15670996.010.000) 09/16 20:16:24 Image size of job updated: 1606932
	1570  -  MemoryUsage of job (MB)
	1606932  -  ResidentSetSize of job (KB)
...
006 (15670996.019.000) 09/16 20:16:24 Image size of job updated: 1394340
	1362  -  MemoryUsage of job (MB)
	1394340  -  ResidentSetSize of job (KB)
...
006 (15670996.018.000) 09/16 20:16:26 Image size of job updated: 1379148
	1347  -  MemoryUsage of job (MB)
	1379148  -  ResidentSetSize of job (KB)
...
006 (15670996.017.000) 09/16 20:16:26 Image size of job updated: 1614776
	371  -  MemoryUsage of job (MB)
	379640  -  ResidentSetSize of job (KB)
...
040 (15670996.017.000) 09/16 20:16:26 Started transferring output files
...
006 (15670996.016.000) 09/16 20:16:26 Image size of job updated: 887964
	868  -  MemoryUsage of job (MB)
	887964  -  ResidentSetSize of job (KB)
...
006 (15670996.015.000) 09/16 20:16:26 Image size of job updated: 1644560
	367  -  MemoryUsage of job (MB)
	375576  -  ResidentSetSize of job (KB)
...
040 (15670996.017.000) 09/16 20:16:27 Finished transferring output files
...
005 (15670996.017.000) 09/16 20:16:27 Job terminated.
	(1) Normal termination (return value 0)
		Usr 0 00:05:05, Sys 0 00:00:09  -  Run Remote Usage
		Usr 0 00:00:00, Sys 0 00:00:00  -  Run Local Usage
		Usr 0 00:05:05, Sys 0 00:00:09  -  Total Remote Usage
		Usr 0 00:00:00, Sys 0 00:00:00  -  Total Local Usage
	57357  -  Run Bytes Sent By Job
	1153  -  Run Bytes Received By Job
	57357  -  Total Bytes Sent By Job
	1153  -  Total Bytes Received By Job
	Partitionable Resources :      Usage  Request Allocated 
	   Cpus                 :       0.99        1         1 
	   Disk (KB)            : 1182779           2      3791 
	   GPUs                 :                             0 
	   Memory (MB)          :     371        3000      3000 

	Job terminated of its own accord at 2025-09-16T18:16:26Z with exit-code 0.
...
040 (15670996.000.000) 09/16 20:16:54 Started transferring output files
...
040 (15670996.000.000) 09/16 20:16:54 Finished transferring output files
...
005 (15670996.000.000) 09/16 20:16:54 Job terminated.
	(1) Normal termination (return value 0)
		Usr 0 00:05:25, Sys 0 00:00:10  -  Run Remote Usage
		Usr 0 00:00:00, Sys 0 00:00:00  -  Run Local Usage
		Usr 0 00:05:25, Sys 0 00:00:10  -  Total Remote Usage
		Usr 0 00:00:00, Sys 0 00:00:00  -  Total Local Usage
	57347  -  Run Bytes Sent By Job
	1153  -  Run Bytes Received By Job
	57347  -  Total Bytes Sent By Job
	1153  -  Total Bytes Received By Job
	Partitionable Resources :      Usage  Request Allocated 
	   Cpus                 :       0.00        1         1 
	   Disk (KB)            : 1191672           2      3857 
	   GPUs                 :                             0 
	   Memory (MB)          :     370        3000      3000 

	Job terminated of its own accord at 2025-09-16T18:16:54Z with exit-code 0.
...
040 (15670996.015.000) 09/16 20:17:02 Started transferring output files
...
040 (15670996.015.000) 09/16 20:17:02 Finished transferring output files
...
005 (15670996.015.000) 09/16 20:17:03 Job terminated.
	(1) Normal termination (return value 0)
		Usr 0 00:05:15, Sys 0 00:00:10  -  Run Remote Usage
		Usr 0 00:00:00, Sys 0 00:00:00  -  Run Local Usage
		Usr 0 00:05:15, Sys 0 00:00:10  -  Total Remote Usage
		Usr 0 00:00:00, Sys 0 00:00:00  -  Total Local Usage
	57350  -  Run Bytes Sent By Job
	1153  -  Run Bytes Received By Job
	57350  -  Total Bytes Sent By Job
	1153  -  Total Bytes Received By Job
	Partitionable Resources :      Usage  Request Allocated 
	   Cpus                 :       0.00        1         1 
	   Disk (KB)            : 1112244           2      3833 
	   GPUs                 :                             0 
	   Memory (MB)          :     367        3000      3000 

	Job terminated of its own accord at 2025-09-16T18:17:02Z with exit-code 0.
...
006 (15670996.010.000) 09/16 20:17:55 Image size of job updated: 1611344
	1570  -  MemoryUsage of job (MB)
	1606932  -  ResidentSetSize of job (KB)
...
040 (15670996.010.000) 09/16 20:17:55 Started transferring output files
...
040 (15670996.010.000) 09/16 20:17:55 Finished transferring output files
...
005 (15670996.010.000) 09/16 20:17:55 Job terminated.
	(1) Normal termination (return value 0)
		Usr 0 00:05:35, Sys 0 00:00:11  -  Run Remote Usage
		Usr 0 00:00:00, Sys 0 00:00:00  -  Run Local Usage
		Usr 0 00:05:35, Sys 0 00:00:11  -  Total Remote Usage
		Usr 0 00:00:00, Sys 0 00:00:00  -  Total Local Usage
	57350  -  Run Bytes Sent By Job
	1153  -  Run Bytes Received By Job
	57350  -  Total Bytes Sent By Job
	1153  -  Total Bytes Received By Job
	Partitionable Resources :      Usage  Request Allocated 
	   Cpus                 :       0.99        1         1 
	   Disk (KB)            : 1070442           2      3897 
	   GPUs                 :                             0 
	   Memory (MB)          :    1570        3000      3000 

	Job terminated of its own accord at 2025-09-16T18:17:55Z with exit-code 0.
...
040 (15670996.013.000) 09/16 20:18:25 Started transferring output files
...
006 (15670996.018.000) 09/16 20:18:25 Image size of job updated: 1616316
	1347  -  MemoryUsage of job (MB)
	1379148  -  ResidentSetSize of job (KB)
...
040 (15670996.018.000) 09/16 20:18:25 Started transferring output files
...
040 (15670996.013.000) 09/16 20:18:25 Finished transferring output files
...
040 (15670996.018.000) 09/16 20:18:25 Finished transferring output files
...
005 (15670996.013.000) 09/16 20:18:25 Job terminated.
	(1) Normal termination (return value 0)
		Usr 0 00:06:02, Sys 0 00:00:11  -  Run Remote Usage
		Usr 0 00:00:00, Sys 0 00:00:00  -  Run Local Usage
		Usr 0 00:06:02, Sys 0 00:00:11  -  Total Remote Usage
		Usr 0 00:00:00, Sys 0 00:00:00  -  Total Local Usage
	57351  -  Run Bytes Sent By Job
	1153  -  Run Bytes Received By Job
	57351  -  Total Bytes Sent By Job
	1153  -  Total Bytes Received By Job
	Partitionable Resources :      Usage  Request Allocated 
	   Cpus                 :       0.00        1         1 
	   Disk (KB)            : 1114398           2      3797 
	   GPUs                 :                             0 
	   Memory (MB)          :    1445        3000      3000 

	Job terminated of its own accord at 2025-09-16T18:18:25Z with exit-code 0.
...
005 (15670996.018.000) 09/16 20:18:25 Job terminated.
	(1) Normal termination (return value 0)
		Usr 0 00:05:38, Sys 0 00:00:12  -  Run Remote Usage
		Usr 0 00:00:00, Sys 0 00:00:00  -  Run Local Usage
		Usr 0 00:05:38, Sys 0 00:00:12  -  Total Remote Usage
		Usr 0 00:00:00, Sys 0 00:00:00  -  Total Local Usage
	57343  -  Run Bytes Sent By Job
	1153  -  Run Bytes Received By Job
	57343  -  Total Bytes Sent By Job
	1153  -  Total Bytes Received By Job
	Partitionable Resources :      Usage  Request Allocated 
	   Cpus                 :       0.00        1         1 
	   Disk (KB)            : 1079902           2      3802 
	   GPUs                 :                             0 
	   Memory (MB)          :    1347        3000      3000 

	Job terminated of its own accord at 2025-09-16T18:18:25Z with exit-code 0.
...
006 (15670996.005.000) 09/16 20:18:49 Image size of job updated: 1400416
	1368  -  MemoryUsage of job (MB)
	1400672  -  ResidentSetSize of job (KB)
...
040 (15670996.005.000) 09/16 20:18:49 Started transferring output files
...
040 (15670996.005.000) 09/16 20:18:50 Finished transferring output files
...
005 (15670996.005.000) 09/16 20:18:50 Job terminated.
	(1) Normal termination (return value 0)
		Usr 0 00:06:05, Sys 0 00:00:11  -  Run Remote Usage
		Usr 0 00:00:00, Sys 0 00:00:00  -  Run Local Usage
		Usr 0 00:06:05, Sys 0 00:00:11  -  Total Remote Usage
		Usr 0 00:00:00, Sys 0 00:00:00  -  Total Local Usage
	57345  -  Run Bytes Sent By Job
	1153  -  Run Bytes Received By Job
	57345  -  Total Bytes Sent By Job
	1153  -  Total Bytes Received By Job
	Partitionable Resources :      Usage  Request Allocated 
	   Cpus                 :       0.99        1         1 
	   Disk (KB)            : 1077992           2      3810 
	   GPUs                 :                             0 
	   Memory (MB)          :    1368        3000      3000 

	Job terminated of its own accord at 2025-09-16T18:18:49Z with exit-code 0.
...
006 (15670996.019.000) 09/16 20:18:50 Image size of job updated: 1644364
	1362  -  MemoryUsage of job (MB)
	1394340  -  ResidentSetSize of job (KB)
...
040 (15670996.019.000) 09/16 20:18:50 Started transferring output files
...
040 (15670996.019.000) 09/16 20:18:50 Finished transferring output files
...
005 (15670996.019.000) 09/16 20:18:50 Job terminated.
	(1) Normal termination (return value 0)
		Usr 0 00:06:02, Sys 0 00:00:11  -  Run Remote Usage
		Usr 0 00:00:00, Sys 0 00:00:00  -  Run Local Usage
		Usr 0 00:06:02, Sys 0 00:00:11  -  Total Remote Usage
		Usr 0 00:00:00, Sys 0 00:00:00  -  Total Local Usage
	57348  -  Run Bytes Sent By Job
	1153  -  Run Bytes Received By Job
	57348  -  Total Bytes Sent By Job
	1153  -  Total Bytes Received By Job
	Partitionable Resources :      Usage  Request Allocated 
	   Cpus                 :       0.31        1         1 
	   Disk (KB)            : 1162881           2      3858 
	   GPUs                 :                             0 
	   Memory (MB)          :    1362        3000      3000 

	Job terminated of its own accord at 2025-09-16T18:18:50Z with exit-code 0.
...
006 (15670996.012.000) 09/16 20:19:08 Image size of job updated: 1625628
	1004  -  MemoryUsage of job (MB)
	1027928  -  ResidentSetSize of job (KB)
...
040 (15670996.012.000) 09/16 20:19:08 Started transferring output files
...
040 (15670996.012.000) 09/16 20:19:08 Finished transferring output files
...
005 (15670996.012.000) 09/16 20:19:08 Job terminated.
	(1) Normal termination (return value 0)
		Usr 0 00:06:04, Sys 0 00:00:11  -  Run Remote Usage
		Usr 0 00:00:00, Sys 0 00:00:00  -  Run Local Usage
		Usr 0 00:06:04, Sys 0 00:00:11  -  Total Remote Usage
		Usr 0 00:00:00, Sys 0 00:00:00  -  Total Local Usage
	57350  -  Run Bytes Sent By Job
	1153  -  Run Bytes Received By Job
	57350  -  Total Bytes Sent By Job
	1153  -  Total Bytes Received By Job
	Partitionable Resources :      Usage  Request Allocated 
	   Cpus                 :       0.00        1         1 
	   Disk (KB)            : 1146425           2      3750 
	   GPUs                 :                             0 
	   Memory (MB)          :    1004        3000      3000 

	Job terminated of its own accord at 2025-09-16T18:19:08Z with exit-code 0.
...
006 (15670996.009.000) 09/16 20:19:10 Image size of job updated: 1623600
	1010  -  MemoryUsage of job (MB)
	1033560  -  ResidentSetSize of job (KB)
...
040 (15670996.009.000) 09/16 20:19:10 Started transferring output files
...
040 (15670996.009.000) 09/16 20:19:10 Finished transferring output files
...
005 (15670996.009.000) 09/16 20:19:10 Job terminated.
	(1) Normal termination (return value 0)
		Usr 0 00:06:06, Sys 0 00:00:10  -  Run Remote Usage
		Usr 0 00:00:00, Sys 0 00:00:00  -  Run Local Usage
		Usr 0 00:06:06, Sys 0 00:00:10  -  Total Remote Usage
		Usr 0 00:00:00, Sys 0 00:00:00  -  Total Local Usage
	57350  -  Run Bytes Sent By Job
	1153  -  Run Bytes Received By Job
	57350  -  Total Bytes Sent By Job
	1153  -  Total Bytes Received By Job
	Partitionable Resources :      Usage  Request Allocated 
	   Cpus                 :       0.00        1         1 
	   Disk (KB)            : 1292287           2      3770 
	   GPUs                 :                             0 
	   Memory (MB)          :    1010        3000      3000 

	Job terminated of its own accord at 2025-09-16T18:19:10Z with exit-code 0.
...
006 (15670996.001.000) 09/16 20:19:30 Image size of job updated: 1590556
	989  -  MemoryUsage of job (MB)
	1011964  -  ResidentSetSize of job (KB)
...
040 (15670996.001.000) 09/16 20:19:30 Started transferring output files
...
040 (15670996.001.000) 09/16 20:19:30 Finished transferring output files
...
005 (15670996.001.000) 09/16 20:19:30 Job terminated.
	(1) Normal termination (return value 0)
		Usr 0 00:06:03, Sys 0 00:00:11  -  Run Remote Usage
		Usr 0 00:00:00, Sys 0 00:00:00  -  Run Local Usage
		Usr 0 00:06:03, Sys 0 00:00:11  -  Total Remote Usage
		Usr 0 00:00:00, Sys 0 00:00:00  -  Total Local Usage
	57348  -  Run Bytes Sent By Job
	1153  -  Run Bytes Received By Job
	57348  -  Total Bytes Sent By Job
	1153  -  Total Bytes Received By Job
	Partitionable Resources :      Usage  Request Allocated 
	   Cpus                 :       0.00        1         1 
	   Disk (KB)            : 1032848           2      3819 
	   GPUs                 :                             0 
	   Memory (MB)          :     989        3000      3000 

	Job terminated of its own accord at 2025-09-16T18:19:30Z with exit-code 0.
...
006 (15670996.008.000) 09/16 20:19:32 Image size of job updated: 1584616
	1021  -  MemoryUsage of job (MB)
	1045456  -  ResidentSetSize of job (KB)
...
040 (15670996.008.000) 09/16 20:19:32 Started transferring output files
...
040 (15670996.008.000) 09/16 20:19:32 Finished transferring output files
...
005 (15670996.008.000) 09/16 20:19:32 Job terminated.
	(1) Normal termination (return value 0)
		Usr 0 00:06:37, Sys 0 00:00:11  -  Run Remote Usage
		Usr 0 00:00:00, Sys 0 00:00:00  -  Run Local Usage
		Usr 0 00:06:37, Sys 0 00:00:11  -  Total Remote Usage
		Usr 0 00:00:00, Sys 0 00:00:00  -  Total Local Usage
	57355  -  Run Bytes Sent By Job
	1153  -  Run Bytes Received By Job
	57355  -  Total Bytes Sent By Job
	1153  -  Total Bytes Received By Job
	Partitionable Resources :      Usage  Request Allocated 
	   Cpus                 :       0.98        1         1 
	   Disk (KB)            : 1189861           2      3837 
	   GPUs                 :                             0 
	   Memory (MB)          :    1021        3000      3000 

	Job terminated of its own accord at 2025-09-16T18:19:32Z with exit-code 0.
...
006 (15670996.016.000) 09/16 20:19:41 Image size of job updated: 1625360
	868  -  MemoryUsage of job (MB)
	887964  -  ResidentSetSize of job (KB)
...
040 (15670996.016.000) 09/16 20:19:41 Started transferring output files
...
040 (15670996.016.000) 09/16 20:19:41 Finished transferring output files
...
005 (15670996.016.000) 09/16 20:19:41 Job terminated.
	(1) Normal termination (return value 0)
		Usr 0 00:06:18, Sys 0 00:00:10  -  Run Remote Usage
		Usr 0 00:00:00, Sys 0 00:00:00  -  Run Local Usage
		Usr 0 00:06:18, Sys 0 00:00:10  -  Total Remote Usage
		Usr 0 00:00:00, Sys 0 00:00:00  -  Total Local Usage
	57348  -  Run Bytes Sent By Job
	1153  -  Run Bytes Received By Job
	57348  -  Total Bytes Sent By Job
	1153  -  Total Bytes Received By Job
	Partitionable Resources :      Usage  Request Allocated 
	   Cpus                 :       0.00        1         1 
	   Disk (KB)            : 1372350           2      3814 
	   GPUs                 :                             0 
	   Memory (MB)          :     868        3000      3000 

	Job terminated of its own accord at 2025-09-16T18:19:41Z with exit-code 0.
...
006 (15670996.004.000) 09/16 20:19:57 Image size of job updated: 1614128
	1000  -  MemoryUsage of job (MB)
	1023952  -  ResidentSetSize of job (KB)
...
040 (15670996.004.000) 09/16 20:19:57 Started transferring output files
...
040 (15670996.004.000) 09/16 20:19:57 Finished transferring output files
...
005 (15670996.004.000) 09/16 20:19:57 Job terminated.
	(1) Normal termination (return value 0)
		Usr 0 00:06:44, Sys 0 00:00:14  -  Run Remote Usage
		Usr 0 00:00:00, Sys 0 00:00:00  -  Run Local Usage
		Usr 0 00:06:44, Sys 0 00:00:14  -  Total Remote Usage
		Usr 0 00:00:00, Sys 0 00:00:00  -  Total Local Usage
	57349  -  Run Bytes Sent By Job
	1153  -  Run Bytes Received By Job
	57349  -  Total Bytes Sent By Job
	1153  -  Total Bytes Received By Job
	Partitionable Resources :      Usage  Request Allocated 
	   Cpus                 :       0.00        1         1 
	   Disk (KB)            : 1119063           2      3828 
	   GPUs                 :                             0 
	   Memory (MB)          :    1000        3000      3000 

	Job terminated of its own accord at 2025-09-16T18:19:57Z with exit-code 0.
...
006 (15670996.006.000) 09/16 20:20:26 Image size of job updated: 1581912
	373  -  MemoryUsage of job (MB)
	381348  -  ResidentSetSize of job (KB)
...
040 (15670996.006.000) 09/16 20:20:26 Started transferring output files
...
040 (15670996.006.000) 09/16 20:20:27 Finished transferring output files
...
005 (15670996.006.000) 09/16 20:20:27 Job terminated.
	(1) Normal termination (return value 0)
		Usr 0 00:05:16, Sys 0 00:00:11  -  Run Remote Usage
		Usr 0 00:00:00, Sys 0 00:00:00  -  Run Local Usage
		Usr 0 00:05:16, Sys 0 00:00:11  -  Total Remote Usage
		Usr 0 00:00:00, Sys 0 00:00:00  -  Total Local Usage
	57342  -  Run Bytes Sent By Job
	1153  -  Run Bytes Received By Job
	57342  -  Total Bytes Sent By Job
	1153  -  Total Bytes Received By Job
	Partitionable Resources :      Usage  Request Allocated 
	   Cpus                 :       0.00        1         1 
	   Disk (KB)            : 1006804           2      3822 
	   GPUs                 :                             0 
	   Memory (MB)          :     373        3000      3000 

	Job terminated of its own accord at 2025-09-16T18:20:26Z with exit-code 0.
...
