000 (15637938.000.000) 09/01 16:42:10 Job submitted from host: <137.138.44.75:9618?addrs=137.138.44.75-9618+[2001-1458-d00-1a--b]-9618&alias=bigbird14.cern.ch&noUDP&sock=schedd_2076396_86fa>
...
000 (15637938.001.000) 09/01 16:42:10 Job submitted from host: <137.138.44.75:9618?addrs=137.138.44.75-9618+[2001-1458-d00-1a--b]-9618&alias=bigbird14.cern.ch&noUDP&sock=schedd_2076396_86fa>
...
000 (15637938.002.000) 09/01 16:42:10 Job submitted from host: <137.138.44.75:9618?addrs=137.138.44.75-9618+[2001-1458-d00-1a--b]-9618&alias=bigbird14.cern.ch&noUDP&sock=schedd_2076396_86fa>
...
000 (15637938.003.000) 09/01 16:42:10 Job submitted from host: <137.138.44.75:9618?addrs=137.138.44.75-9618+[2001-1458-d00-1a--b]-9618&alias=bigbird14.cern.ch&noUDP&sock=schedd_2076396_86fa>
...
000 (15637938.004.000) 09/01 16:42:10 Job submitted from host: <137.138.44.75:9618?addrs=137.138.44.75-9618+[2001-1458-d00-1a--b]-9618&alias=bigbird14.cern.ch&noUDP&sock=schedd_2076396_86fa>
...
000 (15637938.005.000) 09/01 16:42:10 Job submitted from host: <137.138.44.75:9618?addrs=137.138.44.75-9618+[2001-1458-d00-1a--b]-9618&alias=bigbird14.cern.ch&noUDP&sock=schedd_2076396_86fa>
...
000 (15637938.006.000) 09/01 16:42:10 Job submitted from host: <137.138.44.75:9618?addrs=137.138.44.75-9618+[2001-1458-d00-1a--b]-9618&alias=bigbird14.cern.ch&noUDP&sock=schedd_2076396_86fa>
...
000 (15637938.007.000) 09/01 16:42:10 Job submitted from host: <137.138.44.75:9618?addrs=137.138.44.75-9618+[2001-1458-d00-1a--b]-9618&alias=bigbird14.cern.ch&noUDP&sock=schedd_2076396_86fa>
...
000 (15637938.008.000) 09/01 16:42:10 Job submitted from host: <137.138.44.75:9618?addrs=137.138.44.75-9618+[2001-1458-d00-1a--b]-9618&alias=bigbird14.cern.ch&noUDP&sock=schedd_2076396_86fa>
...
000 (15637938.009.000) 09/01 16:42:10 Job submitted from host: <137.138.44.75:9618?addrs=137.138.44.75-9618+[2001-1458-d00-1a--b]-9618&alias=bigbird14.cern.ch&noUDP&sock=schedd_2076396_86fa>
...
000 (15637938.010.000) 09/01 16:42:10 Job submitted from host: <137.138.44.75:9618?addrs=137.138.44.75-9618+[2001-1458-d00-1a--b]-9618&alias=bigbird14.cern.ch&noUDP&sock=schedd_2076396_86fa>
...
000 (15637938.011.000) 09/01 16:42:10 Job submitted from host: <137.138.44.75:9618?addrs=137.138.44.75-9618+[2001-1458-d00-1a--b]-9618&alias=bigbird14.cern.ch&noUDP&sock=schedd_2076396_86fa>
...
000 (15637938.012.000) 09/01 16:42:10 Job submitted from host: <137.138.44.75:9618?addrs=137.138.44.75-9618+[2001-1458-d00-1a--b]-9618&alias=bigbird14.cern.ch&noUDP&sock=schedd_2076396_86fa>
...
000 (15637938.013.000) 09/01 16:42:10 Job submitted from host: <137.138.44.75:9618?addrs=137.138.44.75-9618+[2001-1458-d00-1a--b]-9618&alias=bigbird14.cern.ch&noUDP&sock=schedd_2076396_86fa>
...
000 (15637938.014.000) 09/01 16:42:10 Job submitted from host: <137.138.44.75:9618?addrs=137.138.44.75-9618+[2001-1458-d00-1a--b]-9618&alias=bigbird14.cern.ch&noUDP&sock=schedd_2076396_86fa>
...
000 (15637938.015.000) 09/01 16:42:10 Job submitted from host: <137.138.44.75:9618?addrs=137.138.44.75-9618+[2001-1458-d00-1a--b]-9618&alias=bigbird14.cern.ch&noUDP&sock=schedd_2076396_86fa>
...
000 (15637938.016.000) 09/01 16:42:10 Job submitted from host: <137.138.44.75:9618?addrs=137.138.44.75-9618+[2001-1458-d00-1a--b]-9618&alias=bigbird14.cern.ch&noUDP&sock=schedd_2076396_86fa>
...
000 (15637938.017.000) 09/01 16:42:10 Job submitted from host: <137.138.44.75:9618?addrs=137.138.44.75-9618+[2001-1458-d00-1a--b]-9618&alias=bigbird14.cern.ch&noUDP&sock=schedd_2076396_86fa>
...
000 (15637938.018.000) 09/01 16:42:10 Job submitted from host: <137.138.44.75:9618?addrs=137.138.44.75-9618+[2001-1458-d00-1a--b]-9618&alias=bigbird14.cern.ch&noUDP&sock=schedd_2076396_86fa>
...
000 (15637938.019.000) 09/01 16:42:10 Job submitted from host: <137.138.44.75:9618?addrs=137.138.44.75-9618+[2001-1458-d00-1a--b]-9618&alias=bigbird14.cern.ch&noUDP&sock=schedd_2076396_86fa>
...
040 (15637938.000.000) 09/01 20:02:44 Started transferring input files
	Transferring to host: <128.142.192.179:9618?addrs=128.142.192.179-9618+[2001-1458-301-56--100-2f]-9618&alias=b9g18p1392.cern.ch&noUDP&sock=slot1_24_4812_3d3d_46859>
...
001 (15637938.000.000) 09/01 20:02:44 Job executing on host: <128.142.192.179:9618?addrs=128.142.192.179-9618+[2001-1458-301-56--100-2f]-9618&alias=b9g18p1392.cern.ch&noUDP&sock=startd_4040_aeb4>
	SlotName: slot1_24@b9g18p1392.cern.ch
	CondorScratchDir = "/pool/condor/dir_1744234"
	Cpus = 1
	Disk = 3798
	GPUs = 0
	Memory = 3000
...
040 (15637938.000.000) 09/01 20:02:44 Finished transferring input files
...
040 (15637938.002.000) 09/01 20:02:45 Started transferring input files
	Transferring to host: <188.185.213.176:9618?addrs=188.185.213.176-9618+[2001-1458-303-1b--100-2c]-9618&alias=b9p28p9743.cern.ch&noUDP&sock=slot1_21_3804216_1142_95550>
...
040 (15637938.002.000) 09/01 20:02:45 Finished transferring input files
...
001 (15637938.002.000) 09/01 20:02:45 Job executing on host: <188.185.213.176:9618?addrs=188.185.213.176-9618+[2001-1458-303-1b--100-2c]-9618&alias=b9p28p9743.cern.ch&noUDP&sock=startd_3804136_75c3>
	SlotName: slot1_21@b9p28p9743.cern.ch
	CondorScratchDir = "/pool/condor/dir_3110903"
	Cpus = 1
	Disk = 3750
	GPUs = 0
	Memory = 3000
...
040 (15637938.001.000) 09/01 20:02:45 Started transferring input files
	Transferring to host: <128.142.192.201:9618?addrs=128.142.192.201-9618+[2001-1458-301-56--100-45]-9618&alias=b9g18p2334.cern.ch&noUDP&sock=slot1_12_633926_f6eb_14713>
...
040 (15637938.001.000) 09/01 20:02:45 Finished transferring input files
...
001 (15637938.001.000) 09/01 20:02:45 Job executing on host: <128.142.192.201:9618?addrs=128.142.192.201-9618+[2001-1458-301-56--100-45]-9618&alias=b9g18p2334.cern.ch&noUDP&sock=startd_633887_5605>
	SlotName: slot1_12@b9g18p2334.cern.ch
	CondorScratchDir = "/pool/condor/dir_755946"
	Cpus = 1
	Disk = 3754
	GPUs = 0
	Memory = 3000
...
040 (15637938.003.000) 09/01 20:02:45 Started transferring input files
	Transferring to host: <128.142.192.172:9618?addrs=128.142.192.172-9618+[2001-1458-301-56--100-28]-9618&alias=b9g18p0729.cern.ch&noUDP&sock=slot1_11_3838769_c81f_22687>
...
001 (15637938.003.000) 09/01 20:02:45 Job executing on host: <128.142.192.172:9618?addrs=128.142.192.172-9618+[2001-1458-301-56--100-28]-9618&alias=b9g18p0729.cern.ch&noUDP&sock=startd_3838718_d5ea>
	SlotName: slot1_11@b9g18p0729.cern.ch
	CondorScratchDir = "/pool/condor/dir_1240389"
	Cpus = 1
	Disk = 3909
	GPUs = 0
	Memory = 3000
...
040 (15637938.003.000) 09/01 20:02:45 Finished transferring input files
...
040 (15637938.006.000) 09/01 20:02:46 Started transferring input files
	Transferring to host: <188.185.213.139:9618?addrs=188.185.213.139-9618+[2001-1458-303-1b--100-7]-9618&alias=b9p28p3597.cern.ch&noUDP&sock=slot1_33_5341_f7b2_15360>
...
040 (15637938.004.000) 09/01 20:02:46 Started transferring input files
	Transferring to host: <128.142.132.103:9618?addrs=128.142.132.103-9618+[2001-1458-301-5a--100-5b]-9618&alias=b9g12p0948.cern.ch&noUDP&sock=slot1_13_2835_438c_157948>
...
001 (15637938.006.000) 09/01 20:02:46 Job executing on host: <188.185.213.139:9618?addrs=188.185.213.139-9618+[2001-1458-303-1b--100-7]-9618&alias=b9p28p3597.cern.ch&noUDP&sock=startd_4388_61a9>
	SlotName: slot1_33@b9p28p3597.cern.ch
	CondorScratchDir = "/pool/condor/dir_3098652"
	Cpus = 1
	Disk = 3683
	GPUs = 0
	Memory = 3000
...
040 (15637938.006.000) 09/01 20:02:46 Finished transferring input files
...
001 (15637938.004.000) 09/01 20:02:46 Job executing on host: <128.142.132.103:9618?addrs=128.142.132.103-9618+[2001-1458-301-5a--100-5b]-9618&alias=b9g12p0948.cern.ch&noUDP&sock=startd_2448_b3ee>
	SlotName: slot1_13@b9g12p0948.cern.ch
	CondorScratchDir = "/pool/condor/dir_2879849"
	Cpus = 1
	Disk = 2578
	GPUs = 0
	Memory = 3000
...
040 (15637938.004.000) 09/01 20:02:46 Finished transferring input files
...
040 (15637938.005.000) 09/01 20:02:46 Started transferring input files
	Transferring to host: <188.185.214.70:9618?addrs=188.185.214.70-9618+[2001-1458-303-1c--100-42]-9618&alias=b9p29p9286.cern.ch&noUDP&sock=slot1_9_8399_9aef_119314>
...
001 (15637938.005.000) 09/01 20:02:46 Job executing on host: <188.185.214.70:9618?addrs=188.185.214.70-9618+[2001-1458-303-1c--100-42]-9618&alias=b9p29p9286.cern.ch&noUDP&sock=startd_8338_c0c1>
	SlotName: slot1_9@b9p29p9286.cern.ch
	CondorScratchDir = "/pool/condor/dir_169972"
	Cpus = 1
	Disk = 3614
	GPUs = 0
	Memory = 3000
...
040 (15637938.005.000) 09/01 20:02:46 Finished transferring input files
...
040 (15637938.007.000) 09/01 20:02:47 Started transferring input files
	Transferring to host: <188.185.213.231:9618?addrs=188.185.213.231-9618+[2001-1458-303-1b--100-63]-9618&alias=b9p28p9038.cern.ch&noUDP&sock=slot1_13_7184_871d_123826>
...
001 (15637938.007.000) 09/01 20:02:47 Job executing on host: <188.185.213.231:9618?addrs=188.185.213.231-9618+[2001-1458-303-1b--100-63]-9618&alias=b9p28p9038.cern.ch&noUDP&sock=startd_6302_39ee>
	SlotName: slot1_13@b9p28p9038.cern.ch
	CondorScratchDir = "/pool/condor/dir_1664817"
	Cpus = 1
	Disk = 3775
	GPUs = 0
	Memory = 3000
...
040 (15637938.007.000) 09/01 20:02:47 Finished transferring input files
...
040 (15637938.008.000) 09/01 20:02:47 Started transferring input files
	Transferring to host: <188.185.210.21:9618?addrs=188.185.210.21-9618+[2001-1458-303-1--100-11]-9618&alias=b9p21p5841.cern.ch&noUDP&sock=slot1_12_8951_8a05_118408>
...
040 (15637938.008.000) 09/01 20:02:47 Finished transferring input files
...
040 (15637938.009.000) 09/01 20:02:47 Started transferring input files
	Transferring to host: <188.185.210.148:9618?addrs=188.185.210.148-9618+[2001-1458-303-15--100-10]-9618&alias=b9p22p2244.cern.ch&noUDP&sock=slot1_19_8413_782f_120176>
...
001 (15637938.008.000) 09/01 20:02:47 Job executing on host: <188.185.210.21:9618?addrs=188.185.210.21-9618+[2001-1458-303-1--100-11]-9618&alias=b9p21p5841.cern.ch&noUDP&sock=startd_8609_a2eb>
	SlotName: slot1_12@b9p21p5841.cern.ch
	CondorScratchDir = "/pool/condor/dir_2041782"
	Cpus = 1
	Disk = 3676
	GPUs = 0
	Memory = 3000
...
001 (15637938.009.000) 09/01 20:02:47 Job executing on host: <188.185.210.148:9618?addrs=188.185.210.148-9618+[2001-1458-303-15--100-10]-9618&alias=b9p22p2244.cern.ch&noUDP&sock=startd_8348_9cb3>
	SlotName: slot1_19@b9p22p2244.cern.ch
	CondorScratchDir = "/pool/condor/dir_2788120"
	Cpus = 1
	Disk = 3827
	GPUs = 0
	Memory = 3000
...
040 (15637938.009.000) 09/01 20:02:47 Finished transferring input files
...
040 (15637938.011.000) 09/01 20:02:48 Started transferring input files
	Transferring to host: <188.185.214.9:9618?addrs=188.185.214.9-9618+[2001-1458-303-1c--100-5]-9618&alias=b9p29p0597.cern.ch&noUDP&sock=slot1_16_8371_e06d_117280>
...
040 (15637938.011.000) 09/01 20:02:48 Finished transferring input files
...
001 (15637938.011.000) 09/01 20:02:48 Job executing on host: <188.185.214.9:9618?addrs=188.185.214.9-9618+[2001-1458-303-1c--100-5]-9618&alias=b9p29p0597.cern.ch&noUDP&sock=startd_8315_fa13>
	SlotName: slot1_16@b9p29p0597.cern.ch
	CondorScratchDir = "/pool/condor/dir_1316126"
	Cpus = 1
	Disk = 3775
	GPUs = 0
	Memory = 3000
...
040 (15637938.010.000) 09/01 20:02:48 Started transferring input files
	Transferring to host: <188.185.210.175:9618?addrs=188.185.210.175-9618+[2001-1458-303-15--100-2b]-9618&alias=b9p22p5637.cern.ch&noUDP&sock=slot1_24_2773343_c822_95318>
...
040 (15637938.010.000) 09/01 20:02:48 Finished transferring input files
...
001 (15637938.010.000) 09/01 20:02:48 Job executing on host: <188.185.210.175:9618?addrs=188.185.210.175-9618+[2001-1458-303-15--100-2b]-9618&alias=b9p22p5637.cern.ch&noUDP&sock=startd_2773298_555c>
	SlotName: slot1_24@b9p22p5637.cern.ch
	CondorScratchDir = "/pool/condor/dir_1431008"
	Cpus = 1
	Disk = 3688
	GPUs = 0
	Memory = 3000
...
040 (15637938.012.000) 09/01 20:02:48 Started transferring input files
	Transferring to host: <128.142.192.200:9618?addrs=128.142.192.200-9618+[2001-1458-301-56--100-44]-9618&alias=b9g18p0307.cern.ch&noUDP&sock=slot1_8_1992610_c13e_23075>
...
040 (15637938.012.000) 09/01 20:02:48 Finished transferring input files
...
001 (15637938.012.000) 09/01 20:02:48 Job executing on host: <128.142.192.200:9618?addrs=128.142.192.200-9618+[2001-1458-301-56--100-44]-9618&alias=b9g18p0307.cern.ch&noUDP&sock=startd_1992559_518b>
	SlotName: slot1_8@b9g18p0307.cern.ch
	CondorScratchDir = "/pool/condor/dir_2888144"
	Cpus = 1
	Disk = 3749
	GPUs = 0
	Memory = 3000
...
040 (15637938.013.000) 09/01 20:02:49 Started transferring input files
	Transferring to host: <128.142.192.145:9618?addrs=128.142.192.145-9618+[2001-1458-301-56--100-d]-9618&alias=b9g18p1820.cern.ch&noUDP&sock=slot1_19_6720_990a_154089>
...
001 (15637938.013.000) 09/01 20:02:49 Job executing on host: <128.142.192.145:9618?addrs=128.142.192.145-9618+[2001-1458-301-56--100-d]-9618&alias=b9g18p1820.cern.ch&noUDP&sock=startd_6460_99e5>
	SlotName: slot1_19@b9g18p1820.cern.ch
	CondorScratchDir = "/pool/condor/dir_935188"
	Cpus = 1
	Disk = 3774
	GPUs = 0
	Memory = 3000
...
040 (15637938.013.000) 09/01 20:02:49 Finished transferring input files
...
040 (15637938.014.000) 09/01 20:02:50 Started transferring input files
	Transferring to host: <188.185.214.53:9618?addrs=188.185.214.53-9618+[2001-1458-303-1c--100-31]-9618&alias=b9p29p4388.cern.ch&noUDP&sock=slot1_24_7664_bb31_127067>
...
040 (15637938.014.000) 09/01 20:02:50 Finished transferring input files
...
001 (15637938.014.000) 09/01 20:02:50 Job executing on host: <188.185.214.53:9618?addrs=188.185.214.53-9618+[2001-1458-303-1c--100-31]-9618&alias=b9p29p4388.cern.ch&noUDP&sock=startd_6527_8ebd>
	SlotName: slot1_24@b9p29p4388.cern.ch
	CondorScratchDir = "/pool/condor/dir_1029985"
	Cpus = 1
	Disk = 3788
	GPUs = 0
	Memory = 3000
...
040 (15637938.015.000) 09/01 20:02:50 Started transferring input files
	Transferring to host: <188.185.210.194:9618?addrs=188.185.210.194-9618+[2001-1458-303-15--100-3e]-9618&alias=b9p22p1324.cern.ch&noUDP&sock=slot1_29_8321_a5ab_120373>
...
040 (15637938.015.000) 09/01 20:02:50 Finished transferring input files
...
001 (15637938.015.000) 09/01 20:02:50 Job executing on host: <188.185.210.194:9618?addrs=188.185.210.194-9618+[2001-1458-303-15--100-3e]-9618&alias=b9p22p1324.cern.ch&noUDP&sock=startd_7831_fe3d>
	SlotName: slot1_29@b9p22p1324.cern.ch
	CondorScratchDir = "/pool/condor/dir_3815561"
	Cpus = 1
	Disk = 3823
	GPUs = 0
	Memory = 3000
...
040 (15637938.017.000) 09/01 20:02:51 Started transferring input files
	Transferring to host: <188.185.213.221:9618?addrs=188.185.213.221-9618+[2001-1458-303-1b--100-59]-9618&alias=b9p28p6440.cern.ch&noUDP&sock=slot1_25_7857_b799_124714>
...
040 (15637938.018.000) 09/01 20:02:51 Started transferring input files
	Transferring to host: <188.185.214.24:9618?addrs=188.185.214.24-9618+[2001-1458-303-1c--100-14]-9618&alias=b9p29p9589.cern.ch&noUDP&sock=slot1_29_8621_0638_118092>
...
001 (15637938.017.000) 09/01 20:02:51 Job executing on host: <188.185.213.221:9618?addrs=188.185.213.221-9618+[2001-1458-303-1b--100-59]-9618&alias=b9p28p6440.cern.ch&noUDP&sock=startd_6864_b628>
	SlotName: slot1_25@b9p28p6440.cern.ch
	CondorScratchDir = "/pool/condor/dir_1430444"
	Cpus = 1
	Disk = 3787
	GPUs = 0
	Memory = 3000
...
040 (15637938.017.000) 09/01 20:02:51 Finished transferring input files
...
001 (15637938.018.000) 09/01 20:02:51 Job executing on host: <188.185.214.24:9618?addrs=188.185.214.24-9618+[2001-1458-303-1c--100-14]-9618&alias=b9p29p9589.cern.ch&noUDP&sock=startd_7647_c8d0>
	SlotName: slot1_29@b9p29p9589.cern.ch
	CondorScratchDir = "/pool/condor/dir_2086582"
	Cpus = 1
	Disk = 3773
	GPUs = 0
	Memory = 3000
...
040 (15637938.018.000) 09/01 20:02:51 Finished transferring input files
...
040 (15637938.016.000) 09/01 20:02:51 Started transferring input files
	Transferring to host: <128.142.161.97:9618?addrs=128.142.161.97-9618+[2001-1458-301-b8--100-1f]-9618&alias=b9g03p7944.cern.ch&noUDP&sock=slot1_31_785856_64ce_6163>
...
040 (15637938.016.000) 09/01 20:02:51 Finished transferring input files
...
001 (15637938.016.000) 09/01 20:02:51 Job executing on host: <128.142.161.97:9618?addrs=128.142.161.97-9618+[2001-1458-301-b8--100-1f]-9618&alias=b9g03p7944.cern.ch&noUDP&sock=startd_5161_985f>
	SlotName: slot1_31@b9g03p7944.cern.ch
	CondorScratchDir = "/pool/condor/dir_1692025"
	Cpus = 1
	Disk = 3996
	GPUs = 0
	Memory = 3000
...
040 (15637938.019.000) 09/01 20:02:52 Started transferring input files
	Transferring to host: <128.142.192.179:9618?addrs=128.142.192.179-9618+[2001-1458-301-56--100-2f]-9618&alias=b9g18p1392.cern.ch&noUDP&sock=slot1_25_4812_3d3d_46860>
...
040 (15637938.019.000) 09/01 20:02:52 Finished transferring input files
...
001 (15637938.019.000) 09/01 20:02:52 Job executing on host: <128.142.192.179:9618?addrs=128.142.192.179-9618+[2001-1458-301-56--100-2f]-9618&alias=b9g18p1392.cern.ch&noUDP&sock=startd_4040_aeb4>
	SlotName: slot1_25@b9g18p1392.cern.ch
	CondorScratchDir = "/pool/condor/dir_1744621"
	Cpus = 1
	Disk = 3798
	GPUs = 0
	Memory = 3000
...
006 (15637938.004.000) 09/01 20:02:54 Image size of job updated: 64532
	64  -  MemoryUsage of job (MB)
	64532  -  ResidentSetSize of job (KB)
...
006 (15637938.002.000) 09/01 20:02:54 Image size of job updated: 198084
	194  -  MemoryUsage of job (MB)
	198084  -  ResidentSetSize of job (KB)
...
006 (15637938.001.000) 09/01 20:02:54 Image size of job updated: 53152
	52  -  MemoryUsage of job (MB)
	53152  -  ResidentSetSize of job (KB)
...
006 (15637938.003.000) 09/01 20:02:54 Image size of job updated: 31892
	32  -  MemoryUsage of job (MB)
	31892  -  ResidentSetSize of job (KB)
...
006 (15637938.007.000) 09/01 20:02:55 Image size of job updated: 413052
	404  -  MemoryUsage of job (MB)
	413052  -  ResidentSetSize of job (KB)
...
006 (15637938.008.000) 09/01 20:02:55 Image size of job updated: 399308
	390  -  MemoryUsage of job (MB)
	399308  -  ResidentSetSize of job (KB)
...
006 (15637938.006.000) 09/01 20:02:55 Image size of job updated: 448524
	439  -  MemoryUsage of job (MB)
	448524  -  ResidentSetSize of job (KB)
...
006 (15637938.013.000) 09/01 20:02:57 Image size of job updated: 93296
	92  -  MemoryUsage of job (MB)
	93296  -  ResidentSetSize of job (KB)
...
006 (15637938.011.000) 09/01 20:02:57 Image size of job updated: 433508
	424  -  MemoryUsage of job (MB)
	433508  -  ResidentSetSize of job (KB)
...
006 (15637938.010.000) 09/01 20:02:57 Image size of job updated: 350252
	343  -  MemoryUsage of job (MB)
	350252  -  ResidentSetSize of job (KB)
...
006 (15637938.012.000) 09/01 20:02:57 Image size of job updated: 176808
	173  -  MemoryUsage of job (MB)
	176808  -  ResidentSetSize of job (KB)
...
006 (15637938.015.000) 09/01 20:02:58 Image size of job updated: 4440
	5  -  MemoryUsage of job (MB)
	4440  -  ResidentSetSize of job (KB)
...
006 (15637938.000.000) 09/01 20:02:58 Image size of job updated: 86680
	85  -  MemoryUsage of job (MB)
	86680  -  ResidentSetSize of job (KB)
...
006 (15637938.009.000) 09/01 20:03:00 Image size of job updated: 76544
	75  -  MemoryUsage of job (MB)
	76544  -  ResidentSetSize of job (KB)
...
006 (15637938.005.000) 09/01 20:03:00 Image size of job updated: 95088
	93  -  MemoryUsage of job (MB)
	95088  -  ResidentSetSize of job (KB)
...
006 (15637938.017.000) 09/01 20:03:00 Image size of job updated: 83680
	82  -  MemoryUsage of job (MB)
	83680  -  ResidentSetSize of job (KB)
...
006 (15637938.018.000) 09/01 20:03:00 Image size of job updated: 118476
	116  -  MemoryUsage of job (MB)
	118476  -  ResidentSetSize of job (KB)
...
006 (15637938.014.000) 09/01 20:03:03 Image size of job updated: 261444
	256  -  MemoryUsage of job (MB)
	261444  -  ResidentSetSize of job (KB)
...
006 (15637938.019.000) 09/01 20:03:05 Image size of job updated: 117416
	115  -  MemoryUsage of job (MB)
	117416  -  ResidentSetSize of job (KB)
...
006 (15637938.016.000) 09/01 20:03:05 Image size of job updated: 86976
	85  -  MemoryUsage of job (MB)
	86976  -  ResidentSetSize of job (KB)
...
006 (15637938.014.000) 09/01 20:06:06 Image size of job updated: 381100
	256  -  MemoryUsage of job (MB)
	261444  -  ResidentSetSize of job (KB)
...
040 (15637938.014.000) 09/01 20:06:06 Started transferring output files
...
040 (15637938.014.000) 09/01 20:06:06 Finished transferring output files
...
005 (15637938.014.000) 09/01 20:06:06 Job terminated.
	(1) Normal termination (return value 0)
		Usr 0 00:00:20, Sys 0 00:00:08  -  Run Remote Usage
		Usr 0 00:00:00, Sys 0 00:00:00  -  Run Local Usage
		Usr 0 00:00:20, Sys 0 00:00:08  -  Total Remote Usage
		Usr 0 00:00:00, Sys 0 00:00:00  -  Total Local Usage
	16218  -  Run Bytes Sent By Job
	1153  -  Run Bytes Received By Job
	16218  -  Total Bytes Sent By Job
	1153  -  Total Bytes Received By Job
	Partitionable Resources :    Usage  Request Allocated 
	   Cpus                 :        0        1         1 
	   Disk (KB)            :     1052        2      3788 
	   GPUs                 :                           0 
	   Memory (MB)          :      256     3000      3000 

	Job terminated of its own accord at 2025-09-01T18:06:06Z with exit-code 0.
...
006 (15637938.015.000) 09/01 20:06:15 Image size of job updated: 24216
	24  -  MemoryUsage of job (MB)
	24216  -  ResidentSetSize of job (KB)
...
040 (15637938.015.000) 09/01 20:06:15 Started transferring output files
...
040 (15637938.015.000) 09/01 20:06:15 Finished transferring output files
...
005 (15637938.015.000) 09/01 20:06:15 Job terminated.
	(1) Normal termination (return value 0)
		Usr 0 00:00:21, Sys 0 00:00:08  -  Run Remote Usage
		Usr 0 00:00:00, Sys 0 00:00:00  -  Run Local Usage
		Usr 0 00:00:21, Sys 0 00:00:08  -  Total Remote Usage
		Usr 0 00:00:00, Sys 0 00:00:00  -  Total Local Usage
	16218  -  Run Bytes Sent By Job
	1153  -  Run Bytes Received By Job
	16218  -  Total Bytes Sent By Job
	1153  -  Total Bytes Received By Job
	Partitionable Resources :    Usage  Request Allocated 
	   Cpus                 :        0        1         1 
	   Disk (KB)            :     1052        2      3823 
	   GPUs                 :                           0 
	   Memory (MB)          :       24     3000      3000 

	Job terminated of its own accord at 2025-09-01T18:06:15Z with exit-code 0.
...
006 (15637938.007.000) 09/01 20:06:17 Image size of job updated: 413052
	404  -  MemoryUsage of job (MB)
	413616  -  ResidentSetSize of job (KB)
...
040 (15637938.007.000) 09/01 20:06:17 Started transferring output files
...
040 (15637938.007.000) 09/01 20:06:17 Finished transferring output files
...
005 (15637938.007.000) 09/01 20:06:17 Job terminated.
	(1) Normal termination (return value 0)
		Usr 0 00:00:20, Sys 0 00:00:08  -  Run Remote Usage
		Usr 0 00:00:00, Sys 0 00:00:00  -  Run Local Usage
		Usr 0 00:00:20, Sys 0 00:00:08  -  Total Remote Usage
		Usr 0 00:00:00, Sys 0 00:00:00  -  Total Local Usage
	16218  -  Run Bytes Sent By Job
	1153  -  Run Bytes Received By Job
	16218  -  Total Bytes Sent By Job
	1153  -  Total Bytes Received By Job
	Partitionable Resources :    Usage  Request Allocated 
	   Cpus                 :        0        1         1 
	   Disk (KB)            :     1053        2      3775 
	   GPUs                 :                           0 
	   Memory (MB)          :      404     3000      3000 

	Job terminated of its own accord at 2025-09-01T18:06:17Z with exit-code 0.
...
040 (15637938.006.000) 09/01 20:06:17 Started transferring output files
...
040 (15637938.006.000) 09/01 20:06:17 Finished transferring output files
...
005 (15637938.006.000) 09/01 20:06:17 Job terminated.
	(1) Normal termination (return value 0)
		Usr 0 00:00:21, Sys 0 00:00:09  -  Run Remote Usage
		Usr 0 00:00:00, Sys 0 00:00:00  -  Run Local Usage
		Usr 0 00:00:21, Sys 0 00:00:09  -  Total Remote Usage
		Usr 0 00:00:00, Sys 0 00:00:00  -  Total Local Usage
	16218  -  Run Bytes Sent By Job
	1153  -  Run Bytes Received By Job
	16218  -  Total Bytes Sent By Job
	1153  -  Total Bytes Received By Job
	Partitionable Resources :    Usage  Request Allocated 
	   Cpus                 :     0.02        1         1 
	   Disk (KB)            :  1053           2      3683 
	   GPUs                 :                           0 
	   Memory (MB)          :   439        3000      3000 

	Job terminated of its own accord at 2025-09-01T18:06:17Z with exit-code 0.
...
006 (15637938.009.000) 09/01 20:06:18 Image size of job updated: 378820
	75  -  MemoryUsage of job (MB)
	76588  -  ResidentSetSize of job (KB)
...
006 (15637938.008.000) 09/01 20:06:18 Image size of job updated: 399308
	392  -  MemoryUsage of job (MB)
	400612  -  ResidentSetSize of job (KB)
...
006 (15637938.011.000) 09/01 20:06:18 Image size of job updated: 433508
	424  -  MemoryUsage of job (MB)
	434072  -  ResidentSetSize of job (KB)
...
040 (15637938.009.000) 09/01 20:06:18 Started transferring output files
...
040 (15637938.008.000) 09/01 20:06:18 Started transferring output files
...
040 (15637938.009.000) 09/01 20:06:18 Finished transferring output files
...
040 (15637938.011.000) 09/01 20:06:18 Started transferring output files
...
040 (15637938.008.000) 09/01 20:06:18 Finished transferring output files
...
040 (15637938.011.000) 09/01 20:06:18 Finished transferring output files
...
005 (15637938.009.000) 09/01 20:06:18 Job terminated.
	(1) Normal termination (return value 0)
		Usr 0 00:00:19, Sys 0 00:00:08  -  Run Remote Usage
		Usr 0 00:00:00, Sys 0 00:00:00  -  Run Local Usage
		Usr 0 00:00:19, Sys 0 00:00:08  -  Total Remote Usage
		Usr 0 00:00:00, Sys 0 00:00:00  -  Total Local Usage
	16218  -  Run Bytes Sent By Job
	1153  -  Run Bytes Received By Job
	16218  -  Total Bytes Sent By Job
	1153  -  Total Bytes Received By Job
	Partitionable Resources :    Usage  Request Allocated 
	   Cpus                 :     0.02        1         1 
	   Disk (KB)            :  1053           2      3827 
	   GPUs                 :                           0 
	   Memory (MB)          :    75        3000      3000 

	Job terminated of its own accord at 2025-09-01T18:06:18Z with exit-code 0.
...
005 (15637938.008.000) 09/01 20:06:18 Job terminated.
	(1) Normal termination (return value 0)
		Usr 0 00:00:21, Sys 0 00:00:08  -  Run Remote Usage
		Usr 0 00:00:00, Sys 0 00:00:00  -  Run Local Usage
		Usr 0 00:00:21, Sys 0 00:00:08  -  Total Remote Usage
		Usr 0 00:00:00, Sys 0 00:00:00  -  Total Local Usage
	16218  -  Run Bytes Sent By Job
	1153  -  Run Bytes Received By Job
	16218  -  Total Bytes Sent By Job
	1153  -  Total Bytes Received By Job
	Partitionable Resources :    Usage  Request Allocated 
	   Cpus                 :        0        1         1 
	   Disk (KB)            :     1053        2      3676 
	   GPUs                 :                           0 
	   Memory (MB)          :      392     3000      3000 

	Job terminated of its own accord at 2025-09-01T18:06:18Z with exit-code 0.
...
005 (15637938.011.000) 09/01 20:06:19 Job terminated.
	(1) Normal termination (return value 0)
		Usr 0 00:00:20, Sys 0 00:00:08  -  Run Remote Usage
		Usr 0 00:00:00, Sys 0 00:00:00  -  Run Local Usage
		Usr 0 00:00:20, Sys 0 00:00:08  -  Total Remote Usage
		Usr 0 00:00:00, Sys 0 00:00:00  -  Total Local Usage
	16218  -  Run Bytes Sent By Job
	1153  -  Run Bytes Received By Job
	16218  -  Total Bytes Sent By Job
	1153  -  Total Bytes Received By Job
	Partitionable Resources :    Usage  Request Allocated 
	   Cpus                 :     0.02        1         1 
	   Disk (KB)            :  1053           2      3775 
	   GPUs                 :                           0 
	   Memory (MB)          :   424        3000      3000 

	Job terminated of its own accord at 2025-09-01T18:06:18Z with exit-code 0.
...
006 (15637938.005.000) 09/01 20:06:20 Image size of job updated: 376368
	94  -  MemoryUsage of job (MB)
	95240  -  ResidentSetSize of job (KB)
...
040 (15637938.005.000) 09/01 20:06:20 Started transferring output files
...
040 (15637938.005.000) 09/01 20:06:20 Finished transferring output files
...
005 (15637938.005.000) 09/01 20:06:20 Job terminated.
	(1) Normal termination (return value 0)
		Usr 0 00:00:21, Sys 0 00:00:08  -  Run Remote Usage
		Usr 0 00:00:00, Sys 0 00:00:00  -  Run Local Usage
		Usr 0 00:00:21, Sys 0 00:00:08  -  Total Remote Usage
		Usr 0 00:00:00, Sys 0 00:00:00  -  Total Local Usage
	16217  -  Run Bytes Sent By Job
	1153  -  Run Bytes Received By Job
	16217  -  Total Bytes Sent By Job
	1153  -  Total Bytes Received By Job
	Partitionable Resources :    Usage  Request Allocated 
	   Cpus                 :        0        1         1 
	   Disk (KB)            :     1053        2      3614 
	   GPUs                 :                           0 
	   Memory (MB)          :       94     3000      3000 

	Job terminated of its own accord at 2025-09-01T18:06:20Z with exit-code 0.
...
006 (15637938.002.000) 09/01 20:06:21 Image size of job updated: 410716
	402  -  MemoryUsage of job (MB)
	410716  -  ResidentSetSize of job (KB)
...
040 (15637938.002.000) 09/01 20:06:21 Started transferring output files
...
040 (15637938.002.000) 09/01 20:06:21 Finished transferring output files
...
005 (15637938.002.000) 09/01 20:06:21 Job terminated.
	(1) Normal termination (return value 0)
		Usr 0 00:00:21, Sys 0 00:00:08  -  Run Remote Usage
		Usr 0 00:00:00, Sys 0 00:00:00  -  Run Local Usage
		Usr 0 00:00:21, Sys 0 00:00:08  -  Total Remote Usage
		Usr 0 00:00:00, Sys 0 00:00:00  -  Total Local Usage
	16218  -  Run Bytes Sent By Job
	1153  -  Run Bytes Received By Job
	16218  -  Total Bytes Sent By Job
	1153  -  Total Bytes Received By Job
	Partitionable Resources :    Usage  Request Allocated 
	   Cpus                 :     0.02        1         1 
	   Disk (KB)            :  1053           2      3750 
	   GPUs                 :                           0 
	   Memory (MB)          :   402        3000      3000 

	Job terminated of its own accord at 2025-09-01T18:06:21Z with exit-code 0.
...
006 (15637938.017.000) 09/01 20:06:21 Image size of job updated: 83680
	83  -  MemoryUsage of job (MB)
	84448  -  ResidentSetSize of job (KB)
...
040 (15637938.017.000) 09/01 20:06:21 Started transferring output files
...
040 (15637938.017.000) 09/01 20:06:21 Finished transferring output files
...
005 (15637938.017.000) 09/01 20:06:21 Job terminated.
	(1) Normal termination (return value 0)
		Usr 0 00:00:21, Sys 0 00:00:08  -  Run Remote Usage
		Usr 0 00:00:00, Sys 0 00:00:00  -  Run Local Usage
		Usr 0 00:00:21, Sys 0 00:00:08  -  Total Remote Usage
		Usr 0 00:00:00, Sys 0 00:00:00  -  Total Local Usage
	16218  -  Run Bytes Sent By Job
	1153  -  Run Bytes Received By Job
	16218  -  Total Bytes Sent By Job
	1153  -  Total Bytes Received By Job
	Partitionable Resources :    Usage  Request Allocated 
	   Cpus                 :     0.02        1         1 
	   Disk (KB)            :  1053           2      3787 
	   GPUs                 :                           0 
	   Memory (MB)          :    83        3000      3000 

	Job terminated of its own accord at 2025-09-01T18:06:21Z with exit-code 0.
...
006 (15637938.016.000) 09/01 20:06:24 Image size of job updated: 380328
	86  -  MemoryUsage of job (MB)
	87076  -  ResidentSetSize of job (KB)
...
040 (15637938.016.000) 09/01 20:06:24 Started transferring output files
...
040 (15637938.016.000) 09/01 20:06:24 Finished transferring output files
...
005 (15637938.016.000) 09/01 20:06:24 Job terminated.
	(1) Normal termination (return value 0)
		Usr 0 00:00:29, Sys 0 00:00:07  -  Run Remote Usage
		Usr 0 00:00:00, Sys 0 00:00:00  -  Run Local Usage
		Usr 0 00:00:29, Sys 0 00:00:07  -  Total Remote Usage
		Usr 0 00:00:00, Sys 0 00:00:00  -  Total Local Usage
	16218  -  Run Bytes Sent By Job
	1153  -  Run Bytes Received By Job
	16218  -  Total Bytes Sent By Job
	1153  -  Total Bytes Received By Job
	Partitionable Resources :    Usage  Request Allocated 
	   Cpus                 :        0        1         1 
	   Disk (KB)            :     1052        2      3996 
	   GPUs                 :                           0 
	   Memory (MB)          :       86     3000      3000 

	Job terminated of its own accord at 2025-09-01T18:06:24Z with exit-code 0.
...
006 (15637938.003.000) 09/01 20:06:25 Image size of job updated: 433796
	424  -  MemoryUsage of job (MB)
	433796  -  ResidentSetSize of job (KB)
...
040 (15637938.003.000) 09/01 20:06:25 Started transferring output files
...
040 (15637938.003.000) 09/01 20:06:25 Finished transferring output files
...
005 (15637938.003.000) 09/01 20:06:25 Job terminated.
	(1) Normal termination (return value 0)
		Usr 0 00:00:29, Sys 0 00:00:07  -  Run Remote Usage
		Usr 0 00:00:00, Sys 0 00:00:00  -  Run Local Usage
		Usr 0 00:00:29, Sys 0 00:00:07  -  Total Remote Usage
		Usr 0 00:00:00, Sys 0 00:00:00  -  Total Local Usage
	16218  -  Run Bytes Sent By Job
	1153  -  Run Bytes Received By Job
	16218  -  Total Bytes Sent By Job
	1153  -  Total Bytes Received By Job
	Partitionable Resources :    Usage  Request Allocated 
	   Cpus                 :        0        1         1 
	   Disk (KB)            :     1052        2      3909 
	   GPUs                 :                           0 
	   Memory (MB)          :      424     3000      3000 

	Job terminated of its own accord at 2025-09-01T18:06:25Z with exit-code 0.
...
006 (15637938.000.000) 09/01 20:06:26 Image size of job updated: 386160
	85  -  MemoryUsage of job (MB)
	86680  -  ResidentSetSize of job (KB)
...
040 (15637938.000.000) 09/01 20:06:26 Started transferring output files
...
040 (15637938.000.000) 09/01 20:06:26 Finished transferring output files
...
005 (15637938.000.000) 09/01 20:06:26 Job terminated.
	(1) Normal termination (return value 0)
		Usr 0 00:00:29, Sys 0 00:00:07  -  Run Remote Usage
		Usr 0 00:00:00, Sys 0 00:00:00  -  Run Local Usage
		Usr 0 00:00:29, Sys 0 00:00:07  -  Total Remote Usage
		Usr 0 00:00:00, Sys 0 00:00:00  -  Total Local Usage
	16218  -  Run Bytes Sent By Job
	1153  -  Run Bytes Received By Job
	16218  -  Total Bytes Sent By Job
	1153  -  Total Bytes Received By Job
	Partitionable Resources :    Usage  Request Allocated 
	   Cpus                 :     0.02        1         1 
	   Disk (KB)            :  1053           2      3798 
	   GPUs                 :                           0 
	   Memory (MB)          :    85        3000      3000 

	Job terminated of its own accord at 2025-09-01T18:06:26Z with exit-code 0.
...
006 (15637938.019.000) 09/01 20:06:26 Image size of job updated: 379440
	120  -  MemoryUsage of job (MB)
	122532  -  ResidentSetSize of job (KB)
...
040 (15637938.019.000) 09/01 20:06:26 Started transferring output files
...
040 (15637938.019.000) 09/01 20:06:26 Finished transferring output files
...
005 (15637938.019.000) 09/01 20:06:26 Job terminated.
	(1) Normal termination (return value 0)
		Usr 0 00:00:30, Sys 0 00:00:07  -  Run Remote Usage
		Usr 0 00:00:00, Sys 0 00:00:00  -  Run Local Usage
		Usr 0 00:00:30, Sys 0 00:00:07  -  Total Remote Usage
		Usr 0 00:00:00, Sys 0 00:00:00  -  Total Local Usage
	16218  -  Run Bytes Sent By Job
	1153  -  Run Bytes Received By Job
	16218  -  Total Bytes Sent By Job
	1153  -  Total Bytes Received By Job
	Partitionable Resources :    Usage  Request Allocated 
	   Cpus                 :     0.02        1         1 
	   Disk (KB)            :  1052           2      3798 
	   GPUs                 :                           0 
	   Memory (MB)          :   120        3000      3000 

	Job terminated of its own accord at 2025-09-01T18:06:26Z with exit-code 0.
...
040 (15637938.018.000) 09/01 20:06:27 Started transferring output files
...
040 (15637938.018.000) 09/01 20:06:27 Finished transferring output files
...
006 (15637938.010.000) 09/01 20:06:27 Image size of job updated: 440084
	430  -  MemoryUsage of job (MB)
	440084  -  ResidentSetSize of job (KB)
...
040 (15637938.010.000) 09/01 20:06:27 Started transferring output files
...
040 (15637938.010.000) 09/01 20:06:27 Finished transferring output files
...
005 (15637938.010.000) 09/01 20:06:27 Job terminated.
	(1) Normal termination (return value 0)
		Usr 0 00:00:21, Sys 0 00:00:09  -  Run Remote Usage
		Usr 0 00:00:00, Sys 0 00:00:00  -  Run Local Usage
		Usr 0 00:00:21, Sys 0 00:00:09  -  Total Remote Usage
		Usr 0 00:00:00, Sys 0 00:00:00  -  Total Local Usage
	16218  -  Run Bytes Sent By Job
	1153  -  Run Bytes Received By Job
	16218  -  Total Bytes Sent By Job
	1153  -  Total Bytes Received By Job
	Partitionable Resources :    Usage  Request Allocated 
	   Cpus                 :        0        1         1 
	   Disk (KB)            :     1053        2      3688 
	   GPUs                 :                           0 
	   Memory (MB)          :      430     3000      3000 

	Job terminated of its own accord at 2025-09-01T18:06:27Z with exit-code 0.
...
005 (15637938.018.000) 09/01 20:06:27 Job terminated.
	(1) Normal termination (return value 0)
		Usr 0 00:00:22, Sys 0 00:00:08  -  Run Remote Usage
		Usr 0 00:00:00, Sys 0 00:00:00  -  Run Local Usage
		Usr 0 00:00:22, Sys 0 00:00:08  -  Total Remote Usage
		Usr 0 00:00:00, Sys 0 00:00:00  -  Total Local Usage
	16218  -  Run Bytes Sent By Job
	1153  -  Run Bytes Received By Job
	16218  -  Total Bytes Sent By Job
	1153  -  Total Bytes Received By Job
	Partitionable Resources :    Usage  Request Allocated 
	   Cpus                 :        0        1         1 
	   Disk (KB)            :     1052        2      3773 
	   GPUs                 :                           0 
	   Memory (MB)          :      116     3000      3000 

	Job terminated of its own accord at 2025-09-01T18:06:27Z with exit-code 0.
...
006 (15637938.013.000) 09/01 20:06:27 Image size of job updated: 424868
	415  -  MemoryUsage of job (MB)
	424868  -  ResidentSetSize of job (KB)
...
040 (15637938.013.000) 09/01 20:06:27 Started transferring output files
...
040 (15637938.013.000) 09/01 20:06:27 Finished transferring output files
...
005 (15637938.013.000) 09/01 20:06:27 Job terminated.
	(1) Normal termination (return value 0)
		Usr 0 00:00:30, Sys 0 00:00:07  -  Run Remote Usage
		Usr 0 00:00:00, Sys 0 00:00:00  -  Run Local Usage
		Usr 0 00:00:30, Sys 0 00:00:07  -  Total Remote Usage
		Usr 0 00:00:00, Sys 0 00:00:00  -  Total Local Usage
	16217  -  Run Bytes Sent By Job
	1153  -  Run Bytes Received By Job
	16217  -  Total Bytes Sent By Job
	1153  -  Total Bytes Received By Job
	Partitionable Resources :    Usage  Request Allocated 
	   Cpus                 :        0        1         1 
	   Disk (KB)            :     1052        2      3774 
	   GPUs                 :                           0 
	   Memory (MB)          :      415     3000      3000 

	Job terminated of its own accord at 2025-09-01T18:06:27Z with exit-code 0.
...
006 (15637938.012.000) 09/01 20:06:27 Image size of job updated: 411220
	402  -  MemoryUsage of job (MB)
	411220  -  ResidentSetSize of job (KB)
...
040 (15637938.012.000) 09/01 20:06:27 Started transferring output files
...
040 (15637938.012.000) 09/01 20:06:27 Finished transferring output files
...
005 (15637938.012.000) 09/01 20:06:27 Job terminated.
	(1) Normal termination (return value 0)
		Usr 0 00:00:31, Sys 0 00:00:08  -  Run Remote Usage
		Usr 0 00:00:00, Sys 0 00:00:00  -  Run Local Usage
		Usr 0 00:00:31, Sys 0 00:00:08  -  Total Remote Usage
		Usr 0 00:00:00, Sys 0 00:00:00  -  Total Local Usage
	16218  -  Run Bytes Sent By Job
	1153  -  Run Bytes Received By Job
	16218  -  Total Bytes Sent By Job
	1153  -  Total Bytes Received By Job
	Partitionable Resources :    Usage  Request Allocated 
	   Cpus                 :        0        1         1 
	   Disk (KB)            :     1052        2      3749 
	   GPUs                 :                           0 
	   Memory (MB)          :      402     3000      3000 

	Job terminated of its own accord at 2025-09-01T18:06:27Z with exit-code 0.
...
006 (15637938.004.000) 09/01 20:06:37 Image size of job updated: 434480
	425  -  MemoryUsage of job (MB)
	434480  -  ResidentSetSize of job (KB)
...
040 (15637938.004.000) 09/01 20:06:37 Started transferring output files
...
040 (15637938.004.000) 09/01 20:06:37 Finished transferring output files
...
005 (15637938.004.000) 09/01 20:06:37 Job terminated.
	(1) Normal termination (return value 0)
		Usr 0 00:00:35, Sys 0 00:00:08  -  Run Remote Usage
		Usr 0 00:00:00, Sys 0 00:00:00  -  Run Local Usage
		Usr 0 00:00:35, Sys 0 00:00:08  -  Total Remote Usage
		Usr 0 00:00:00, Sys 0 00:00:00  -  Total Local Usage
	16218  -  Run Bytes Sent By Job
	1153  -  Run Bytes Received By Job
	16218  -  Total Bytes Sent By Job
	1153  -  Total Bytes Received By Job
	Partitionable Resources :    Usage  Request Allocated 
	   Cpus                 :        0        1         1 
	   Disk (KB)            :     1053        2      2578 
	   GPUs                 :                           0 
	   Memory (MB)          :      425     3000      3000 

	Job terminated of its own accord at 2025-09-01T18:06:37Z with exit-code 0.
...
006 (15637938.001.000) 09/01 20:06:40 Image size of job updated: 430348
	421  -  MemoryUsage of job (MB)
	430348  -  ResidentSetSize of job (KB)
...
040 (15637938.001.000) 09/01 20:06:40 Started transferring output files
...
040 (15637938.001.000) 09/01 20:06:40 Finished transferring output files
...
005 (15637938.001.000) 09/01 20:06:40 Job terminated.
	(1) Normal termination (return value 0)
		Usr 0 00:00:36, Sys 0 00:00:09  -  Run Remote Usage
		Usr 0 00:00:00, Sys 0 00:00:00  -  Run Local Usage
		Usr 0 00:00:36, Sys 0 00:00:09  -  Total Remote Usage
		Usr 0 00:00:00, Sys 0 00:00:00  -  Total Local Usage
	16217  -  Run Bytes Sent By Job
	1153  -  Run Bytes Received By Job
	16217  -  Total Bytes Sent By Job
	1153  -  Total Bytes Received By Job
	Partitionable Resources :    Usage  Request Allocated 
	   Cpus                 :     0.02        1         1 
	   Disk (KB)            :  1053           2      3754 
	   GPUs                 :                           0 
	   Memory (MB)          :   421        3000      3000 

	Job terminated of its own accord at 2025-09-01T18:06:40Z with exit-code 0.
...
